Component: ARM Compiler 5.06 update 6 (build 750) Tool: armlink [4d35ed]

==============================================================================

Section Cross References

    hts221_driver.o(i.HTS221_Activate) refers to hts221_driver.o(i.HTS221_ReadReg) for HTS221_ReadReg
    hts221_driver.o(i.HTS221_Activate) refers to hts221_driver.o(i.HTS221_WriteReg) for HTS221_WriteReg
    hts221_driver.o(i.HTS221_DeActivate) refers to hts221_driver.o(i.HTS221_ReadReg) for HTS221_ReadReg
    hts221_driver.o(i.HTS221_DeActivate) refers to hts221_driver.o(i.HTS221_WriteReg) for HTS221_WriteReg
    hts221_driver.o(i.HTS221_DeInit) refers to hts221_driver.o(i.HTS221_ReadReg) for HTS221_ReadReg
    hts221_driver.o(i.HTS221_DeInit) refers to hts221_driver.o(i.HTS221_WriteReg) for HTS221_WriteReg
    hts221_driver.o(i.HTS221_Get_AvgHT) refers to hts221_driver.o(i.HTS221_ReadReg) for HTS221_ReadReg
    hts221_driver.o(i.HTS221_Get_BduMode) refers to hts221_driver.o(i.HTS221_ReadReg) for HTS221_ReadReg
    hts221_driver.o(i.HTS221_Get_DataStatus) refers to hts221_driver.o(i.HTS221_ReadReg) for HTS221_ReadReg
    hts221_driver.o(i.HTS221_Get_DeviceID) refers to hts221_driver.o(i.HTS221_ReadReg) for HTS221_ReadReg
    hts221_driver.o(i.HTS221_Get_HeaterState) refers to hts221_driver.o(i.HTS221_ReadReg) for HTS221_ReadReg
    hts221_driver.o(i.HTS221_Get_Humidity) refers to hts221_driver.o(i.HTS221_ReadReg) for HTS221_ReadReg
    hts221_driver.o(i.HTS221_Get_Humidity) refers to fflti.o(.text) for __aeabi_i2f
    hts221_driver.o(i.HTS221_Get_Humidity) refers to fmul.o(.text) for __aeabi_fmul
    hts221_driver.o(i.HTS221_Get_Humidity) refers to fdiv.o(.text) for __aeabi_fdiv
    hts221_driver.o(i.HTS221_Get_Humidity) refers to fadd.o(.text) for __aeabi_fadd
    hts221_driver.o(i.HTS221_Get_Humidity) refers to ffixui.o(.text) for __aeabi_f2uiz
    hts221_driver.o(i.HTS221_Get_HumidityRaw) refers to hts221_driver.o(i.HTS221_ReadReg) for HTS221_ReadReg
    hts221_driver.o(i.HTS221_Get_InitConfig) refers to hts221_driver.o(i.HTS221_ReadReg) for HTS221_ReadReg
    hts221_driver.o(i.HTS221_Get_IrqActiveLevel) refers to hts221_driver.o(i.HTS221_ReadReg) for HTS221_ReadReg
    hts221_driver.o(i.HTS221_Get_IrqEnable) refers to hts221_driver.o(i.HTS221_ReadReg) for HTS221_ReadReg
    hts221_driver.o(i.HTS221_Get_IrqOutputType) refers to hts221_driver.o(i.HTS221_ReadReg) for HTS221_ReadReg
    hts221_driver.o(i.HTS221_Get_Measurement) refers to hts221_driver.o(i.HTS221_Get_Temperature) for HTS221_Get_Temperature
    hts221_driver.o(i.HTS221_Get_Measurement) refers to hts221_driver.o(i.HTS221_Get_Humidity) for HTS221_Get_Humidity
    hts221_driver.o(i.HTS221_Get_Odr) refers to hts221_driver.o(i.HTS221_ReadReg) for HTS221_ReadReg
    hts221_driver.o(i.HTS221_Get_PowerDownMode) refers to hts221_driver.o(i.HTS221_ReadReg) for HTS221_ReadReg
    hts221_driver.o(i.HTS221_Get_RawMeasurement) refers to hts221_driver.o(i.HTS221_ReadReg) for HTS221_ReadReg
    hts221_driver.o(i.HTS221_Get_Temperature) refers to hts221_driver.o(i.HTS221_ReadReg) for HTS221_ReadReg
    hts221_driver.o(i.HTS221_Get_Temperature) refers to fflti.o(.text) for __aeabi_i2f
    hts221_driver.o(i.HTS221_Get_Temperature) refers to fmul.o(.text) for __aeabi_fmul
    hts221_driver.o(i.HTS221_Get_Temperature) refers to fdiv.o(.text) for __aeabi_fdiv
    hts221_driver.o(i.HTS221_Get_Temperature) refers to fadd.o(.text) for __aeabi_fadd
    hts221_driver.o(i.HTS221_Get_Temperature) refers to ffixi.o(.text) for __aeabi_f2iz
    hts221_driver.o(i.HTS221_Get_TemperatureRaw) refers to hts221_driver.o(i.HTS221_ReadReg) for HTS221_ReadReg
    hts221_driver.o(i.HTS221_IsMeasurementCompleted) refers to hts221_driver.o(i.HTS221_ReadReg) for HTS221_ReadReg
    hts221_driver.o(i.HTS221_MemoryBoot) refers to hts221_driver.o(i.HTS221_ReadReg) for HTS221_ReadReg
    hts221_driver.o(i.HTS221_MemoryBoot) refers to hts221_driver.o(i.HTS221_WriteReg) for HTS221_WriteReg
    hts221_driver.o(i.HTS221_ReadReg) refers to x_nucleo_iks01a2.o(i.Sensor_IO_Read) for Sensor_IO_Read
    hts221_driver.o(i.HTS221_Set_AvgH) refers to hts221_driver.o(i.HTS221_assert_failed) for HTS221_assert_failed
    hts221_driver.o(i.HTS221_Set_AvgH) refers to hts221_driver.o(i.HTS221_ReadReg) for HTS221_ReadReg
    hts221_driver.o(i.HTS221_Set_AvgH) refers to hts221_driver.o(i.HTS221_WriteReg) for HTS221_WriteReg
    hts221_driver.o(i.HTS221_Set_AvgHT) refers to hts221_driver.o(i.HTS221_assert_failed) for HTS221_assert_failed
    hts221_driver.o(i.HTS221_Set_AvgHT) refers to hts221_driver.o(i.HTS221_ReadReg) for HTS221_ReadReg
    hts221_driver.o(i.HTS221_Set_AvgHT) refers to hts221_driver.o(i.HTS221_WriteReg) for HTS221_WriteReg
    hts221_driver.o(i.HTS221_Set_AvgT) refers to hts221_driver.o(i.HTS221_assert_failed) for HTS221_assert_failed
    hts221_driver.o(i.HTS221_Set_AvgT) refers to hts221_driver.o(i.HTS221_ReadReg) for HTS221_ReadReg
[...]
    ltc2942.o(i.LTC2942_GetJoule) refers to ltc2942.o(i.LTC2942_GetCoulomb) for LTC2942_GetCoulomb
    ltc2942.o(i.LTC2942_GetJoule) refers to fmul.o(.text) for __aeabi_fmul
    ltc2942.o(i.LTC2942_GetStatus) refers to ltc2942.o(i.LTC2942_ReadReg) for LTC2942_ReadReg
    ltc2942.o(i.LTC2942_GetVoltage) refers to ltc2942.o(i.LTC2942_SetADCSingleVoltage) for LTC2942_SetADCSingleVoltage
    ltc2942.o(i.LTC2942_GetVoltage) refers to mlm32l0xx_hal_msp.o(i.HAL_Delay) for HAL_Delay
    ltc2942.o(i.LTC2942_GetVoltage) refers to ltc2942.o(i.LTC2942_ReadReg) for LTC2942_ReadReg
    ltc2942.o(i.LTC2942_GetVoltage) refers to dfltui.o(.text) for __aeabi_ui2d
    ltc2942.o(i.LTC2942_GetVoltage) refers to dmul.o(.text) for __aeabi_dmul
    ltc2942.o(i.LTC2942_GetVoltage) refers to ddiv.o(.text) for __aeabi_ddiv
    ltc2942.o(i.LTC2942_GetVoltage) refers to d2f.o(.text) for __aeabi_d2f
    ltc2942.o(i.LTC2942_GetmAh) refers to ltc2942.o(i.LTC2942_GetAccumulatedCharge) for LTC2942_GetAccumulatedCharge
    ltc2942.o(i.LTC2942_GetmAh) refers to ffltui.o(.text) for __aeabi_ui2f
    ltc2942.o(i.LTC2942_GetmAh) refers to fmul.o(.text) for __aeabi_fmul
    ltc2942.o(i.LTC2942_GetmAh) refers to f2d.o(.text) for __aeabi_f2d
    ltc2942.o(i.LTC2942_GetmAh) refers to dmul.o(.text) for __aeabi_dmul
    ltc2942.o(i.LTC2942_GetmAh) refers to d2f.o(.text) for __aeabi_d2f
    ltc2942.o(i.LTC2942_GetmAh) refers to ddiv.o(.text) for __aeabi_ddiv
    ltc2942.o(i.LTC2942_GetmAh) refers to ltc2942.o(.data) for .data
    ltc2942.o(i.LTC2942_Init) refers to ltc2942.o(i.I2C_Init) for I2C_Init
    ltc2942.o(i.LTC2942_ReadReg) refers to ltc2942.o(i.I2C_ReadData) for I2C_ReadData
    ltc2942.o(i.LTC2942_ReadReg) refers to ltc2942.o(.bss) for .bss
    ltc2942.o(i.LTC2942_SetADCSingleTemperature) refers to ltc2942.o(i.LTC2942_UpdateReg) for LTC2942_UpdateReg
    ltc2942.o(i.LTC2942_SetADCSingleVoltage) refers to ltc2942.o(i.LTC2942_UpdateReg) for LTC2942_UpdateReg
    ltc2942.o(i.LTC2942_SetAccumulatedCharge) refers to ltc2942.o(i.LTC2942_WriteReg) for LTC2942_WriteReg
    ltc2942.o(i.LTC2942_SetAlertConfig) refers to ltc2942.o(i.LTC2942_UpdateReg) for LTC2942_UpdateReg
    ltc2942.o(i.LTC2942_SetPrescaler) refers to ltc2942.o(i.LTC2942_UpdateReg) for LTC2942_UpdateReg
    ltc2942.o(i.LTC2942_SetPrescaler) refers to ltc2942.o(.constdata) for .constdata
    ltc2942.o(i.LTC2942_SetPrescaler) refers to ltc2942.o(.data) for .data
    ltc2942.o(i.LTC2942_SetShutdown) refers to ltc2942.o(i.LTC2942_UpdateReg) for LTC2942_UpdateReg
    ltc2942.o(i.LTC2942_UpdateReg) refers to ltc2942.o(i.LTC2942_ReadReg) for LTC2942_ReadReg
    ltc2942.o(i.LTC2942_UpdateReg) refers to ltc2942.o(i.LTC2942_WriteReg) for LTC2942_WriteReg
    ltc2942.o(i.LTC2942_WriteReg) refers to ltc2942.o(i.I2C_WriteData) for I2C_WriteData
    ltc2942.o(i.LTC2942_WriteReg) refers to ltc2942.o(.bss) for .bss
    bq27441.o(i.BQ27441_Begin) refers to bq27441.o(i.BQ27441_I2C_Init) for BQ27441_I2C_Init
    bq27441.o(i.BQ27441_Begin) refers to bq27441.o(i.BQ27441_DeviceType) for BQ27441_DeviceType
    bq27441.o(i.BQ27441_Begin) refers to vcom2.o(i.vcom2_Send) for vcom2_Send
    bq27441.o(i.BQ27441_BlockDataChecksum) refers to bq27441.o(i.BQ27441_ReadBytes) for BQ27441_ReadBytes
    bq27441.o(i.BQ27441_BlockDataClass) refers to bq27441.o(i.BQ27441_WriteBytes) for BQ27441_WriteBytes
    bq27441.o(i.BQ27441_BlockDataControl) refers to bq27441.o(i.BQ27441_WriteBytes) for BQ27441_WriteBytes
    bq27441.o(i.BQ27441_BlockDataOffset) refers to bq27441.o(i.BQ27441_WriteBytes) for BQ27441_WriteBytes
    bq27441.o(i.BQ27441_Capacity) refers to hts221_driver_hl.o(i.__ARM_common_switch8) for __ARM_common_switch8
    bq27441.o(i.BQ27441_Capacity) refers to bq27441.o(i.BQ27441_ReadWord) for BQ27441_ReadWord
    bq27441.o(i.BQ27441_Capacity) refers to ffltui.o(.text) for __aeabi_ui2f
    bq27441.o(i.BQ27441_Capacity) refers to fdiv.o(.text) for __aeabi_fdiv
    bq27441.o(i.BQ27441_Capacity) refers to ffixui.o(.text) for __aeabi_f2uiz
    bq27441.o(i.BQ27441_Capacity) refers to bq27441.o(.data) for .data
    bq27441.o(i.BQ27441_ChgFlag) refers to bq27441.o(i.BQ27441_Flags) for BQ27441_Flags
    bq27441.o(i.BQ27441_ComputeBlockChecksum) refers to bq27441.o(i.BQ27441_ReadBytes) for BQ27441_ReadBytes
    bq27441.o(i.BQ27441_Current) refers to bq27441.o(i.BQ27441_ReadWord) for BQ27441_ReadWord
    bq27441.o(i.BQ27441_Current) refers to vcom2.o(i.vcom2_Send) for vcom2_Send
    bq27441.o(i.BQ27441_Current) refers to fflti.o(.text) for __aeabi_i2f
    bq27441.o(i.BQ27441_Current) refers to fdiv.o(.text) for __aeabi_fdiv
    bq27441.o(i.BQ27441_Current) refers to ffixi.o(.text) for __aeabi_f2iz
    bq27441.o(i.BQ27441_Current) refers to bq27441.o(.data) for .data
    bq27441.o(i.BQ27441_DeviceType) refers to bq27441.o(i.BQ27441_ReadControlWord) for BQ27441_ReadControlWord
    bq27441.o(i.BQ27441_DsgFlag) refers to bq27441.o(i.BQ27441_Flags) for BQ27441_Flags
    bq27441.o(i.BQ27441_EnterConfig) refers to bq27441.o(i.BQ27441_Sealed) for BQ27441_Sealed
    bq27441.o(i.BQ27441_EnterConfig) refers to bq27441.o(i.BQ27441_Unseal) for BQ27441_Unseal
    bq27441.o(i.BQ27441_EnterConfig) refers to bq27441.o(i.BQ27441_ExecuteControlWord) for BQ27441_ExecuteControlWord
    bq27441.o(i.BQ27441_EnterConfig) refers to mlm32l0xx_hal_msp.o(i.HAL_Delay) for HAL_Delay
    bq27441.o(i.BQ27441_EnterConfig) refers to bq27441.o(i.BQ27441_Flags) for BQ27441_Flags
    bq27441.o(i.BQ27441_EnterConfig) refers to bq27441.o(.data) for .data
    bq27441.o(i.BQ27441_ExecuteControlWord) refers to bq27441.o(i.BQ27441_WriteBytes) for BQ27441_WriteBytes
    bq27441.o(i.BQ27441_ExitConfig) refers to bq27441.o(i.BQ27441_SoftReset) for BQ27441_SoftReset
    bq27441.o(i.BQ27441_ExitConfig) refers to mlm32l0xx_hal_msp.o(i.HAL_Delay) for HAL_Delay
    bq27441.o(i.BQ27441_ExitConfig) refers to bq27441.o(i.BQ27441_Flags) for BQ27441_Flags
    bq27441.o(i.BQ27441_ExitConfig) refers to bq27441.o(i.BQ27441_Seal) for BQ27441_Seal
    bq27441.o(i.BQ27441_ExitConfig) refers to bq27441.o(i.BQ27441_ExecuteControlWord) for BQ27441_ExecuteControlWord
    bq27441.o(i.BQ27441_ExitConfig) refers to bq27441.o(.data) for .data
    bq27441.o(i.BQ27441_FcFlag) refers to bq27441.o(i.BQ27441_Flags) for BQ27441_Flags
    bq27441.o(i.BQ27441_Flags) refers to bq27441.o(i.BQ27441_ReadWord) for BQ27441_ReadWord
    bq27441.o(i.BQ27441_GPOUTFunction) refers to bq27441.o(i.BQ27441_OpConfig) for BQ27441_OpConfig
    bq27441.o(i.BQ27441_GPOUTPolarity) refers to bq27441.o(i.BQ27441_OpConfig) for BQ27441_OpConfig
    bq27441.o(i.BQ27441_I2C_Error) refers to stm32l0xx_hal_i2c.o(i.HAL_I2C_DeInit) for HAL_I2C_DeInit
    bq27441.o(i.BQ27441_I2C_Error) refers to bq27441.o(i.BQ27441_I2C_Init) for BQ27441_I2C_Init
    bq27441.o(i.BQ27441_I2C_Init) refers to stm32l0xx_hal_i2c.o(i.HAL_I2C_GetState) for HAL_I2C_GetState
    bq27441.o(i.BQ27441_I2C_Init) refers to bq27441.o(i.BQ27441_I2C_MspInit) for BQ27441_I2C_MspInit
    bq27441.o(i.BQ27441_I2C_Init) refers to stm32l0xx_hal_i2c.o(i.HAL_I2C_Init) for HAL_I2C_Init
    bq27441.o(i.BQ27441_I2C_Init) refers to bq27441.o(.bss) for .bss
    bq27441.o(i.BQ27441_I2C_MspInit) refers to stm32l0xx_hal_gpio.o(i.HAL_GPIO_Init) for HAL_GPIO_Init
    bq27441.o(i.BQ27441_I2C_MspInit) refers to stm32l0xx_hal_cortex.o(i.HAL_NVIC_SetPriority) for HAL_NVIC_SetPriority
    bq27441.o(i.BQ27441_I2C_MspInit) refers to stm32l0xx_hal_cortex.o(i.HAL_NVIC_EnableIRQ) for HAL_NVIC_EnableIRQ
    bq27441.o(i.BQ27441_I2C_ReadData) refers to stm32l0xx_hal_i2c.o(i.HAL_I2C_Mem_Read) for HAL_I2C_Mem_Read
    bq27441.o(i.BQ27441_I2C_ReadData) refers to bq27441.o(i.BQ27441_I2C_Error) for BQ27441_I2C_Error
    bq27441.o(i.BQ27441_I2C_ReadData) refers to bq27441.o(.data) for .data
    bq27441.o(i.BQ27441_I2C_WriteData) refers to stm32l0xx_hal_i2c.o(i.HAL_I2C_Mem_Write) for HAL_I2C_Mem_Write
    bq27441.o(i.BQ27441_I2C_WriteData) refers to bq27441.o(i.BQ27441_I2C_Error) for BQ27441_I2C_Error
    bq27441.o(i.BQ27441_I2C_WriteData) refers to bq27441.o(.data) for .data
    bq27441.o(i.BQ27441_Init) refers to bq27441.o(i.BQ27441_I2C_Init) for BQ27441_I2C_Init
    bq27441.o(i.BQ27441_ItporFlag) refers to bq27441.o(i.BQ27441_Flags) for BQ27441_Flags
    bq27441.o(i.BQ27441_OpConfig) refers to bq27441.o(i.BQ27441_ReadWord) for BQ27441_ReadWord
    bq27441.o(i.BQ27441_Power) refers to bq27441.o(i.BQ27441_ReadWord) for BQ27441_ReadWord
    bq27441.o(i.BQ27441_Power) refers to fflti.o(.text) for __aeabi_i2f
    bq27441.o(i.BQ27441_Power) refers to fdiv.o(.text) for __aeabi_fdiv
    bq27441.o(i.BQ27441_Power) refers to ffixi.o(.text) for __aeabi_f2iz
    bq27441.o(i.BQ27441_Power) refers to bq27441.o(.data) for .data
    bq27441.o(i.BQ27441_PulseGPOUT) refers to bq27441.o(i.BQ27441_ExecuteControlWord) for BQ27441_ExecuteControlWord
    bq27441.o(i.BQ27441_ReadBlockData) refers to bq27441.o(i.BQ27441_ReadBytes) for BQ27441_ReadBytes
    bq27441.o(i.BQ27441_ReadBytes) refers to bq27441.o(i.BQ27441_I2C_ReadData) for BQ27441_I2C_ReadData
    bq27441.o(i.BQ27441_ReadBytes) refers to bq27441.o(.bss) for .bss
    bq27441.o(i.BQ27441_ReadControlWord) refers to bq27441.o(i.BQ27441_WriteBytes) for BQ27441_WriteBytes
    bq27441.o(i.BQ27441_ReadControlWord) refers to bq27441.o(i.BQ27441_ReadBytes) for BQ27441_ReadBytes
    bq27441.o(i.BQ27441_ReadExtendedData) refers to bq27441.o(i.BQ27441_EnterConfig) for BQ27441_EnterConfig
    bq27441.o(i.BQ27441_ReadExtendedData) refers to bq27441.o(i.BQ27441_BlockDataControl) for BQ27441_BlockDataControl
    bq27441.o(i.BQ27441_ReadExtendedData) refers to bq27441.o(i.BQ27441_BlockDataClass) for BQ27441_BlockDataClass
    bq27441.o(i.BQ27441_ReadExtendedData) refers to bq27441.o(i.BQ27441_BlockDataOffset) for BQ27441_BlockDataOffset
    bq27441.o(i.BQ27441_ReadExtendedData) refers to bq27441.o(i.BQ27441_ComputeBlockChecksum) for BQ27441_ComputeBlockChecksum
    bq27441.o(i.BQ27441_ReadExtendedData) refers to bq27441.o(i.BQ27441_BlockDataChecksum) for BQ27441_BlockDataChecksum
    bq27441.o(i.BQ27441_ReadExtendedData) refers to bq27441.o(i.BQ27441_ReadBlockData) for BQ27441_ReadBlockData
    bq27441.o(i.BQ27441_ReadExtendedData) refers to bq27441.o(i.BQ27441_ExitConfig) for BQ27441_ExitConfig
    bq27441.o(i.BQ27441_ReadExtendedData) refers to bq27441.o(.data) for .data
    bq27441.o(i.BQ27441_ReadWord) refers to bq27441.o(i.BQ27441_ReadBytes) for BQ27441_ReadBytes
    bq27441.o(i.BQ27441_SOC1ClearThreshold) refers to bq27441.o(i.BQ27441_ReadExtendedData) for BQ27441_ReadExtendedData
    bq27441.o(i.BQ27441_SOC1SetThreshold) refers to bq27441.o(i.BQ27441_ReadExtendedData) for BQ27441_ReadExtendedData
    bq27441.o(i.BQ27441_SOCFClearThreshold) refers to bq27441.o(i.BQ27441_ReadExtendedData) for BQ27441_ReadExtendedData
    bq27441.o(i.BQ27441_SOCFSetThreshold) refers to bq27441.o(i.BQ27441_ReadExtendedData) for BQ27441_ReadExtendedData
    bq27441.o(i.BQ27441_Seal) refers to bq27441.o(i.BQ27441_ReadControlWord) for BQ27441_ReadControlWord
    bq27441.o(i.BQ27441_Sealed) refers to bq27441.o(i.BQ27441_Status) for BQ27441_Status
    bq27441.o(i.BQ27441_SetCapacity) refers to bq27441.o(i.BQ27441_WriteExtendedData) for BQ27441_WriteExtendedData
    bq27441.o(i.BQ27441_SetDesignEnergy) refers to bq27441.o(i.BQ27441_WriteExtendedData) for BQ27441_WriteExtendedData
    bq27441.o(i.BQ27441_SetGPOUTFunction) refers to bq27441.o(i.BQ27441_OpConfig) for BQ27441_OpConfig
    bq27441.o(i.BQ27441_SetGPOUTFunction) refers to bq27441.o(i.BQ27441_WriteOpConfig) for BQ27441_WriteOpConfig
    bq27441.o(i.BQ27441_SetGPOUTPolarity) refers to bq27441.o(i.BQ27441_OpConfig) for BQ27441_OpConfig
    bq27441.o(i.BQ27441_SetGPOUTPolarity) refers to bq27441.o(i.BQ27441_WriteOpConfig) for BQ27441_WriteOpConfig
    bq27441.o(i.BQ27441_SetSOCFThresholds) refers to bq27441.o(i.BQ27441_WriteExtendedData) for BQ27441_WriteExtendedData
    bq27441.o(i.BQ27441_SetSOCIDelta) refers to bq27441.o(i.BQ27441_WriteExtendedData) for BQ27441_WriteExtendedData
    bq27441.o(i.BQ27441_SetTaperRate) refers to bq27441.o(i.BQ27441_WriteExtendedData) for BQ27441_WriteExtendedData
    bq27441.o(i.BQ27441_SetTerminateVoltage) refers to bq27441.o(i.BQ27441_WriteExtendedData) for BQ27441_WriteExtendedData
    bq27441.o(i.BQ27441_Soc) refers to bq27441.o(i.BQ27441_ReadWord) for BQ27441_ReadWord
    bq27441.o(i.BQ27441_SocFlag) refers to bq27441.o(i.BQ27441_Flags) for BQ27441_Flags
    bq27441.o(i.BQ27441_SocfFlag) refers to bq27441.o(i.BQ27441_Flags) for BQ27441_Flags
    bq27441.o(i.BQ27441_SociDelta) refers to bq27441.o(i.BQ27441_ReadExtendedData) for BQ27441_ReadExtendedData
    bq27441.o(i.BQ27441_SoftReset) refers to bq27441.o(i.BQ27441_ExecuteControlWord) for BQ27441_ExecuteControlWord
    bq27441.o(i.BQ27441_Soh) refers to bq27441.o(i.BQ27441_ReadWord) for BQ27441_ReadWord
    bq27441.o(i.BQ27441_Status) refers to bq27441.o(i.BQ27441_ReadControlWord) for BQ27441_ReadControlWord
    bq27441.o(i.BQ27441_Temperature) refers to bq27441.o(i.BQ27441_ReadWord) for BQ27441_ReadWord
    bq27441.o(i.BQ27441_Unseal) refers to bq27441.o(i.BQ27441_ReadControlWord) for BQ27441_ReadControlWord
    bq27441.o(i.BQ27441_Voltage) refers to bq27441.o(i.BQ27441_ReadWord) for BQ27441_ReadWord
    bq27441.o(i.BQ27441_WriteBlockChecksum) refers to bq27441.o(i.BQ27441_WriteBytes) for BQ27441_WriteBytes
    bq27441.o(i.BQ27441_WriteBlockData) refers to bq27441.o(i.BQ27441_WriteBytes) for BQ27441_WriteBytes
    bq27441.o(i.BQ27441_WriteBytes) refers to bq27441.o(i.BQ27441_I2C_WriteData) for BQ27441_I2C_WriteData
    bq27441.o(i.BQ27441_WriteBytes) refers to bq27441.o(.bss) for .bss
    bq27441.o(i.BQ27441_WriteExtendedData) refers to bq27441.o(i.BQ27441_EnterConfig) for BQ27441_EnterConfig
    bq27441.o(i.BQ27441_WriteExtendedData) refers to bq27441.o(i.BQ27441_BlockDataControl) for BQ27441_BlockDataControl
    bq27441.o(i.BQ27441_WriteExtendedData) refers to bq27441.o(i.BQ27441_BlockDataClass) for BQ27441_BlockDataClass
    bq27441.o(i.BQ27441_WriteExtendedData) refers to bq27441.o(i.BQ27441_BlockDataOffset) for BQ27441_BlockDataOffset
    bq27441.o(i.BQ27441_WriteExtendedData) refers to bq27441.o(i.BQ27441_ComputeBlockChecksum) for BQ27441_ComputeBlockChecksum
    bq27441.o(i.BQ27441_WriteExtendedData) refers to bq27441.o(i.BQ27441_BlockDataChecksum) for BQ27441_BlockDataChecksum
    bq27441.o(i.BQ27441_WriteExtendedData) refers to bq27441.o(i.BQ27441_WriteBlockData) for BQ27441_WriteBlockData
    bq27441.o(i.BQ27441_WriteExtendedData) refers to bq27441.o(i.BQ27441_WriteBlockChecksum) for BQ27441_WriteBlockChecksum
    bq27441.o(i.BQ27441_WriteExtendedData) refers to bq27441.o(i.BQ27441_ExitConfig) for BQ27441_ExitConfig
    bq27441.o(i.BQ27441_WriteExtendedData) refers to bq27441.o(.data) for .data
    bq27441.o(i.BQ27441_WriteOpConfig) refers to bq27441.o(i.BQ27441_WriteExtendedData) for BQ27441_WriteExtendedData
    bq27441.o(i.BQ27441_setSOC1Thresholds) refers to bq27441.o(i.BQ27441_WriteExtendedData) for BQ27441_WriteExtendedData
    energy.o(i.initEnergyMeasurement) refers to ltc2942.o(i.LTC2942_Init) for LTC2942_Init
    energy.o(i.initEnergyMeasurement) refers to ltc2942.o(i.LTC2942_SetPrescaler) for LTC2942_SetPrescaler
    energy.o(i.initEnergyMeasurement) refers to ltc2942.o(i.LTC2942_SetAlertConfig) for LTC2942_SetAlertConfig
    energy.o(i.initEnergyMeasurement) refers to ltc2942.o(i.LTC2942_SetAccumulatedCharge) for LTC2942_SetAccumulatedCharge
    energy.o(i.initEnergyMeasurement) refers to ltc2942.o(i.LTC2942_SetShutdown) for LTC2942_SetShutdown
    energy.o(i.initEnergyMeasurement) refers to ltc2942.o(i.LTC2942_GetVoltage) for LTC2942_GetVoltage
    energy.o(i.initEnergyMeasurement) refers to fmul.o(.text) for __aeabi_fmul
    energy.o(i.initEnergyMeasurement) refers to ffixui.o(.text) for __aeabi_f2uiz
    energy.o(i.initEnergyMeasurement) refers to ltc2942.o(i.LTC2942_GetControl) for LTC2942_GetControl
    energy.o(i.startEnergyMeasurement) refers to ltc2942.o(i.LTC2942_SetShutdown) for LTC2942_SetShutdown
    energy.o(i.startEnergyMeasurement) refers to ltc2942.o(i.LTC2942_SetAccumulatedCharge) for LTC2942_SetAccumulatedCharge
    energy.o(i.startEnergyMeasurement) refers to ltc2942.o(i.LTC2942_GetmAh) for LTC2942_GetmAh
    energy.o(i.startEnergyMeasurement) refers to fmul.o(.text) for __aeabi_fmul
    energy.o(i.startEnergyMeasurement) refers to ffixui.o(.text) for __aeabi_f2uiz
    energy.o(i.stopEnergyMeasurement) refers to ffltui.o(.text) for __aeabi_ui2f
    energy.o(i.stopEnergyMeasurement) refers to ltc2942.o(i.LTC2942_GetmAh) for LTC2942_GetmAh
    energy.o(i.stopEnergyMeasurement) refers to fmul.o(.text) for __aeabi_fmul
    energy.o(i.stopEnergyMeasurement) refers to fadd.o(.text) for __aeabi_fsub
    energy.o(i.stopEnergyMeasurement) refers to ffixui.o(.text) for __aeabi_f2uiz
    energy.o(i.stopEnergyMeasurement) refers to ltc2942.o(i.LTC2942_GetVoltage) for LTC2942_GetVoltage
    energy.o(i.stopEnergyMeasurement) refers to ltc2942.o(i.LTC2942_SetShutdown) for LTC2942_SetShutdown
    lorawan.o(i.LORA_ConfirmClass) refers to lora.o(i.LORA_send) for LORA_send
    lorawan.o(i.LORA_ConfirmClass) refers to lorawan.o(.data) for .data
    lorawan.o(i.LORA_Done) refers to energy.o(i.stopEnergyMeasurement) for stopEnergyMeasurement
    lorawan.o(i.LORA_Done) refers to ffltui.o(.text) for __aeabi_ui2f
    lorawan.o(i.LORA_Done) refers to fmul.o(.text) for __aeabi_fmul
    lorawan.o(i.LORA_Done) refers to f2d.o(.text) for __aeabi_f2d
    lorawan.o(i.LORA_Done) refers to vcom2.o(i.vcom2_Send) for vcom2_Send
    lorawan.o(i.LORA_GetBatteryLevel) refers to mlm32l0xx_hw.o(i.HW_GetBatteryLevel) for HW_GetBatteryLevel
    lorawan.o(i.LORA_GetBatteryLevel) refers to uidiv.o(.text) for __aeabi_uidivmod
    lorawan.o(i.LORA_HasJoined) refers to vcom2.o(i.vcom2_Send) for vcom2_Send
    lorawan.o(i.LORA_HasJoined) refers to lora.o(i.LORA_RequestClass) for LORA_RequestClass
    lorawan.o(i.LORA_HasJoined) refers to energy.o(i.stopEnergyMeasurement) for stopEnergyMeasurement
    lorawan.o(i.LORA_HasJoined) refers to lorawan.o(.data) for .data
    lorawan.o(i.LORA_RxData) refers to vcom2.o(i.vcom2_Send) for vcom2_Send
    lorawan.o(i.LORA_RxData) refers to b-l072z-lrwan1.o(i.BSP_LED_On) for BSP_LED_On
    lorawan.o(i.LORA_RxData) refers to lora.o(i.LORA_RequestClass) for LORA_RequestClass
    lorawan.o(i.LORA_RxData) refers to b-l072z-lrwan1.o(i.BSP_LED_Off) for BSP_LED_Off
    lorawan.o(i.LORA_RxData) refers to lorawan.o(.data) for .data
    lorawan.o(i.LORA_TxNeeded) refers to lora.o(i.LORA_send) for LORA_send
    lorawan.o(i.LORA_TxNeeded) refers to lorawan.o(.data) for .data
    lorawan.o(i.LoraMacProcessNotify) refers to lorawan.o(.data) for .data
    lorawan.o(i.OnTimerLedEvent) refers to b-l072z-lrwan1.o(i.BSP_LED_Off) for BSP_LED_Off
    lorawan.o(i.initLoRaWAN) refers to energy.o(i.startEnergyMeasurement) for startEnergyMeasurement
    lorawan.o(i.initLoRaWAN) refers to lora.o(i.LORA_Init) for LORA_Init
    lorawan.o(i.initLoRaWAN) refers to energy.o(i.stopEnergyMeasurement) for stopEnergyMeasurement
    lorawan.o(i.initLoRaWAN) refers to lorawan.o(.data) for .data
    lorawan.o(i.registerLoRaWAN) refers to energy.o(i.startEnergyMeasurement) for startEnergyMeasurement
    lorawan.o(i.registerLoRaWAN) refers to lora.o(i.LORA_Join) for LORA_Join
    lorawan.o(i.sendLoRaWAN) refers to energy.o(i.startEnergyMeasurement) for startEnergyMeasurement
    lorawan.o(i.sendLoRaWAN) refers to lora.o(i.LORA_JoinStatus) for LORA_JoinStatus
    lorawan.o(i.sendLoRaWAN) refers to lora.o(i.LORA_Join) for LORA_Join
    lorawan.o(i.sendLoRaWAN) refers to lora.o(i.LORA_send) for LORA_send
    lorawan.o(i.sendLoRaWAN) refers to lorawan.o(.data) for .data
    lorawan.o(.data) refers to lorawan.o(.bss) for AppDataBuff
    lorawan.o(.data) refers to lorawan.o(i.LORA_GetBatteryLevel) for LORA_GetBatteryLevel
    lorawan.o(.data) refers to mlm32l0xx_hw.o(i.HW_GetTemperatureLevel) for HW_GetTemperatureLevel
    lorawan.o(.data) refers to mlm32l0xx_hw.o(i.HW_GetUniqueId) for HW_GetUniqueId
    lorawan.o(.data) refers to mlm32l0xx_hw.o(i.HW_GetRandomSeed) for HW_GetRandomSeed
    lorawan.o(.data) refers to lorawan.o(i.LORA_RxData) for LORA_RxData
    lorawan.o(.data) refers to lorawan.o(i.LORA_HasJoined) for LORA_HasJoined
    lorawan.o(.data) refers to lorawan.o(i.LORA_ConfirmClass) for LORA_ConfirmClass
    lorawan.o(.data) refers to lorawan.o(i.LORA_TxNeeded) for LORA_TxNeeded
    lorawan.o(.data) refers to lorawan.o(i.LoraMacProcessNotify) for LoraMacProcessNotify
    lorawan.o(.data) refers to lorawan.o(i.LORA_Done) for LORA_Done
    nbiot.o(i.initNBIoT) refers to energy.o(i.startEnergyMeasurement) for startEnergyMeasurement
    nbiot.o(i.initNBIoT) refers to bg96.o(i.BG96_Init) for BG96_Init
    nbiot.o(i.initNBIoT) refers to bg96.o(i.BG96_PowerOn) for BG96_PowerOn
    nbiot.o(i.initNBIoT) refers to memseta.o(.text) for __aeabi_memclr4
    nbiot.o(i.initNBIoT) refers to bg96.o(i.BG96_SendATCommandGetReply) for BG96_SendATCommandGetReply
    nbiot.o(i.initNBIoT) refers to bg96.o(i.BG96_SetErrorFormat) for BG96_SetErrorFormat
    nbiot.o(i.initNBIoT) refers to bg96.o(i.BG96_ConfigureURCIndication) for BG96_ConfigureURCIndication
    nbiot.o(i.initNBIoT) refers to bg96.o(i.BG96_SetNetworkReporting) for BG96_SetNetworkReporting
    nbiot.o(i.initNBIoT) refers to bg96.o(i.BG96_SetModemOptimization) for BG96_SetModemOptimization
    nbiot.o(i.initNBIoT) refers to bg96.o(i.BG96_SetPowerSavingMode) for BG96_SetPowerSavingMode
    nbiot.o(i.initNBIoT) refers to bg96.o(i.BG96_SetEDRXConfiguration) for BG96_SetEDRXConfiguration
    nbiot.o(i.initNBIoT) refers to bg96.o(i.BG96_SetMode) for BG96_SetMode
    nbiot.o(i.initNBIoT) refers to vcom2.o(i.vcom2_Send) for vcom2_Send
    nbiot.o(i.initNBIoT) refers to energy.o(i.stopEnergyMeasurement) for stopEnergyMeasurement
    nbiot.o(i.registerNBIoT) refers to energy.o(i.startEnergyMeasurement) for startEnergyMeasurement
    nbiot.o(i.registerNBIoT) refers to bg96.o(i.BG96_ConfigureContext) for BG96_ConfigureContext
    nbiot.o(i.registerNBIoT) refers to bg96.o(i.BG96_SetPDPContext) for BG96_SetPDPContext
    nbiot.o(i.registerNBIoT) refers to bg96.o(i.BG96_SelectNetwork) for BG96_SelectNetwork
    nbiot.o(i.registerNBIoT) refers to bg96.o(i.BG96_ConnectToOperator) for BG96_ConnectToOperator
    nbiot.o(i.registerNBIoT) refers to bg96.o(i.BG96_SetPowerSavingMode) for BG96_SetPowerSavingMode
    nbiot.o(i.registerNBIoT) refers to bg96.o(i.BG96_SetEDRXConfiguration) for BG96_SetEDRXConfiguration
    nbiot.o(i.registerNBIoT) refers to bg96.o(i.BG96_SetPowerSavingModeSettings) for BG96_SetPowerSavingModeSettings
    nbiot.o(i.registerNBIoT) refers to bg96.o(i.BG96_SetModemOptimization) for BG96_SetModemOptimization
    nbiot.o(i.registerNBIoT) refers to bg96.o(i.BG96_GetCELevel) for BG96_GetCELevel
    nbiot.o(i.registerNBIoT) refers to bg96.o(i.BG96_GetNetworkStatus) for BG96_GetNetworkStatus
    nbiot.o(i.registerNBIoT) refers to bg96.o(i.BG96_GetPowerSavingMode) for BG96_GetPowerSavingMode
    nbiot.o(i.registerNBIoT) refers to bg96.o(i.BG96_GetEDRXConfiguration) for BG96_GetEDRXConfiguration
    nbiot.o(i.registerNBIoT) refers to energy.o(i.stopEnergyMeasurement) for stopEnergyMeasurement
    nbiot.o(i.registerNBIoT) refers to bg96.o(i.BG96_SetPowerSavingModeImmediately) for BG96_SetPowerSavingModeImmediately
    nbiot.o(i.registerNBIoT) refers to nbiot.o(i.sendNBIoT) for sendNBIoT
    nbiot.o(i.sendNBIoT) refers to bg96.o(i.BG96_Init) for BG96_Init
    nbiot.o(i.sendNBIoT) refers to energy.o(i.startEnergyMeasurement) for startEnergyMeasurement
    nbiot.o(i.sendNBIoT) refers to bg96.o(i.BG96_WakeFromPSMToSend) for BG96_WakeFromPSMToSend
    nbiot.o(i.sendNBIoT) refers to mlm32l0xx_hal_msp.o(i.HAL_Delay) for HAL_Delay
    nbiot.o(i.sendNBIoT) refers to bg96.o(i.BG96_UDP_Start) for BG96_UDP_Start
    nbiot.o(i.sendNBIoT) refers to bg96.o(i.BG96_UDP_SendData) for BG96_UDP_SendData
    nbiot.o(i.sendNBIoT) refers to bg96.o(i.BG96_UDP_Stop) for BG96_UDP_Stop
    nbiot.o(i.sendNBIoT) refers to bg96.o(i.BG96_DeactivateContext) for BG96_DeactivateContext
    nbiot.o(i.sendNBIoT) refers to vcom2.o(i.vcom2_Send) for vcom2_Send
    nbiot.o(i.sendNBIoT) refers to bg96.o(i.BG96_SetPowerSavingModeImmediately) for BG96_SetPowerSavingModeImmediately
    nbiot.o(i.sendNBIoT) refers to bg96.o(i.BG96_IsPoweredDown) for BG96_IsPoweredDown
    nbiot.o(i.sendNBIoT) refers to bg96.o(i.BG96_WaitForPowerDown) for BG96_WaitForPowerDown
    nbiot.o(i.sendNBIoT) refers to nbiot.o(i.stopEnergyMeasurementNBIoT) for stopEnergyMeasurementNBIoT
    nbiot.o(i.sendNBIoT) refers to bg96.o(i.BG96_DeInit) for BG96_DeInit
    nbiot.o(i.sendNBIoT) refers to bg96.o(i.BG96_IoDeInit) for BG96_IoDeInit
    nbiot.o(i.stopEnergyMeasurementNBIoT) refers to energy.o(i.stopEnergyMeasurement) for stopEnergyMeasurement
    nbiot.o(i.stopEnergyMeasurementNBIoT) refers to ffltui.o(.text) for __aeabi_ui2f
    nbiot.o(i.stopEnergyMeasurementNBIoT) refers to fmul.o(.text) for __aeabi_fmul
    nbiot.o(i.stopEnergyMeasurementNBIoT) refers to ffixui.o(.text) for __aeabi_f2uiz
    nbiot.o(i.stopEnergyMeasurementNBIoT) refers to ltc2942.o(i.LTC2942_SetShutdown) for LTC2942_SetShutdown
    nbiot.o(i.stopEnergyMeasurementNBIoT) refers to vcom2.o(i.vcom2_Send) for vcom2_Send
    nbiot.o(i.stopEnergyMeasurementNBIoT) refers to nbiot.o(.conststring) for .conststring
    sigfox.o(i.initSigfox) refers to energy.o(i.startEnergyMeasurement) for startEnergyMeasurement
    sigfox.o(i.initSigfox) refers to mlm32l07x01.o(i.SX1276SetXO) for SX1276SetXO
    sigfox.o(i.initSigfox) refers to memcpya.o(.text) for __aeabi_memcpy4
    sigfox.o(i.initSigfox) refers to sigfox.o(i.st_sigfox_open) for st_sigfox_open
    sigfox.o(i.initSigfox) refers to hw_eeprom.o(i.HW_EEPROM_Unlock) for HW_EEPROM_Unlock
    sigfox.o(i.initSigfox) refers to hw_eeprom.o(i.HW_EEPROM_Lock) for HW_EEPROM_Lock
    sigfox.o(i.initSigfox) refers to vcom2.o(i.vcom2_Send) for vcom2_Send
    sigfox.o(i.initSigfox) refers to sigfox_api.o(i.SIGFOX_API_get_device_id) for SIGFOX_API_get_device_id
    sigfox.o(i.initSigfox) refers to sigfox_api.o(i.SIGFOX_API_get_initial_pac) for SIGFOX_API_get_initial_pac
    sigfox.o(i.initSigfox) refers to sgfxsx1276modulation-lib.o(i.SGFX_SX1276_setPower) for SGFX_SX1276_setPower
    sigfox.o(i.initSigfox) refers to energy.o(i.stopEnergyMeasurement) for stopEnergyMeasurement
    sigfox.o(i.initSigfox) refers to sigfox.o(.constdata) for .constdata
    sigfox.o(i.initSigfox) refers to hw_eeprom.o(eeprom_sect) for E2pData
    sigfox.o(i.sendSigfox) refers to energy.o(i.startEnergyMeasurement) for startEnergyMeasurement
    sigfox.o(i.sendSigfox) refers to sigfox_api.o(i.SIGFOX_API_close) for SIGFOX_API_close
    sigfox.o(i.sendSigfox) refers to memcpya.o(.text) for __aeabi_memcpy4
    sigfox.o(i.sendSigfox) refers to sigfox.o(i.st_sigfox_open) for st_sigfox_open
    sigfox.o(i.sendSigfox) refers to hw_eeprom.o(i.HW_EEPROM_Unlock) for HW_EEPROM_Unlock
    sigfox.o(i.sendSigfox) refers to hw_eeprom.o(i.HW_EEPROM_Lock) for HW_EEPROM_Lock
    sigfox.o(i.sendSigfox) refers to vcom2.o(i.vcom2_Send) for vcom2_Send
    sigfox.o(i.sendSigfox) refers to sigfox_api.o(i.SIGFOX_API_send_frame) for SIGFOX_API_send_frame
    sigfox.o(i.sendSigfox) refers to energy.o(i.stopEnergyMeasurement) for stopEnergyMeasurement
    sigfox.o(i.sendSigfox) refers to ffltui.o(.text) for __aeabi_ui2f
    sigfox.o(i.sendSigfox) refers to fmul.o(.text) for __aeabi_fmul
    sigfox.o(i.sendSigfox) refers to f2d.o(.text) for __aeabi_f2d
    sigfox.o(i.sendSigfox) refers to sigfox.o(.constdata) for .constdata
    sigfox.o(i.sendSigfox) refers to hw_eeprom.o(eeprom_sect) for E2pData
    sigfox.o(i.send_data_request) refers to scheduler.o(i.SCH_SetTask) for SCH_SetTask
    sigfox.o(i.send_data_request_from_irq) refers to scheduler.o(i.SCH_SetTask) for SCH_SetTask
    sigfox.o(i.st_sigfox_open) refers to sigfox_api.o(i.SIGFOX_API_open) for SIGFOX_API_open
    sigfox.o(i.st_sigfox_open) refers to sigfox_api.o(i.SIGFOX_API_set_std_config) for SIGFOX_API_set_std_config
    sigfox.o(i.st_sigfox_open) refers to sigfox.o(.constdata) for .constdata
    sigfox.o(i.st_sigfox_open) refers to sigfox.o(.data) for .data
    sigfox.o(i.user_button_init) refers to memseta.o(.text) for __aeabi_memclr4
    sigfox.o(i.user_button_init) refers to hw_gpio.o(i.HW_GPIO_Init) for HW_GPIO_Init
    sigfox.o(i.user_button_init) refers to hw_gpio.o(i.HW_GPIO_SetIrq) for HW_GPIO_SetIrq
    sigfox.o(i.user_button_init) refers to sigfox.o(i.send_data_request_from_irq) for send_data_request_from_irq
    main.o(i.SCH_Idle) refers to lorawan.o(i.sendLoRaWAN) for sendLoRaWAN
    main.o(i.SCH_Idle) refers to loramac.o(i.LoRaMacProcess) for LoRaMacProcess
    main.o(i.SCH_Idle) refers to low_power_manager.o(i.LPM_EnterLowPower) for LPM_EnterLowPower
    main.o(i.SCH_Idle) refers to lorawan.o(.data) for AppProcessRequest
    main.o(i.SCH_Idle) refers to lorawan.o(.data) for LoraMacProcessRequest
    main.o(i.main) refers to stm32l0xx_hal.o(i.HAL_Init) for HAL_Init
    main.o(i.main) refers to mlm32l0xx_hw.o(i.SystemClock_Config) for SystemClock_Config
    main.o(i.main) refers to debug.o(i.DBG_Init) for DBG_Init
    main.o(i.main) refers to mlm32l0xx_hw.o(i.HW_Init) for HW_Init
    main.o(i.main) refers to hw_eeprom.o(i.HW_EEPROM_Init) for HW_EEPROM_Init
    main.o(i.main) refers to vcom2.o(i.vcom2_Init) for vcom2_Init
    main.o(i.main) refers to stm32l0xx_hal_gpio.o(i.HAL_GPIO_Init) for HAL_GPIO_Init
    main.o(i.main) refers to stm32l0xx_hal_gpio.o(i.HAL_GPIO_WritePin) for HAL_GPIO_WritePin
    main.o(i.main) refers to mlm32l0xx_hal_msp.o(i.HAL_Delay) for HAL_Delay
    main.o(i.main) refers to b-l072z-lrwan1.o(i.BSP_LED_Init) for BSP_LED_Init
    main.o(i.main) refers to low_power_manager.o(i.LPM_SetOffMode) for LPM_SetOffMode
    main.o(i.main) refers to low_power_manager.o(i.LPM_SetStopMode) for LPM_SetStopMode
    main.o(i.main) refers to vcom2.o(i.vcom2_Send) for vcom2_Send
    main.o(i.main) refers to stm32l0xx_hal_rng.o(i.HAL_RNG_Init) for HAL_RNG_Init
    main.o(i.main) refers to stm32l0xx_hal_rng.o(i.HAL_RNG_GenerateRandomNumber) for HAL_RNG_GenerateRandomNumber
    main.o(i.main) refers to uidiv.o(.text) for __aeabi_uidivmod
    main.o(i.main) refers to stm32l0xx_hal_rng.o(i.HAL_RNG_DeInit) for HAL_RNG_DeInit
    main.o(i.main) refers to energy.o(i.initEnergyMeasurement) for initEnergyMeasurement
    main.o(i.main) refers to nbiot.o(i.initNBIoT) for initNBIoT
    main.o(i.main) refers to sigfox.o(i.initSigfox) for initSigfox
    main.o(i.main) refers to lorawan.o(i.initLoRaWAN) for initLoRaWAN
    main.o(i.main) refers to nbiot.o(i.registerNBIoT) for registerNBIoT
    main.o(i.main) refers to sigfox.o(i.registerSigfox) for registerSigfox
    main.o(i.main) refers to lorawan.o(i.registerLoRaWAN) for registerLoRaWAN
    main.o(i.main) refers to scheduler.o(i.SCH_RegTask) for SCH_RegTask
    main.o(i.main) refers to sigfox.o(i.user_button_init) for user_button_init
    main.o(i.main) refers to timeserver.o(i.TimerInit) for TimerInit
    main.o(i.main) refers to timeserver.o(i.TimerSetValue) for TimerSetValue
    main.o(i.main) refers to timeserver.o(i.TimerStart) for TimerStart
    main.o(i.main) refers to scheduler.o(i.SCH_Run) for SCH_Run
    main.o(i.main) refers to main.o(.bss) for .bss
    main.o(i.main) refers to main.o(i.sendTest) for sendTest
    main.o(i.main) refers to main.o(i.onTimerEvent) for onTimerEvent
    main.o(i.onTimerEvent) refers to sigfox.o(i.send_data_request) for send_data_request
    main.o(i.sendTest) refers to hw_gpio.o(i.HW_GPIO_SetIrq) for HW_GPIO_SetIrq
    main.o(i.sendTest) refers to vcom2.o(i.vcom2_Send) for vcom2_Send
    main.o(i.sendTest) refers to nbiot.o(i.sendNBIoT) for sendNBIoT
    main.o(i.sendTest) refers to mlm32l0xx_hal_msp.o(i.HAL_Delay) for HAL_Delay
    main.o(i.sendTest) refers to sigfox.o(i.sendSigfox) for sendSigfox
    main.o(i.sendTest) refers to loramac.o(i.LoRaMacInitializationReset) for LoRaMacInitializationReset
    main.o(i.sendTest) refers to lorawan.o(i.sendLoRaWAN) for sendLoRaWAN
    main.o(i.sendTest) refers to timeserver.o(i.TimerStart) for TimerStart
    main.o(i.sendTest) refers to sigfox.o(i.send_data_request_from_irq) for send_data_request_from_irq
    main.o(i.sendTest) refers to main.o(.bss) for .bss
    sigfox_api.o(i.SIGFOX_API_close) refers to mcu_api.o(i.MCU_API_free) for MCU_API_free
    sigfox_api.o(i.SIGFOX_API_close) refers to sigfox_internal.o(i.RETURN_CODE) for RETURN_CODE
    sigfox_api.o(i.SIGFOX_API_close) refers to sigfox_api.o(.data) for .data
    sigfox_api.o(i.SIGFOX_API_get_device_id) refers to sigfox_internal.o(i.SIGFOX_INT_get_device_id) for SIGFOX_INT_get_device_id
    sigfox_api.o(i.SIGFOX_API_get_info) refers to sigfox_api.o(.data) for .data
    sigfox_api.o(i.SIGFOX_API_get_initial_pac) refers to sgfx_cmac_lib.o(i.SE_API_open) for SE_API_open
    sigfox_api.o(i.SIGFOX_API_get_initial_pac) refers to sgfx_cmac_lib.o(i.SE_API_get_initial_pac) for SE_API_get_initial_pac
    sigfox_api.o(i.SIGFOX_API_get_initial_pac) refers to sgfx_cmac_lib.o(i.SE_API_close) for SE_API_close
    sigfox_api.o(i.SIGFOX_API_get_initial_pac) refers to sigfox_internal.o(i.RETURN_CODE) for RETURN_CODE
    sigfox_api.o(i.SIGFOX_API_get_version) refers to mcu_api.o(i.MCU_API_get_version) for MCU_API_get_version
    sigfox_api.o(i.SIGFOX_API_get_version) refers to rf_api.o(i.RF_API_get_version) for RF_API_get_version
    sigfox_api.o(i.SIGFOX_API_get_version) refers to sgfx_cmac_lib.o(i.SE_API_get_version) for SE_API_get_version
    sigfox_api.o(i.SIGFOX_API_get_version) refers to sigfox_internal.o(i.RETURN_CODE) for RETURN_CODE
    sigfox_api.o(i.SIGFOX_API_get_version) refers to sigfox_api.o(.constdata) for .constdata
    sigfox_api.o(i.SIGFOX_API_open) refers to mcu_api.o(i.MCU_API_get_nv_mem) for MCU_API_get_nv_mem
    sigfox_api.o(i.SIGFOX_API_open) refers to mcu_api.o(i.MCU_API_malloc) for MCU_API_malloc
    sigfox_api.o(i.SIGFOX_API_open) refers to sigfox_internal.o(i.SIGFOX_INT_get_device_id) for SIGFOX_INT_get_device_id
    sigfox_api.o(i.SIGFOX_API_open) refers to mcu_api.o(i.MCU_API_free) for MCU_API_free
    sigfox_api.o(i.SIGFOX_API_open) refers to sigfox_internal.o(i.RETURN_CODE) for RETURN_CODE
    sigfox_api.o(i.SIGFOX_API_open) refers to sigfox_api.o(.data) for .data
    sigfox_api.o(i.SIGFOX_API_receive_test_frame) refers to sigfox_internal.o(i.SIGFOX_INT_compute_downlink_frequency) for SIGFOX_INT_compute_downlink_frequency
    sigfox_api.o(i.SIGFOX_API_receive_test_frame) refers to sigfox_internal.o(i.SIGFOX_INT_downlink_configuration) for SIGFOX_INT_downlink_configuration
    sigfox_api.o(i.SIGFOX_API_receive_test_frame) refers to sigfox_internal.o(i.SIGFOX_INT_get_received_frames) for SIGFOX_INT_get_received_frames
    sigfox_api.o(i.SIGFOX_API_receive_test_frame) refers to sigfox_api.o(.data) for .data
    sigfox_api.o(i.SIGFOX_API_send_bit) refers to sigfox_internal.o(i.SIGFOX_INT_execute_communication_sequence) for SIGFOX_INT_execute_communication_sequence
    sigfox_api.o(i.SIGFOX_API_send_bit) refers to sigfox_api.o(.data) for .data
    sigfox_api.o(i.SIGFOX_API_send_frame) refers to sigfox_internal.o(i.SIGFOX_INT_execute_communication_sequence) for SIGFOX_INT_execute_communication_sequence
    sigfox_api.o(i.SIGFOX_API_send_frame) refers to sigfox_api.o(.data) for .data
    sigfox_api.o(i.SIGFOX_API_send_outofband) refers to sigfox_internal.o(i.SIGFOX_INT_execute_communication_sequence) for SIGFOX_INT_execute_communication_sequence
    sigfox_api.o(i.SIGFOX_API_send_outofband) refers to sigfox_api.o(.data) for .data
    sigfox_api.o(i.SIGFOX_API_send_test_frame) refers to sigfox_internal.o(i.SIGFOX_INT_prepare_transmission) for SIGFOX_INT_prepare_transmission
    sigfox_api.o(i.SIGFOX_API_send_test_frame) refers to sigfox_internal.o(i.SIGFOX_INT_store_nvm) for SIGFOX_INT_store_nvm
    sigfox_api.o(i.SIGFOX_API_send_test_frame) refers to sigfox_internal.o(i.RETURN_CODE) for RETURN_CODE
    sigfox_api.o(i.SIGFOX_API_send_test_frame) refers to sigfox_internal.o(i.SIGFOX_INT_compute_uplink_frequency) for SIGFOX_INT_compute_uplink_frequency
    sigfox_api.o(i.SIGFOX_API_send_test_frame) refers to sigfox_internal.o(i.SIGFOX_INT_send_single_frame) for SIGFOX_INT_send_single_frame
    sigfox_api.o(i.SIGFOX_API_send_test_frame) refers to sigfox_api.o(.data) for .data
    sigfox_api.o(i.SIGFOX_API_set_rc_sync_period) refers to sgfx_cmac_lib.o(i.SE_API_set_rc_sync_period) for SE_API_set_rc_sync_period
    sigfox_api.o(i.SIGFOX_API_set_rc_sync_period) refers to sigfox_internal.o(i.RETURN_CODE) for RETURN_CODE
    sigfox_api.o(i.SIGFOX_API_set_std_config) refers to sigfox_internal.o(i.SIGFOX_INT_get_max_micro_channel) for SIGFOX_INT_get_max_micro_channel
    sigfox_api.o(i.SIGFOX_API_set_std_config) refers to sigfox_api.o(.data) for .data
    sigfox_api.o(i.SIGFOX_API_start_continuous_transmission) refers to rf_api.o(i.RF_API_init) for RF_API_init
    sigfox_api.o(i.SIGFOX_API_start_continuous_transmission) refers to rf_api.o(i.RF_API_change_frequency) for RF_API_change_frequency
    sigfox_api.o(i.SIGFOX_API_start_continuous_transmission) refers to rf_api.o(i.RF_API_start_continuous_transmission) for RF_API_start_continuous_transmission
    sigfox_api.o(i.SIGFOX_API_start_continuous_transmission) refers to rf_api.o(i.RF_API_stop) for RF_API_stop
    sigfox_api.o(i.SIGFOX_API_start_continuous_transmission) refers to sigfox_internal.o(i.RETURN_CODE) for RETURN_CODE
    sigfox_api.o(i.SIGFOX_API_start_continuous_transmission) refers to sigfox_api.o(.data) for .data
    sigfox_api.o(i.SIGFOX_API_stop_continuous_transmission) refers to rf_api.o(i.RF_API_stop_continuous_transmission) for RF_API_stop_continuous_transmission
    sigfox_api.o(i.SIGFOX_API_stop_continuous_transmission) refers to rf_api.o(i.RF_API_stop) for RF_API_stop
    sigfox_api.o(i.SIGFOX_API_stop_continuous_transmission) refers to sigfox_internal.o(i.RETURN_CODE) for RETURN_CODE
    sigfox_api.o(i.SIGFOX_API_stop_continuous_transmission) refers to sigfox_api.o(.data) for .data
    sgfxsx1276modulation-lib.o(i.SGFX_SX1276_getPower) refers to st_lowlevel.o(i.STLL_RadioPowerGet) for STLL_RadioPowerGet
    sgfxsx1276modulation-lib.o(i.SGFX_SX1276_get_version) refers to sgfxsx1276modulation-lib.o(.data) for .data
    sgfxsx1276modulation-lib.o(i.SGFX_SX1276_rx_config) refers to st_lowlevel.o(i.STLL_Radio_Init) for STLL_Radio_Init
    sgfxsx1276modulation-lib.o(i.SGFX_SX1276_rx_config) refers to memcpya.o(.text) for __aeabi_memcpy4
    sgfxsx1276modulation-lib.o(i.SGFX_SX1276_rx_config) refers to st_lowlevel.o(i.STLL_Radio_WriteReg) for STLL_Radio_WriteReg
    sgfxsx1276modulation-lib.o(i.SGFX_SX1276_rx_config) refers to st_lowlevel.o(i.STLL_Radio_IoInit) for STLL_Radio_IoInit
    sgfxsx1276modulation-lib.o(i.SGFX_SX1276_rx_config) refers to sgfxsx1276modulation-lib.o(.constdata) for .constdata
    sgfxsx1276modulation-lib.o(i.SGFX_SX1276_rx_setbw) refers to st_lowlevel.o(i.STLL_Radio_WriteReg) for STLL_Radio_WriteReg
    sgfxsx1276modulation-lib.o(i.SGFX_SX1276_rx_start) refers to st_lowlevel.o(i.STLL_Radio_SetOpMode) for STLL_Radio_SetOpMode
    sgfxsx1276modulation-lib.o(i.SGFX_SX1276_rx_stop) refers to st_lowlevel.o(i.STLL_Radio_ReadReg) for STLL_Radio_ReadReg
    sgfxsx1276modulation-lib.o(i.SGFX_SX1276_rx_stop) refers to st_lowlevel.o(i.STLL_Radio_ReadFifo) for STLL_Radio_ReadFifo
    sgfxsx1276modulation-lib.o(i.SGFX_SX1276_setPower) refers to st_lowlevel.o(i.STLL_RadioPowerSetEeprom) for STLL_RadioPowerSetEeprom
    sgfxsx1276modulation-lib.o(i.SGFX_SX1276_start_txtest_cw) refers to st_lowlevel.o(i.STLL_RadioPowerGet) for STLL_RadioPowerGet
    sgfxsx1276modulation-lib.o(i.SGFX_SX1276_start_txtest_cw) refers to st_lowlevel.o(i.STLL_Radio_SetOpMode) for STLL_Radio_SetOpMode
    sgfxsx1276modulation-lib.o(i.SGFX_SX1276_start_txtest_cw) refers to sgfxsx1276modulation-lib.o(i.TX_Start_CW) for TX_Start_CW
    sgfxsx1276modulation-lib.o(i.SGFX_SX1276_start_txtest_prbs9) refers to st_lowlevel.o(i.STLL_RadioPowerGet) for STLL_RadioPowerGet
    sgfxsx1276modulation-lib.o(i.SGFX_SX1276_start_txtest_prbs9) refers to st_lowlevel.o(i.STLL_Radio_SetOpMode) for STLL_Radio_SetOpMode
    sgfxsx1276modulation-lib.o(i.SGFX_SX1276_start_txtest_prbs9) refers to sgfxsx1276modulation-lib.o(i.TX_Start_PRBS9) for TX_Start_PRBS9
    sgfxsx1276modulation-lib.o(i.SGFX_SX1276_stop) refers to st_lowlevel.o(i.STLL_Radio_DeInit) for STLL_Radio_DeInit
    sgfxsx1276modulation-lib.o(i.SGFX_SX1276_stop) refers to st_lowlevel.o(i.STLL_Radio_SetOpMode) for STLL_Radio_SetOpMode
    sgfxsx1276modulation-lib.o(i.SGFX_SX1276_stop) refers to st_lowlevel.o(i.STLL_Radio_IoDeInit) for STLL_Radio_IoDeInit
    sgfxsx1276modulation-lib.o(i.SGFX_SX1276_stop_txtest) refers to sgfxsx1276modulation-lib.o(i.TX_Stop_DMA) for TX_Stop_DMA
    sgfxsx1276modulation-lib.o(i.SGFX_SX1276_stop_txtest) refers to sgfxsx1276modulation-lib.o(i.TX_Stop_Rf_Carrier) for TX_Stop_Rf_Carrier
    sgfxsx1276modulation-lib.o(i.SGFX_SX1276_stop_txtest) refers to st_lowlevel.o(i.STLL_WaitEndOfTxFrame) for STLL_WaitEndOfTxFrame
    sgfxsx1276modulation-lib.o(i.SGFX_SX1276_stop_txtest) refers to st_lowlevel.o(i.STLL_Radio_SetOpMode) for STLL_Radio_SetOpMode
    sgfxsx1276modulation-lib.o(i.SGFX_SX1276_stop_txtest) refers to st_lowlevel.o(i.STLL_Radio_IoDeInit) for STLL_Radio_IoDeInit
    sgfxsx1276modulation-lib.o(i.SGFX_SX1276_tx) refers to st_lowlevel.o(i.STLL_RadioPowerGet) for STLL_RadioPowerGet
    sgfxsx1276modulation-lib.o(i.SGFX_SX1276_tx) refers to st_lowlevel.o(i.STLL_Radio_SetOpMode) for STLL_Radio_SetOpMode
    sgfxsx1276modulation-lib.o(i.SGFX_SX1276_tx) refers to sgfxsx1276modulation-lib.o(i.TX_Start) for TX_Start
    sgfxsx1276modulation-lib.o(i.SGFX_SX1276_tx) refers to st_lowlevel.o(i.STLL_WaitEndOfTxFrame) for STLL_WaitEndOfTxFrame
    sgfxsx1276modulation-lib.o(i.SGFX_SX1276_tx_config) refers to st_lowlevel.o(i.STLL_Radio_Init) for STLL_Radio_Init
    sgfxsx1276modulation-lib.o(i.SGFX_SX1276_tx_config) refers to st_lowlevel.o(i.STLL_RadioPowerGet) for STLL_RadioPowerGet
    sgfxsx1276modulation-lib.o(i.SGFX_SX1276_tx_config) refers to st_lowlevel.o(i.STLL_Radio_WriteReg) for STLL_Radio_WriteReg
    sgfxsx1276modulation-lib.o(i.SGFX_SX1276_tx_config) refers to memcpya.o(.text) for __aeabi_memcpy4
    sgfxsx1276modulation-lib.o(i.SGFX_SX1276_tx_config) refers to st_lowlevel.o(i.STLL_RadioPowerSetBoard) for STLL_RadioPowerSetBoard
    sgfxsx1276modulation-lib.o(i.SGFX_SX1276_tx_config) refers to sgfxsx1276modulation-lib.o(.constdata) for .constdata
    sgfxsx1276modulation-lib.o(i.STLL_TX_IRQHandler_CB) refers to memseta.o(.text) for __aeabi_memclr
    sgfxsx1276modulation-lib.o(i.STLL_TX_IRQHandler_CB) refers to sgfxsx1276modulation-lib.o(i.TX_Write_Modu_Buffer) for TX_Write_Modu_Buffer
    sgfxsx1276modulation-lib.o(i.STLL_TX_IRQHandler_CB) refers to sgfxsx1276modulation-lib.o(i.TX_Write_RampDown_Buffer) for TX_Write_RampDown_Buffer
    sgfxsx1276modulation-lib.o(i.STLL_TX_IRQHandler_CB) refers to st_lowlevel.o(i.STLL_TIM2_Stop) for STLL_TIM2_Stop
    sgfxsx1276modulation-lib.o(i.STLL_TX_IRQHandler_CB) refers to st_lowlevel.o(i.STLL_Transmit_DMA_Stop) for STLL_Transmit_DMA_Stop
    sgfxsx1276modulation-lib.o(i.STLL_TX_IRQHandler_CB) refers to st_lowlevel.o(i.STLL_LowPower) for STLL_LowPower
    sgfxsx1276modulation-lib.o(i.STLL_TX_IRQHandler_CB) refers to st_lowlevel.o(i.STLL_SetClockSource) for STLL_SetClockSource
    sgfxsx1276modulation-lib.o(i.STLL_TX_IRQHandler_CB) refers to st_lowlevel.o(i.STLL_SetEndOfTxFrame) for STLL_SetEndOfTxFrame
    sgfxsx1276modulation-lib.o(i.STLL_TX_IRQHandler_CB) refers to sgfxsx1276modulation-lib.o(.data) for .data
    sgfxsx1276modulation-lib.o(i.STLL_TX_IRQHandler_CB) refers to sgfxsx1276modulation-lib.o(.bss) for .bss
    sgfxsx1276modulation-lib.o(i.TX_Prbs9_gen_next) refers to sgfxsx1276modulation-lib.o(.data) for .data
    sgfxsx1276modulation-lib.o(i.TX_SetPower) refers to sgfxsx1276modulation-lib.o(.constdata) for .constdata
    sgfxsx1276modulation-lib.o(i.TX_SetPower) refers to sgfxsx1276modulation-lib.o(.data) for .data
    sgfxsx1276modulation-lib.o(i.TX_Start) refers to sgfxsx1276modulation-lib.o(i.TX_SetPower) for TX_SetPower
    sgfxsx1276modulation-lib.o(i.TX_Start) refers to uidiv.o(.text) for __aeabi_uidivmod
    sgfxsx1276modulation-lib.o(i.TX_Start) refers to st_lowlevel.o(i.STLL_SetClockSource) for STLL_SetClockSource
    sgfxsx1276modulation-lib.o(i.TX_Start) refers to st_lowlevel.o(i.STLL_TIM2_SetPeriod) for STLL_TIM2_SetPeriod
    sgfxsx1276modulation-lib.o(i.TX_Start) refers to memseta.o(.text) for __aeabi_memclr
    sgfxsx1276modulation-lib.o(i.TX_Start) refers to sgfxsx1276modulation-lib.o(i.TX_Write_RampUp_Buffer) for TX_Write_RampUp_Buffer
    sgfxsx1276modulation-lib.o(i.TX_Start) refers to st_lowlevel.o(i.STLL_Transmit_DMA_Start) for STLL_Transmit_DMA_Start
    sgfxsx1276modulation-lib.o(i.TX_Start) refers to st_lowlevel.o(i.STLL_TIM2_Start) for STLL_TIM2_Start
    sgfxsx1276modulation-lib.o(i.TX_Start) refers to st_lowlevel.o(i.STLL_LowPower) for STLL_LowPower
    sgfxsx1276modulation-lib.o(i.TX_Start) refers to sgfxsx1276modulation-lib.o(.data) for .data
    sgfxsx1276modulation-lib.o(i.TX_Start) refers to sgfxsx1276modulation-lib.o(i.TX_read_Bit) for TX_read_Bit
    sgfxsx1276modulation-lib.o(i.TX_Start) refers to sgfxsx1276modulation-lib.o(.bss) for .bss
    sgfxsx1276modulation-lib.o(i.TX_Start_CW) refers to sgfxsx1276modulation-lib.o(i.TX_SetPower) for TX_SetPower
    sgfxsx1276modulation-lib.o(i.TX_Start_CW) refers to st_lowlevel.o(i.STLL_SetClockSource) for STLL_SetClockSource
    sgfxsx1276modulation-lib.o(i.TX_Start_CW) refers to st_lowlevel.o(i.STLL_TIM2_SetPeriod) for STLL_TIM2_SetPeriod
    sgfxsx1276modulation-lib.o(i.TX_Start_CW) refers to memseta.o(.text) for __aeabi_memclr
    sgfxsx1276modulation-lib.o(i.TX_Start_CW) refers to sgfxsx1276modulation-lib.o(i.TX_Write_RampUp_Buffer) for TX_Write_RampUp_Buffer
    sgfxsx1276modulation-lib.o(i.TX_Start_CW) refers to st_lowlevel.o(i.STLL_Transmit_DMA_Start) for STLL_Transmit_DMA_Start
    sgfxsx1276modulation-lib.o(i.TX_Start_CW) refers to st_lowlevel.o(i.STLL_TIM2_Start) for STLL_TIM2_Start
    sgfxsx1276modulation-lib.o(i.TX_Start_CW) refers to st_lowlevel.o(i.STLL_LowPower) for STLL_LowPower
    sgfxsx1276modulation-lib.o(i.TX_Start_CW) refers to sgfxsx1276modulation-lib.o(i.TX_CW_gen_next) for TX_CW_gen_next
    sgfxsx1276modulation-lib.o(i.TX_Start_CW) refers to sgfxsx1276modulation-lib.o(.data) for .data
    sgfxsx1276modulation-lib.o(i.TX_Start_CW) refers to sgfxsx1276modulation-lib.o(.bss) for .bss
    sgfxsx1276modulation-lib.o(i.TX_Start_PRBS9) refers to sgfxsx1276modulation-lib.o(i.TX_SetPower) for TX_SetPower
    sgfxsx1276modulation-lib.o(i.TX_Start_PRBS9) refers to uidiv.o(.text) for __aeabi_uidivmod
    sgfxsx1276modulation-lib.o(i.TX_Start_PRBS9) refers to st_lowlevel.o(i.STLL_SetClockSource) for STLL_SetClockSource
    sgfxsx1276modulation-lib.o(i.TX_Start_PRBS9) refers to st_lowlevel.o(i.STLL_TIM2_SetPeriod) for STLL_TIM2_SetPeriod
    sgfxsx1276modulation-lib.o(i.TX_Start_PRBS9) refers to memseta.o(.text) for __aeabi_memclr
    sgfxsx1276modulation-lib.o(i.TX_Start_PRBS9) refers to sgfxsx1276modulation-lib.o(i.TX_Write_RampUp_Buffer) for TX_Write_RampUp_Buffer
    sgfxsx1276modulation-lib.o(i.TX_Start_PRBS9) refers to st_lowlevel.o(i.STLL_Transmit_DMA_Start) for STLL_Transmit_DMA_Start
    sgfxsx1276modulation-lib.o(i.TX_Start_PRBS9) refers to st_lowlevel.o(i.STLL_TIM2_Start) for STLL_TIM2_Start
    sgfxsx1276modulation-lib.o(i.TX_Start_PRBS9) refers to st_lowlevel.o(i.STLL_LowPower) for STLL_LowPower
    sgfxsx1276modulation-lib.o(i.TX_Start_PRBS9) refers to sgfxsx1276modulation-lib.o(.data) for .data
    sgfxsx1276modulation-lib.o(i.TX_Start_PRBS9) refers to sgfxsx1276modulation-lib.o(i.TX_Prbs9_gen_next) for TX_Prbs9_gen_next
    sgfxsx1276modulation-lib.o(i.TX_Start_PRBS9) refers to sgfxsx1276modulation-lib.o(.bss) for .bss
    sgfxsx1276modulation-lib.o(i.TX_Stop_DMA) refers to st_lowlevel.o(i.STLL_TIM2_Stop) for STLL_TIM2_Stop
    sgfxsx1276modulation-lib.o(i.TX_Stop_DMA) refers to st_lowlevel.o(i.STLL_Transmit_DMA_Stop) for STLL_Transmit_DMA_Stop
    sgfxsx1276modulation-lib.o(i.TX_Stop_Rf_Carrier) refers to memseta.o(.text) for __aeabi_memclr
    sgfxsx1276modulation-lib.o(i.TX_Stop_Rf_Carrier) refers to sgfxsx1276modulation-lib.o(i.TX_Write_RampDown_Buffer) for TX_Write_RampDown_Buffer
    sgfxsx1276modulation-lib.o(i.TX_Stop_Rf_Carrier) refers to st_lowlevel.o(i.STLL_Transmit_DMA_Start) for STLL_Transmit_DMA_Start
    sgfxsx1276modulation-lib.o(i.TX_Stop_Rf_Carrier) refers to st_lowlevel.o(i.STLL_TIM2_Start) for STLL_TIM2_Start
    sgfxsx1276modulation-lib.o(i.TX_Stop_Rf_Carrier) refers to st_lowlevel.o(i.STLL_LowPower) for STLL_LowPower
    sgfxsx1276modulation-lib.o(i.TX_Stop_Rf_Carrier) refers to sgfxsx1276modulation-lib.o(.data) for .data
    sgfxsx1276modulation-lib.o(i.TX_Stop_Rf_Carrier) refers to sgfxsx1276modulation-lib.o(.bss) for .bss
    sgfxsx1276modulation-lib.o(i.TX_Write_Modu_Buffer) refers to sgfxsx1276modulation-lib.o(.data) for .data
    sgfxsx1276modulation-lib.o(i.TX_Write_RampDown_Buffer) refers to sgfxsx1276modulation-lib.o(.data) for .data
    sgfxsx1276modulation-lib.o(i.TX_Write_RampUp_Buffer) refers to sgfxsx1276modulation-lib.o(.data) for .data
    sgfxsx1276modulation-lib.o(i.TX_Write_RampUp_Buffer) refers to sgfxsx1276modulation-lib.o(.bss) for .bss
    sgfxsx1276modulation-lib.o(i.TX_read_Bit) refers to sgfxsx1276modulation-lib.o(.data) for .data
    sigfox_internal.o(i.SIGFOX_INT_build_frame) refers to hts221_driver_hl.o(i.__ARM_common_switch8) for __ARM_common_switch8
    sigfox_internal.o(i.SIGFOX_INT_build_frame) refers to mcu_api.o(i.MCU_API_get_voltage_temperature) for MCU_API_get_voltage_temperature
    sigfox_internal.o(i.SIGFOX_INT_build_frame) refers to uidiv.o(.text) for __aeabi_uidivmod
    sigfox_internal.o(i.SIGFOX_INT_build_frame) refers to idiv.o(.text) for __aeabi_idivmod
    sigfox_internal.o(i.SIGFOX_INT_build_frame) refers to sgfx_cmac_lib.o(i.SE_API_open) for SE_API_open
    sigfox_internal.o(i.SIGFOX_INT_build_frame) refers to sgfx_cmac_lib.o(i.SE_API_secure_uplink_message) for SE_API_secure_uplink_message
    sigfox_internal.o(i.SIGFOX_INT_build_frame) refers to sgfx_cmac_lib.o(i.SE_API_close) for SE_API_close
    sigfox_internal.o(i.SIGFOX_INT_compute_channels) refers to sigfox_internal.o(i.SIGFOX_INT_randomize) for SIGFOX_INT_randomize
    sigfox_internal.o(i.SIGFOX_INT_compute_channels) refers to sigfox_internal.o(i.SIGFOX_INT_dc_lbt_channel_pn_max) for SIGFOX_INT_dc_lbt_channel_pn_max
    sigfox_internal.o(i.SIGFOX_INT_compute_channels) refers to sigfox_internal.o(i.SIGFOX_INT_dc_lbt_channel_pn_min) for SIGFOX_INT_dc_lbt_channel_pn_min
    sigfox_internal.o(i.SIGFOX_INT_compute_channels) refers to sigfox_pn.o(i.SIGFOX_PN_next_pn) for SIGFOX_PN_next_pn
    sigfox_internal.o(i.SIGFOX_INT_compute_uplink_frequency) refers to sigfox_internal.o(i.SIGFOX_INT_get_macro_channel_index) for SIGFOX_INT_get_macro_channel_index
    sigfox_internal.o(i.SIGFOX_INT_compute_uplink_frequency) refers to uidiv.o(.text) for __aeabi_uidivmod
    sigfox_internal.o(i.SIGFOX_INT_dc_lbt_channel_pn_max) refers to uidiv.o(.text) for __aeabi_uidivmod
    sigfox_internal.o(i.SIGFOX_INT_dc_lbt_channel_pn_min) refers to uidiv.o(.text) for __aeabi_uidivmod
    sigfox_internal.o(i.SIGFOX_INT_downlink_configuration) refers to rf_api.o(i.RF_API_init) for RF_API_init
    sigfox_internal.o(i.SIGFOX_INT_downlink_configuration) refers to rf_api.o(i.RF_API_change_frequency) for RF_API_change_frequency
    sigfox_internal.o(i.SIGFOX_INT_downlink_configuration) refers to rf_api.o(i.RF_API_stop) for RF_API_stop
    sigfox_internal.o(i.SIGFOX_INT_downlink_configuration) refers to mcu_api.o(i.MCU_API_timer_start) for MCU_API_timer_start
    sigfox_internal.o(i.SIGFOX_INT_downlink_configuration) refers to sgfx_cmac_lib.o(i.SE_API_open) for SE_API_open
    sigfox_internal.o(i.SIGFOX_INT_downlink_configuration) refers to mcu_api.o(i.MCU_API_timer_stop) for MCU_API_timer_stop
    sigfox_internal.o(i.SIGFOX_INT_execute_carrier_sense) refers to rf_api.o(i.RF_API_init) for RF_API_init
    sigfox_internal.o(i.SIGFOX_INT_execute_carrier_sense) refers to rf_api.o(i.RF_API_change_frequency) for RF_API_change_frequency
    sigfox_internal.o(i.SIGFOX_INT_execute_carrier_sense) refers to rf_api.o(i.RF_API_wait_for_clear_channel) for RF_API_wait_for_clear_channel
    sigfox_internal.o(i.SIGFOX_INT_execute_carrier_sense) refers to rf_api.o(i.RF_API_stop) for RF_API_stop
    sigfox_internal.o(i.SIGFOX_INT_execute_communication_sequence) refers to sigfox_internal.o(i.SIGFOX_INT_prepare_transmission) for SIGFOX_INT_prepare_transmission
    sigfox_internal.o(i.SIGFOX_INT_execute_communication_sequence) refers to sigfox_internal.o(i.SIGFOX_INT_store_nvm) for SIGFOX_INT_store_nvm
    sigfox_internal.o(i.SIGFOX_INT_execute_communication_sequence) refers to sigfox_internal.o(i.SIGFOX_INT_process_uplink) for SIGFOX_INT_process_uplink
    sigfox_internal.o(i.SIGFOX_INT_execute_communication_sequence) refers to sigfox_internal.o(i.SIGFOX_INT_process_downlink) for SIGFOX_INT_process_downlink
    sigfox_internal.o(i.SIGFOX_INT_execute_communication_sequence) refers to mcu_api.o(i.MCU_API_delay) for MCU_API_delay
    sigfox_internal.o(i.SIGFOX_INT_execute_communication_sequence) refers to sigfox_api.o(.data) for g_state
    sigfox_internal.o(i.SIGFOX_INT_get_device_id) refers to sgfx_cmac_lib.o(i.SE_API_open) for SE_API_open
    sigfox_internal.o(i.SIGFOX_INT_get_device_id) refers to sgfx_cmac_lib.o(i.SE_API_get_device_id) for SE_API_get_device_id
    sigfox_internal.o(i.SIGFOX_INT_get_device_id) refers to sgfx_cmac_lib.o(i.SE_API_close) for SE_API_close
    sigfox_internal.o(i.SIGFOX_INT_get_macro_channel_index) refers to idiv.o(.text) for __aeabi_idivmod
    sigfox_internal.o(i.SIGFOX_INT_get_received_frames) refers to rf_api.o(i.RF_API_wait_frame) for RF_API_wait_frame
    sigfox_internal.o(i.SIGFOX_INT_get_received_frames) refers to mcu_api.o(i.MCU_API_report_test_result) for MCU_API_report_test_result
    sigfox_internal.o(i.SIGFOX_INT_get_received_frames) refers to rf_api.o(i.RF_API_stop) for RF_API_stop
    sigfox_internal.o(i.SIGFOX_INT_get_received_frames) refers to mcu_api.o(i.MCU_API_timer_stop) for MCU_API_timer_stop
    sigfox_internal.o(i.SIGFOX_INT_get_received_frames) refers to sgfx_cmac_lib.o(i.SE_API_verify_downlink_message) for SE_API_verify_downlink_message
    sigfox_internal.o(i.SIGFOX_INT_get_received_frames) refers to sgfx_cmac_lib.o(i.SE_API_close) for SE_API_close
    sigfox_internal.o(i.SIGFOX_INT_prepare_transmission) refers to sigfox_internal.o(i.SIGFOX_INT_build_frame) for SIGFOX_INT_build_frame
    sigfox_internal.o(i.SIGFOX_INT_prepare_transmission) refers to sigfox_internal.o(i.SIGFOX_INT_compute_channels) for SIGFOX_INT_compute_channels
    sigfox_internal.o(i.SIGFOX_INT_prepare_transmission) refers to sigfox_internal.o(.constdata) for .constdata
    sigfox_internal.o(i.SIGFOX_INT_process_downlink) refers to mcu_api.o(i.MCU_API_timer_wait_for_end) for MCU_API_timer_wait_for_end
    sigfox_internal.o(i.SIGFOX_INT_process_downlink) refers to sigfox_internal.o(i.SIGFOX_INT_downlink_configuration) for SIGFOX_INT_downlink_configuration
    sigfox_internal.o(i.SIGFOX_INT_process_downlink) refers to sigfox_internal.o(i.SIGFOX_INT_get_received_frames) for SIGFOX_INT_get_received_frames
    sigfox_internal.o(i.SIGFOX_INT_process_uplink) refers to mcu_api.o(i.MCU_API_timer_start) for MCU_API_timer_start
    sigfox_internal.o(i.SIGFOX_INT_process_uplink) refers to mcu_api.o(i.MCU_API_timer_wait_for_end) for MCU_API_timer_wait_for_end
    sigfox_internal.o(i.SIGFOX_INT_process_uplink) refers to mcu_api.o(i.MCU_API_timer_start_carrier_sense) for MCU_API_timer_start_carrier_sense
    sigfox_internal.o(i.SIGFOX_INT_process_uplink) refers to sigfox_internal.o(i.SIGFOX_INT_compute_carrier_sense_frequency) for SIGFOX_INT_compute_carrier_sense_frequency
    sigfox_internal.o(i.SIGFOX_INT_process_uplink) refers to sigfox_internal.o(i.SIGFOX_INT_execute_carrier_sense) for SIGFOX_INT_execute_carrier_sense
    sigfox_internal.o(i.SIGFOX_INT_process_uplink) refers to mcu_api.o(i.MCU_API_delay) for MCU_API_delay
    sigfox_internal.o(i.SIGFOX_INT_process_uplink) refers to mcu_api.o(i.MCU_API_timer_stop_carrier_sense) for MCU_API_timer_stop_carrier_sense
    sigfox_internal.o(i.SIGFOX_INT_process_uplink) refers to sigfox_internal.o(i.SIGFOX_INT_compute_uplink_frequency) for SIGFOX_INT_compute_uplink_frequency
    sigfox_internal.o(i.SIGFOX_INT_process_uplink) refers to sigfox_internal.o(i.SIGFOX_INT_send_single_frame) for SIGFOX_INT_send_single_frame
    sigfox_internal.o(i.SIGFOX_INT_process_uplink) refers to uidiv.o(.text) for __aeabi_uidivmod
    sigfox_internal.o(i.SIGFOX_INT_send_single_frame) refers to rf_api.o(i.RF_API_init) for RF_API_init
    sigfox_internal.o(i.SIGFOX_INT_send_single_frame) refers to rf_api.o(i.RF_API_change_frequency) for RF_API_change_frequency
    sigfox_internal.o(i.SIGFOX_INT_send_single_frame) refers to rf_api.o(i.RF_API_stop) for RF_API_stop
    sigfox_internal.o(i.SIGFOX_INT_send_single_frame) refers to sigfox_scramb.o(i.SIGFOX_SCRAMB_compute) for SIGFOX_SCRAMB_compute
    sigfox_internal.o(i.SIGFOX_INT_send_single_frame) refers to rf_api.o(i.RF_API_send) for RF_API_send
    sigfox_internal.o(i.SIGFOX_INT_store_nvm) refers to mcu_api.o(i.MCU_API_set_nv_mem) for MCU_API_set_nv_mem
    sgfx_cmac_lib.o(i.SE_API_get_device_id) refers to sgfx_credentials_lib.o(i.CREDENTIALS_get_dev_id) for CREDENTIALS_get_dev_id
    sgfx_cmac_lib.o(i.SE_API_get_initial_pac) refers to sgfx_credentials_lib.o(i.CREDENTIALS_get_initial_pac) for CREDENTIALS_get_initial_pac
    sgfx_cmac_lib.o(i.SE_API_get_version) refers to sgfx_credentials_lib.o(i.CREDENTIALS_get_version) for CREDENTIALS_get_version
    sgfx_cmac_lib.o(i.SE_API_get_version) refers to printfa.o(i.__0sprintf) for __2sprintf
    sgfx_cmac_lib.o(i.SE_API_get_version) refers to sgfx_cmac_lib.o(.data) for .data
    sgfx_cmac_lib.o(i.SE_API_secure_uplink_message) refers to memseta.o(.text) for __aeabi_memclr4
    sgfx_cmac_lib.o(i.SE_API_secure_uplink_message) refers to se_nvm.o(i.SE_NVM_get) for SE_NVM_get
    sgfx_cmac_lib.o(i.SE_API_secure_uplink_message) refers to sgfx_credentials_lib.o(i.CREDENTIALS_get_payload_encryption_flag) for CREDENTIALS_get_payload_encryption_flag
    sgfx_cmac_lib.o(i.SE_API_secure_uplink_message) refers to uidiv.o(.text) for __aeabi_uidivmod
    sgfx_cmac_lib.o(i.SE_API_secure_uplink_message) refers to sgfx_credentials_lib.o(i.CREDENTIALS_get_dev_id) for CREDENTIALS_get_dev_id
    sgfx_cmac_lib.o(i.SE_API_secure_uplink_message) refers to sgfx_cmac_lib.o(i.SIGFOX_encrypt_decrypt_frame) for SIGFOX_encrypt_decrypt_frame
    sgfx_cmac_lib.o(i.SE_API_secure_uplink_message) refers to sgfx_cmac_lib.o(i.SIGFOX_HMAC_compute_aes) for SIGFOX_HMAC_compute_aes
    sgfx_cmac_lib.o(i.SE_API_secure_uplink_message) refers to se_nvm.o(i.SE_NVM_set) for SE_NVM_set
    sgfx_cmac_lib.o(i.SE_API_set_rc_sync_period) refers to sgfx_credentials_lib.o(i.CREDENTIALS_get_payload_encryption_flag) for CREDENTIALS_get_payload_encryption_flag
    sgfx_cmac_lib.o(i.SE_API_set_rc_sync_period) refers to se_nvm.o(i.SE_NVM_get) for SE_NVM_get
    sgfx_cmac_lib.o(i.SE_API_set_rc_sync_period) refers to se_nvm.o(i.SE_NVM_set) for SE_NVM_set
    sgfx_cmac_lib.o(i.SE_API_verify_downlink_message) refers to se_nvm.o(i.SE_NVM_get) for SE_NVM_get
    sgfx_cmac_lib.o(i.SE_API_verify_downlink_message) refers to sgfx_credentials_lib.o(i.CREDENTIALS_get_dev_id) for CREDENTIALS_get_dev_id
    sgfx_cmac_lib.o(i.SE_API_verify_downlink_message) refers to sgfx_cmac_lib.o(i.SIGFOX_DECODE_dewhitening) for SIGFOX_DECODE_dewhitening
    sgfx_cmac_lib.o(i.SE_API_verify_downlink_message) refers to sgfx_credentials_lib.o(i.CREDENTIALS_aes_128_cbc_encrypt) for CREDENTIALS_aes_128_cbc_encrypt
    sgfx_cmac_lib.o(i.SE_API_verify_downlink_message) refers to sgfx_credentials_lib.o(i.CREDENTIALS_get_payload_encryption_flag) for CREDENTIALS_get_payload_encryption_flag
    sgfx_cmac_lib.o(i.SE_API_verify_downlink_message) refers to sgfx_cmac_lib.o(i.SIGFOX_encrypt_decrypt_frame) for SIGFOX_encrypt_decrypt_frame
    sgfx_cmac_lib.o(i.SE_API_verify_downlink_message) refers to sgfx_cmac_lib.o(.constdata) for .constdata
    sgfx_cmac_lib.o(i.SIGFOX_DECODE_dewhitening) refers to se_nvm.o(i.SE_NVM_get) for SE_NVM_get
    sgfx_cmac_lib.o(i.SIGFOX_DECODE_dewhitening) refers to uread4.o(.text) for __aeabi_uread4
    sgfx_cmac_lib.o(i.SIGFOX_DECODE_dewhitening) refers to sgfx_cmac_lib.o(i.SIGFOX_DECODE_dewhitening_pn) for SIGFOX_DECODE_dewhitening_pn
    sgfx_cmac_lib.o(i.SIGFOX_HMAC_compute_aes) refers to sgfx_credentials_lib.o(i.CREDENTIALS_aes_128_cbc_encrypt) for CREDENTIALS_aes_128_cbc_encrypt
    sgfx_cmac_lib.o(i.SIGFOX_encrypt_decrypt_frame) refers to se_nvm.o(i.SE_NVM_get) for SE_NVM_get
    sgfx_cmac_lib.o(i.SIGFOX_encrypt_decrypt_frame) refers to sgfx_credentials_lib.o(i.CREDENTIALS_aes_128_cbc_encrypt) for CREDENTIALS_aes_128_cbc_encrypt
    sgfx_cmac_lib.o(i.SIGFOX_encrypt_decrypt_frame) refers to sgfx_credentials_lib.o(i.CREDENTIALS_wrap_session_key) for CREDENTIALS_wrap_session_key
    sgfx_cmac_lib.o(i.SIGFOX_encrypt_decrypt_frame) refers to sgfx_credentials_lib.o(i.CREDENTIALS_aes_128_cbc_encrypt_with_session_key) for CREDENTIALS_aes_128_cbc_encrypt_with_session_key
    sigfox_scramb.o(i.SIGFOX_SCRAMB_compute) refers to sigfox_scramb.o(.constdata) for .constdata
    sgfx_credentials_lib.o(i.CREDENTIALS_aes_128_cbc_encrypt) refers to se_nvm.o(i.SE_NVM_get_key_type) for SE_NVM_get_key_type
    sgfx_credentials_lib.o(i.CREDENTIALS_aes_128_cbc_encrypt) refers to sgfx_credentials_lib.o(i.CREDENTIALS_get_key) for CREDENTIALS_get_key
    sgfx_credentials_lib.o(i.CREDENTIALS_aes_128_cbc_encrypt) refers to sgfx_credentials_lib.o(i.aes_set_key) for aes_set_key
    sgfx_credentials_lib.o(i.CREDENTIALS_aes_128_cbc_encrypt) refers to sgfx_credentials_lib.o(i.aes_cbc_encrypt) for aes_cbc_encrypt
    sgfx_credentials_lib.o(i.CREDENTIALS_aes_128_cbc_encrypt_with_session_key) refers to sgfx_credentials_lib.o(i.aes_set_key) for aes_set_key
    sgfx_credentials_lib.o(i.CREDENTIALS_aes_128_cbc_encrypt_with_session_key) refers to sgfx_credentials_lib.o(i.aes_cbc_encrypt) for aes_cbc_encrypt
    sgfx_credentials_lib.o(i.CREDENTIALS_aes_128_cbc_encrypt_with_session_key) refers to sgfx_credentials_lib.o(.bss) for .bss
    sgfx_credentials_lib.o(i.CREDENTIALS_get_cra) refers to memcpya.o(.text) for __aeabi_memcpy
    sgfx_credentials_lib.o(i.CREDENTIALS_get_cra) refers to sgfx_credentials_lib.o(i.CREDENTIALS_get_signature) for CREDENTIALS_get_signature
    sgfx_credentials_lib.o(i.CREDENTIALS_get_cra) refers to sgfx_credentials_lib.o(i.aes_set_key) for aes_set_key
    sgfx_credentials_lib.o(i.CREDENTIALS_get_cra) refers to sgfx_credentials_lib.o(i.aes_cbc_decrypt) for aes_cbc_decrypt
    sgfx_credentials_lib.o(i.CREDENTIALS_get_cra) refers to sgfx_credentials_lib.o(i.aes_cbc_encrypt) for aes_cbc_encrypt
    sgfx_credentials_lib.o(i.CREDENTIALS_get_cra) refers to sigfox_data.o(.constdata) for encrypted_sigfox_data
    sgfx_credentials_lib.o(i.CREDENTIALS_get_dev_id) refers to sgfx_credentials_lib.o(i.CREDENTIALS_get_cra) for CREDENTIALS_get_cra
    sgfx_credentials_lib.o(i.CREDENTIALS_get_dev_id) refers to memcpya.o(.text) for __aeabi_memcpy
    sgfx_credentials_lib.o(i.CREDENTIALS_get_dev_id) refers to sigfox_data.o(.constdata) for encrypted_sigfox_data
    sgfx_credentials_lib.o(i.CREDENTIALS_get_initial_pac) refers to sgfx_credentials_lib.o(i.CREDENTIALS_get_cra) for CREDENTIALS_get_cra
    sgfx_credentials_lib.o(i.CREDENTIALS_get_initial_pac) refers to memcpya.o(.text) for __aeabi_memcpy
    sgfx_credentials_lib.o(i.CREDENTIALS_get_initial_pac) refers to sigfox_data.o(.constdata) for encrypted_sigfox_data
    sgfx_credentials_lib.o(i.CREDENTIALS_get_key) refers to memcpya.o(.text) for __aeabi_memcpy
    sgfx_credentials_lib.o(i.CREDENTIALS_get_key) refers to sgfx_credentials_lib.o(i.CREDENTIALS_get_cra) for CREDENTIALS_get_cra
    sgfx_credentials_lib.o(i.CREDENTIALS_get_key) refers to sgfx_credentials_lib.o(.data) for .data
    sgfx_credentials_lib.o(i.CREDENTIALS_get_key) refers to sigfox_data.o(.constdata) for encrypted_sigfox_data
    sgfx_credentials_lib.o(i.CREDENTIALS_get_payload_encryption_flag) refers to sgfx_credentials_lib.o(.data) for .data
    sgfx_credentials_lib.o(i.CREDENTIALS_get_signature) refers to sgfx_credentials_lib.o(i.aes_set_key) for aes_set_key
    sgfx_credentials_lib.o(i.CREDENTIALS_get_signature) refers to sgfx_credentials_lib.o(i.aes_cbc_encrypt) for aes_cbc_encrypt
    sgfx_credentials_lib.o(i.CREDENTIALS_get_version) refers to sgfx_credentials_lib.o(.constdata) for .constdata
    sgfx_credentials_lib.o(i.CREDENTIALS_wrap_session_key) refers to sgfx_credentials_lib.o(i.CREDENTIALS_get_key) for CREDENTIALS_get_key
    sgfx_credentials_lib.o(i.CREDENTIALS_wrap_session_key) refers to sgfx_credentials_lib.o(i.aes_set_key) for aes_set_key
    sgfx_credentials_lib.o(i.CREDENTIALS_wrap_session_key) refers to sgfx_credentials_lib.o(i.aes_cbc_encrypt) for aes_cbc_encrypt
    sgfx_credentials_lib.o(i.CREDENTIALS_wrap_session_key) refers to sgfx_credentials_lib.o(.bss) for .bss
    sgfx_credentials_lib.o(i.add_round_key) refers to sgfx_credentials_lib.o(i.xor_block) for xor_block
    sgfx_credentials_lib.o(i.aes_cbc_decrypt) refers to sgfx_credentials_lib.o(i.copy_block) for copy_block
    sgfx_credentials_lib.o(i.aes_cbc_decrypt) refers to sgfx_credentials_lib.o(i.copy_and_key) for copy_and_key
    sgfx_credentials_lib.o(i.aes_cbc_decrypt) refers to sgfx_credentials_lib.o(i.inv_shift_sub_rows) for inv_shift_sub_rows
    sgfx_credentials_lib.o(i.aes_cbc_decrypt) refers to sgfx_credentials_lib.o(i.add_round_key) for add_round_key
    sgfx_credentials_lib.o(i.aes_cbc_decrypt) refers to sgfx_credentials_lib.o(i.inv_mix_sub_columns) for inv_mix_sub_columns
    sgfx_credentials_lib.o(i.aes_cbc_decrypt) refers to sgfx_credentials_lib.o(i.xor_block) for xor_block
    sgfx_credentials_lib.o(i.aes_cbc_encrypt) refers to sgfx_credentials_lib.o(i.xor_block) for xor_block
    sgfx_credentials_lib.o(i.aes_cbc_encrypt) refers to sgfx_credentials_lib.o(i.copy_and_key) for copy_and_key
    sgfx_credentials_lib.o(i.aes_cbc_encrypt) refers to sgfx_credentials_lib.o(i.mix_sub_columns) for mix_sub_columns
    sgfx_credentials_lib.o(i.aes_cbc_encrypt) refers to sgfx_credentials_lib.o(i.add_round_key) for add_round_key
    sgfx_credentials_lib.o(i.aes_cbc_encrypt) refers to sgfx_credentials_lib.o(i.shift_sub_rows) for shift_sub_rows
    sgfx_credentials_lib.o(i.aes_cbc_encrypt) refers to sgfx_credentials_lib.o(i.copy_block) for copy_block
    sgfx_credentials_lib.o(i.aes_set_key) refers to uidiv.o(.text) for __aeabi_uidivmod
    sgfx_credentials_lib.o(i.aes_set_key) refers to sgfx_credentials_lib.o(.constdata) for .constdata
    sgfx_credentials_lib.o(i.inv_mix_sub_columns) refers to sgfx_credentials_lib.o(i.copy_block) for copy_block
    sgfx_credentials_lib.o(i.inv_mix_sub_columns) refers to sgfx_credentials_lib.o(.constdata) for .constdata
    sgfx_credentials_lib.o(i.inv_shift_sub_rows) refers to sgfx_credentials_lib.o(.constdata) for .constdata
    sgfx_credentials_lib.o(i.mix_sub_columns) refers to sgfx_credentials_lib.o(i.copy_block) for copy_block
    sgfx_credentials_lib.o(i.mix_sub_columns) refers to sgfx_credentials_lib.o(.constdata) for .constdata
    sgfx_credentials_lib.o(i.shift_sub_rows) refers to sgfx_credentials_lib.o(.constdata) for .constdata
    atof.o(i.__softfp_atof) refers (Special) to iusefp.o(.text) for __I$use$fp
    atof.o(i.__softfp_atof) refers to errno.o(i.__read_errno) for __read_errno
    atof.o(i.__softfp_atof) refers to strtod.o(.text) for __strtod_int
    atof.o(i.__softfp_atof) refers to errno.o(i.__set_errno) for __set_errno
    atof.o(i.atof) refers (Special) to iusefp.o(.text) for __I$use$fp
    atof.o(i.atof) refers to errno.o(i.__read_errno) for __read_errno
    atof.o(i.atof) refers to strtod.o(.text) for __strtod_int
    atof.o(i.atof) refers to errno.o(i.__set_errno) for __set_errno
    ceil.o(i.__softfp_ceil) refers (Special) to iusefp.o(.text) for __I$use$fp
    ceil.o(i.__softfp_ceil) refers to ceil.o(i.ceil) for ceil
    ceil.o(i.ceil) refers (Special) to iusefp.o(.text) for __I$use$fp
    ceil.o(i.ceil) refers to dadd.o(.text) for __aeabi_dadd
    ceil.o(i.ceil) refers to cdrcmple.o(.text) for __aeabi_cdrcmple
    floor.o(i.__softfp_floor) refers (Special) to iusefp.o(.text) for __I$use$fp
    floor.o(i.__softfp_floor) refers to floor.o(i.floor) for floor
    floor.o(i.floor) refers (Special) to iusefp.o(.text) for __I$use$fp
    floor.o(i.floor) refers to dadd.o(.text) for __aeabi_dadd
    floor.o(i.floor) refers to cdrcmple.o(.text) for __aeabi_cdrcmple
    round.o(i.round) refers (Special) to iusefp.o(.text) for __I$use$fp
    round.o(i.round) refers to drnd.o(.text) for _drnd
    round.o(i.round) refers to dadd.o(.text) for __aeabi_dsub
    round.o(i.round) refers to cdcmple.o(.text) for __aeabi_cdcmple
    round.o(i.round) refers to cdrcmple.o(.text) for __aeabi_cdrcmple
    entry.o(.ARM.Collect$$$$00000000) refers (Special) to entry10a.o(.ARM.Collect$$$$0000000D) for __rt_final_cpp
    entry.o(.ARM.Collect$$$$00000000) refers (Special) to entry11a.o(.ARM.Collect$$$$0000000F) for __rt_final_exit
    entry.o(.ARM.Collect$$$$00000000) refers (Special) to entry7b.o(.ARM.Collect$$$$00000008) for _main_clock
    entry.o(.ARM.Collect$$$$00000000) refers (Special) to entry8b.o(.ARM.Collect$$$$0000000A) for _main_cpp_init
    entry.o(.ARM.Collect$$$$00000000) refers (Special) to entry9a.o(.ARM.Collect$$$$0000000B) for _main_init
    entry.o(.ARM.Collect$$$$00000000) refers (Special) to entry5.o(.ARM.Collect$$$$00000004) for _main_scatterload
    entry.o(.ARM.Collect$$$$00000000) refers (Special) to entry2.o(.ARM.Collect$$$$00000001) for _main_stk
    idiv.o(.text) refers to uidiv.o(.text) for __aeabi_uidivmod
    uldiv.o(.text) refers to llushr.o(.text) for __aeabi_llsr
    uldiv.o(.text) refers to llshl.o(.text) for __aeabi_llsl
    llmul.o(.text) refers to llshl.o(.text) for __aeabi_llsl
    rand.o(.text) refers to rand.o(.data) for .data
    strtok.o(.text) refers to strtok.o(.data) for .data
    strtok_r.o(.text) refers to strtok_r.o(.data) for .data
    printfb.o(i.__0fprintf$bare) refers to printfb.o(i._printf_core) for _printf_core
    printfb.o(i.__0fprintf$bare) refers to fputc.o(i.fputc) for fputc
    printfb.o(i.__0printf$bare) refers to printfb.o(i._printf_core) for _printf_core
    printfb.o(i.__0printf$bare) refers to fputc.o(i.fputc) for fputc
    printfb.o(i.__0printf$bare) refers to stdout.o(.data) for __stdout
    printfb.o(i.__0snprintf$bare) refers to printfb.o(i._printf_core) for _printf_core
    printfb.o(i.__0snprintf$bare) refers to printfb.o(i._snputc) for _snputc
    printfb.o(i.__0sprintf$bare) refers to printfb.o(i._printf_core) for _printf_core
    printfb.o(i.__0sprintf$bare) refers to printfb.o(i._sputc) for _sputc
    printfb.o(i.__0vfprintf$bare) refers to printfb.o(i._printf_core) for _printf_core
    printfb.o(i.__0vfprintf$bare) refers to fputc.o(i.fputc) for fputc
    printfb.o(i.__0vprintf$bare) refers to printfb.o(i._printf_core) for _printf_core
    printfb.o(i.__0vprintf$bare) refers to fputc.o(i.fputc) for fputc
    printfb.o(i.__0vprintf$bare) refers to stdout.o(.data) for __stdout
    printfb.o(i.__0vsnprintf$bare) refers to printfb.o(i._printf_core) for _printf_core
    printfb.o(i.__0vsnprintf$bare) refers to printfb.o(i._snputc) for _snputc
    printfb.o(i.__0vsprintf$bare) refers to printfb.o(i._printf_core) for _printf_core
    printfb.o(i.__0vsprintf$bare) refers to printfb.o(i._sputc) for _sputc
    printf0.o(i.__0fprintf$0) refers to printf0.o(i._printf_core) for _printf_core
    printf0.o(i.__0fprintf$0) refers to fputc.o(i.fputc) for fputc
    printf0.o(i.__0printf$0) refers to printf0.o(i._printf_core) for _printf_core
    printf0.o(i.__0printf$0) refers to fputc.o(i.fputc) for fputc
    printf0.o(i.__0printf$0) refers to stdout.o(.data) for __stdout
    printf0.o(i.__0snprintf$0) refers to printf0.o(i._printf_core) for _printf_core
    printf0.o(i.__0snprintf$0) refers to printf0.o(i._snputc) for _snputc
    printf0.o(i.__0sprintf$0) refers to printf0.o(i._printf_core) for _printf_core
    printf0.o(i.__0sprintf$0) refers to printf0.o(i._sputc) for _sputc
    printf0.o(i.__0vfprintf$0) refers to printf0.o(i._printf_core) for _printf_core
    printf0.o(i.__0vfprintf$0) refers to fputc.o(i.fputc) for fputc
    printf0.o(i.__0vprintf$0) refers to printf0.o(i._printf_core) for _printf_core
    printf0.o(i.__0vprintf$0) refers to fputc.o(i.fputc) for fputc
    printf0.o(i.__0vprintf$0) refers to stdout.o(.data) for __stdout
    printf0.o(i.__0vsnprintf$0) refers to printf0.o(i._printf_core) for _printf_core
    printf0.o(i.__0vsnprintf$0) refers to printf0.o(i._snputc) for _snputc
    printf0.o(i.__0vsprintf$0) refers to printf0.o(i._printf_core) for _printf_core
    printf0.o(i.__0vsprintf$0) refers to printf0.o(i._sputc) for _sputc
    printf1.o(i.__0fprintf$1) refers to printf1.o(i._printf_core) for _printf_core
    printf1.o(i.__0fprintf$1) refers to fputc.o(i.fputc) for fputc
    printf1.o(i.__0printf$1) refers to printf1.o(i._printf_core) for _printf_core
    printf1.o(i.__0printf$1) refers to fputc.o(i.fputc) for fputc
    printf1.o(i.__0printf$1) refers to stdout.o(.data) for __stdout
    printf1.o(i.__0snprintf$1) refers to printf1.o(i._printf_core) for _printf_core
    printf1.o(i.__0snprintf$1) refers to printf1.o(i._snputc) for _snputc
    printf1.o(i.__0sprintf$1) refers to printf1.o(i._printf_core) for _printf_core
    printf1.o(i.__0sprintf$1) refers to printf1.o(i._sputc) for _sputc
    printf1.o(i.__0vfprintf$1) refers to printf1.o(i._printf_core) for _printf_core
    printf1.o(i.__0vfprintf$1) refers to fputc.o(i.fputc) for fputc
    printf1.o(i.__0vprintf$1) refers to printf1.o(i._printf_core) for _printf_core
    printf1.o(i.__0vprintf$1) refers to fputc.o(i.fputc) for fputc
    printf1.o(i.__0vprintf$1) refers to stdout.o(.data) for __stdout
    printf1.o(i.__0vsnprintf$1) refers to printf1.o(i._printf_core) for _printf_core
    printf1.o(i.__0vsnprintf$1) refers to printf1.o(i._snputc) for _snputc
    printf1.o(i.__0vsprintf$1) refers to printf1.o(i._printf_core) for _printf_core
    printf1.o(i.__0vsprintf$1) refers to printf1.o(i._sputc) for _sputc
    printf1.o(i._printf_core) refers to uidiv.o(.text) for __aeabi_uidivmod
    printf2.o(i.__0fprintf$2) refers to printf2.o(i._printf_core) for _printf_core
    printf2.o(i.__0fprintf$2) refers to fputc.o(i.fputc) for fputc
    printf2.o(i.__0printf$2) refers to printf2.o(i._printf_core) for _printf_core
    printf2.o(i.__0printf$2) refers to fputc.o(i.fputc) for fputc
    printf2.o(i.__0printf$2) refers to stdout.o(.data) for __stdout
    printf2.o(i.__0snprintf$2) refers to printf2.o(i._printf_core) for _printf_core
    printf2.o(i.__0snprintf$2) refers to printf2.o(i._snputc) for _snputc
    printf2.o(i.__0sprintf$2) refers to printf2.o(i._printf_core) for _printf_core
    printf2.o(i.__0sprintf$2) refers to printf2.o(i._sputc) for _sputc
    printf2.o(i.__0vfprintf$2) refers to printf2.o(i._printf_core) for _printf_core
    printf2.o(i.__0vfprintf$2) refers to fputc.o(i.fputc) for fputc
    printf2.o(i.__0vprintf$2) refers to printf2.o(i._printf_core) for _printf_core
    printf2.o(i.__0vprintf$2) refers to fputc.o(i.fputc) for fputc
    printf2.o(i.__0vprintf$2) refers to stdout.o(.data) for __stdout
    printf2.o(i.__0vsnprintf$2) refers to printf2.o(i._printf_core) for _printf_core
    printf2.o(i.__0vsnprintf$2) refers to printf2.o(i._snputc) for _snputc
    printf2.o(i.__0vsprintf$2) refers to printf2.o(i._printf_core) for _printf_core
    printf2.o(i.__0vsprintf$2) refers to printf2.o(i._sputc) for _sputc
    printf3.o(i.__0fprintf$3) refers to printf3.o(i._printf_core) for _printf_core
    printf3.o(i.__0fprintf$3) refers to fputc.o(i.fputc) for fputc
    printf3.o(i.__0printf$3) refers to printf3.o(i._printf_core) for _printf_core
    printf3.o(i.__0printf$3) refers to fputc.o(i.fputc) for fputc
    printf3.o(i.__0printf$3) refers to stdout.o(.data) for __stdout
    printf3.o(i.__0snprintf$3) refers to printf3.o(i._printf_core) for _printf_core
    printf3.o(i.__0snprintf$3) refers to printf3.o(i._snputc) for _snputc
    printf3.o(i.__0sprintf$3) refers to printf3.o(i._printf_core) for _printf_core
    printf3.o(i.__0sprintf$3) refers to printf3.o(i._sputc) for _sputc
    printf3.o(i.__0vfprintf$3) refers to printf3.o(i._printf_core) for _printf_core
    printf3.o(i.__0vfprintf$3) refers to fputc.o(i.fputc) for fputc
    printf3.o(i.__0vprintf$3) refers to printf3.o(i._printf_core) for _printf_core
    printf3.o(i.__0vprintf$3) refers to fputc.o(i.fputc) for fputc
    printf3.o(i.__0vprintf$3) refers to stdout.o(.data) for __stdout
    printf3.o(i.__0vsnprintf$3) refers to printf3.o(i._printf_core) for _printf_core
    printf3.o(i.__0vsnprintf$3) refers to printf3.o(i._snputc) for _snputc
    printf3.o(i.__0vsprintf$3) refers to printf3.o(i._printf_core) for _printf_core
    printf3.o(i.__0vsprintf$3) refers to printf3.o(i._sputc) for _sputc
    printf3.o(i._printf_core) refers to uidiv.o(.text) for __aeabi_uidivmod
    printf4.o(i.__0fprintf$4) refers to printf4.o(i._printf_core) for _printf_core
    printf4.o(i.__0fprintf$4) refers to fputc.o(i.fputc) for fputc
    printf4.o(i.__0printf$4) refers to printf4.o(i._printf_core) for _printf_core
    printf4.o(i.__0printf$4) refers to fputc.o(i.fputc) for fputc
    printf4.o(i.__0printf$4) refers to stdout.o(.data) for __stdout
    printf4.o(i.__0snprintf$4) refers to printf4.o(i._printf_core) for _printf_core
    printf4.o(i.__0snprintf$4) refers to printf4.o(i._snputc) for _snputc
    printf4.o(i.__0sprintf$4) refers to printf4.o(i._printf_core) for _printf_core
    printf4.o(i.__0sprintf$4) refers to printf4.o(i._sputc) for _sputc
    printf4.o(i.__0vfprintf$4) refers to printf4.o(i._printf_core) for _printf_core
    printf4.o(i.__0vfprintf$4) refers to fputc.o(i.fputc) for fputc
    printf4.o(i.__0vprintf$4) refers to printf4.o(i._printf_core) for _printf_core
    printf4.o(i.__0vprintf$4) refers to fputc.o(i.fputc) for fputc
    printf4.o(i.__0vprintf$4) refers to stdout.o(.data) for __stdout
    printf4.o(i.__0vsnprintf$4) refers to printf4.o(i._printf_core) for _printf_core
    printf4.o(i.__0vsnprintf$4) refers to printf4.o(i._snputc) for _snputc
    printf4.o(i.__0vsprintf$4) refers to printf4.o(i._printf_core) for _printf_core
    printf4.o(i.__0vsprintf$4) refers to printf4.o(i._sputc) for _sputc
    printf4.o(i._printf_core) refers to uldiv.o(.text) for __aeabi_uldivmod
    printf5.o(i.__0fprintf$5) refers to printf5.o(i._printf_core) for _printf_core
    printf5.o(i.__0fprintf$5) refers to fputc.o(i.fputc) for fputc
    printf5.o(i.__0printf$5) refers to printf5.o(i._printf_core) for _printf_core
    printf5.o(i.__0printf$5) refers to fputc.o(i.fputc) for fputc
    printf5.o(i.__0printf$5) refers to stdout.o(.data) for __stdout
    printf5.o(i.__0snprintf$5) refers to printf5.o(i._printf_core) for _printf_core
    printf5.o(i.__0snprintf$5) refers to printf5.o(i._snputc) for _snputc
    printf5.o(i.__0sprintf$5) refers to printf5.o(i._printf_core) for _printf_core
    printf5.o(i.__0sprintf$5) refers to printf5.o(i._sputc) for _sputc
    printf5.o(i.__0vfprintf$5) refers to printf5.o(i._printf_core) for _printf_core
    printf5.o(i.__0vfprintf$5) refers to fputc.o(i.fputc) for fputc
    printf5.o(i.__0vprintf$5) refers to printf5.o(i._printf_core) for _printf_core
    printf5.o(i.__0vprintf$5) refers to fputc.o(i.fputc) for fputc
    printf5.o(i.__0vprintf$5) refers to stdout.o(.data) for __stdout
    printf5.o(i.__0vsnprintf$5) refers to printf5.o(i._printf_core) for _printf_core
    printf5.o(i.__0vsnprintf$5) refers to printf5.o(i._snputc) for _snputc
    printf5.o(i.__0vsprintf$5) refers to printf5.o(i._printf_core) for _printf_core
    printf5.o(i.__0vsprintf$5) refers to printf5.o(i._sputc) for _sputc
    printf5.o(i._printf_core) refers to uldiv.o(.text) for __aeabi_uldivmod
    printf6.o(i.__0fprintf$6) refers to printf6.o(i._printf_core) for _printf_core
    printf6.o(i.__0fprintf$6) refers to fputc.o(i.fputc) for fputc
    printf6.o(i.__0printf$6) refers to printf6.o(i._printf_core) for _printf_core
    printf6.o(i.__0printf$6) refers to fputc.o(i.fputc) for fputc
    printf6.o(i.__0printf$6) refers to stdout.o(.data) for __stdout
    printf6.o(i.__0snprintf$6) refers to printf6.o(i._printf_core) for _printf_core
    printf6.o(i.__0snprintf$6) refers to printf6.o(i._snputc) for _snputc
    printf6.o(i.__0sprintf$6) refers to printf6.o(i._printf_core) for _printf_core
    printf6.o(i.__0sprintf$6) refers to printf6.o(i._sputc) for _sputc
    printf6.o(i.__0vfprintf$6) refers to printf6.o(i._printf_core) for _printf_core
    printf6.o(i.__0vfprintf$6) refers to fputc.o(i.fputc) for fputc
    printf6.o(i.__0vprintf$6) refers to printf6.o(i._printf_core) for _printf_core
    printf6.o(i.__0vprintf$6) refers to fputc.o(i.fputc) for fputc
    printf6.o(i.__0vprintf$6) refers to stdout.o(.data) for __stdout
    printf6.o(i.__0vsnprintf$6) refers to printf6.o(i._printf_core) for _printf_core
    printf6.o(i.__0vsnprintf$6) refers to printf6.o(i._snputc) for _snputc
    printf6.o(i.__0vsprintf$6) refers to printf6.o(i._printf_core) for _printf_core
    printf6.o(i.__0vsprintf$6) refers to printf6.o(i._sputc) for _sputc
    printf6.o(i._printf_core) refers to printf6.o(i._printf_pre_padding) for _printf_pre_padding
    printf6.o(i._printf_core) refers to printf6.o(i._printf_post_padding) for _printf_post_padding
    printf6.o(i._printf_core) refers to uidiv.o(.text) for __aeabi_uidivmod
    printf7.o(i.__0fprintf$7) refers to printf7.o(i._printf_core) for _printf_core
    printf7.o(i.__0fprintf$7) refers to fputc.o(i.fputc) for fputc
    printf7.o(i.__0printf$7) refers to printf7.o(i._printf_core) for _printf_core
    printf7.o(i.__0printf$7) refers to fputc.o(i.fputc) for fputc
    printf7.o(i.__0printf$7) refers to stdout.o(.data) for __stdout
    printf7.o(i.__0snprintf$7) refers to printf7.o(i._printf_core) for _printf_core
    printf7.o(i.__0snprintf$7) refers to printf7.o(i._snputc) for _snputc
    printf7.o(i.__0sprintf$7) refers to printf7.o(i._printf_core) for _printf_core
    printf7.o(i.__0sprintf$7) refers to printf7.o(i._sputc) for _sputc
    printf7.o(i.__0vfprintf$7) refers to printf7.o(i._printf_core) for _printf_core
    printf7.o(i.__0vfprintf$7) refers to fputc.o(i.fputc) for fputc
    printf7.o(i.__0vprintf$7) refers to printf7.o(i._printf_core) for _printf_core
    printf7.o(i.__0vprintf$7) refers to fputc.o(i.fputc) for fputc
    printf7.o(i.__0vprintf$7) refers to stdout.o(.data) for __stdout
    printf7.o(i.__0vsnprintf$7) refers to printf7.o(i._printf_core) for _printf_core
    printf7.o(i.__0vsnprintf$7) refers to printf7.o(i._snputc) for _snputc
    printf7.o(i.__0vsprintf$7) refers to printf7.o(i._printf_core) for _printf_core
    printf7.o(i.__0vsprintf$7) refers to printf7.o(i._sputc) for _sputc
    printf7.o(i._printf_core) refers to printf7.o(i._printf_pre_padding) for _printf_pre_padding
    printf7.o(i._printf_core) refers to printf7.o(i._printf_post_padding) for _printf_post_padding
    printf7.o(i._printf_core) refers to uldiv.o(.text) for __aeabi_uldivmod
    printf8.o(i.__0fprintf$8) refers to printf8.o(i._printf_core) for _printf_core
    printf8.o(i.__0fprintf$8) refers to fputc.o(i.fputc) for fputc
    printf8.o(i.__0printf$8) refers to printf8.o(i._printf_core) for _printf_core
    printf8.o(i.__0printf$8) refers to fputc.o(i.fputc) for fputc
    printf8.o(i.__0printf$8) refers to stdout.o(.data) for __stdout
    printf8.o(i.__0snprintf$8) refers to printf8.o(i._printf_core) for _printf_core
    printf8.o(i.__0snprintf$8) refers to printf8.o(i._snputc) for _snputc
    printf8.o(i.__0sprintf$8) refers to printf8.o(i._printf_core) for _printf_core
    printf8.o(i.__0sprintf$8) refers to printf8.o(i._sputc) for _sputc
    printf8.o(i.__0vfprintf$8) refers to printf8.o(i._printf_core) for _printf_core
    printf8.o(i.__0vfprintf$8) refers to fputc.o(i.fputc) for fputc
    printf8.o(i.__0vprintf$8) refers to printf8.o(i._printf_core) for _printf_core
    printf8.o(i.__0vprintf$8) refers to fputc.o(i.fputc) for fputc
    printf8.o(i.__0vprintf$8) refers to stdout.o(.data) for __stdout
    printf8.o(i.__0vsnprintf$8) refers to printf8.o(i._printf_core) for _printf_core
    printf8.o(i.__0vsnprintf$8) refers to printf8.o(i._snputc) for _snputc
    printf8.o(i.__0vsprintf$8) refers to printf8.o(i._printf_core) for _printf_core
    printf8.o(i.__0vsprintf$8) refers to printf8.o(i._sputc) for _sputc
    printf8.o(i._printf_core) refers to printf8.o(i._printf_pre_padding) for _printf_pre_padding
    printf8.o(i._printf_core) refers to printf8.o(i._printf_post_padding) for _printf_post_padding
    printf8.o(i._printf_core) refers to uldiv.o(.text) for __aeabi_uldivmod
    printfa.o(i.__0fprintf) refers (Special) to iusefp.o(.text) for __I$use$fp
    printfa.o(i.__0fprintf) refers to printfa.o(i._printf_core) for _printf_core
    printfa.o(i.__0fprintf) refers to fputc.o(i.fputc) for fputc
    printfa.o(i.__0printf) refers (Special) to iusefp.o(.text) for __I$use$fp
    printfa.o(i.__0printf) refers to printfa.o(i._printf_core) for _printf_core
    printfa.o(i.__0printf) refers to fputc.o(i.fputc) for fputc
    printfa.o(i.__0printf) refers to stdout.o(.data) for __stdout
    printfa.o(i.__0snprintf) refers (Special) to iusefp.o(.text) for __I$use$fp
    printfa.o(i.__0snprintf) refers to printfa.o(i._printf_core) for _printf_core
    printfa.o(i.__0snprintf) refers to printfa.o(i._snputc) for _snputc
    printfa.o(i.__0sprintf) refers (Special) to iusefp.o(.text) for __I$use$fp
    printfa.o(i.__0sprintf) refers to printfa.o(i._printf_core) for _printf_core
    printfa.o(i.__0sprintf) refers to printfa.o(i._sputc) for _sputc
    printfa.o(i.__0vfprintf) refers (Special) to iusefp.o(.text) for __I$use$fp
    printfa.o(i.__0vfprintf) refers to printfa.o(i._printf_core) for _printf_core
    printfa.o(i.__0vfprintf) refers to fputc.o(i.fputc) for fputc
    printfa.o(i.__0vprintf) refers (Special) to iusefp.o(.text) for __I$use$fp
    printfa.o(i.__0vprintf) refers to printfa.o(i._printf_core) for _printf_core
    printfa.o(i.__0vprintf) refers to fputc.o(i.fputc) for fputc
    printfa.o(i.__0vprintf) refers to stdout.o(.data) for __stdout
    printfa.o(i.__0vsnprintf) refers (Special) to iusefp.o(.text) for __I$use$fp
    printfa.o(i.__0vsnprintf) refers to printfa.o(i._printf_core) for _printf_core
    printfa.o(i.__0vsnprintf) refers to printfa.o(i._snputc) for _snputc
    printfa.o(i.__0vsprintf) refers (Special) to iusefp.o(.text) for __I$use$fp
    printfa.o(i.__0vsprintf) refers to printfa.o(i._printf_core) for _printf_core
    printfa.o(i.__0vsprintf) refers to printfa.o(i._sputc) for _sputc
    printfa.o(i._fp_digits) refers (Special) to iusefp.o(.text) for __I$use$fp
    printfa.o(i._fp_digits) refers to dmul.o(.text) for __aeabi_dmul
    printfa.o(i._fp_digits) refers to ddiv.o(.text) for __aeabi_ddiv
    printfa.o(i._fp_digits) refers to cdrcmple.o(.text) for __aeabi_cdrcmple
    printfa.o(i._fp_digits) refers to dadd.o(.text) for __aeabi_dadd
    printfa.o(i._fp_digits) refers to dfixul.o(.text) for __aeabi_d2ulz
    printfa.o(i._fp_digits) refers to uldiv.o(.text) for __aeabi_uldivmod
    printfa.o(i._printf_core) refers (Special) to iusefp.o(.text) for __I$use$fp
    printfa.o(i._printf_core) refers to printfa.o(i._printf_pre_padding) for _printf_pre_padding
    printfa.o(i._printf_core) refers to uldiv.o(.text) for __aeabi_uldivmod
    printfa.o(i._printf_core) refers to printfa.o(i._printf_post_padding) for _printf_post_padding
    printfa.o(i._printf_core) refers to printfa.o(i._fp_digits) for _fp_digits
    printfa.o(i._printf_core) refers to uidiv.o(.text) for __aeabi_uidivmod
    printfa.o(i._printf_post_padding) refers (Special) to iusefp.o(.text) for __I$use$fp
    printfa.o(i._printf_pre_padding) refers (Special) to iusefp.o(.text) for __I$use$fp
    printfa.o(i._snputc) refers (Special) to iusefp.o(.text) for __I$use$fp
    printfa.o(i._sputc) refers (Special) to iusefp.o(.text) for __I$use$fp
    atoi.o(.text) refers to errno.o(i.__aeabi_errno_addr) for __aeabi_errno_addr
    atoi.o(.text) refers to strtol.o(.text) for strtol
    fadd.o(.text) refers (Special) to iusefp.o(.text) for __I$use$fp
    fadd.o(.text) refers to fepilogue.o(.text) for _float_epilogue
    fmul.o(.text) refers (Special) to iusefp.o(.text) for __I$use$fp
    fdiv.o(.text) refers (Special) to iusefp.o(.text) for __I$use$fp
    fdiv.o(.text) refers to fepilogue.o(.text) for _float_round
    dadd.o(.text) refers (Special) to iusefp.o(.text) for __I$use$fp
    dadd.o(.text) refers to llshl.o(.text) for __aeabi_llsl
    dadd.o(.text) refers to llsshr.o(.text) for __aeabi_lasr
    dadd.o(.text) refers to depilogue.o(.text) for _double_epilogue
    dmul.o(.text) refers (Special) to iusefp.o(.text) for __I$use$fp
    dmul.o(.text) refers to depilogue.o(.text) for _double_epilogue
    ddiv.o(.text) refers (Special) to iusefp.o(.text) for __I$use$fp
    ddiv.o(.text) refers to depilogue.o(.text) for _double_round
    dscalb.o(.text) refers (Special) to iusefp.o(.text) for __I$use$fp
    fflti.o(.text) refers (Special) to iusefp.o(.text) for __I$use$fp
    fflti.o(.text) refers to fepilogue.o(.text) for _float_epilogue
    ffltui.o(.text) refers (Special) to iusefp.o(.text) for __I$use$fp
    ffltui.o(.text) refers to fepilogue.o(.text) for _float_epilogue
    dflti.o(.text) refers (Special) to iusefp.o(.text) for __I$use$fp
    dflti.o(.text) refers to depilogue.o(.text) for _double_epilogue
    dfltui.o(.text) refers (Special) to iusefp.o(.text) for __I$use$fp
    dfltui.o(.text) refers to depilogue.o(.text) for _double_epilogue
    ffixi.o(.text) refers (Special) to iusefp.o(.text) for __I$use$fp
    ffixui.o(.text) refers (Special) to iusefp.o(.text) for __I$use$fp
    dfixi.o(.text) refers (Special) to iusefp.o(.text) for __I$use$fp
    dfixi.o(.text) refers to llushr.o(.text) for __aeabi_llsr
    dfixui.o(.text) refers (Special) to iusefp.o(.text) for __I$use$fp
    dfixui.o(.text) refers to llushr.o(.text) for __aeabi_llsr
    f2d.o(.text) refers (Special) to iusefp.o(.text) for __I$use$fp
    cdrcmple.o(.text) refers (Special) to iusefp.o(.text) for __I$use$fp
    d2f.o(.text) refers (Special) to iusefp.o(.text) for __I$use$fp
    d2f.o(.text) refers to fepilogue.o(.text) for _float_round
    cfcmple.o(.text) refers (Special) to iusefp.o(.text) for __I$use$fp
    entry2.o(.ARM.Collect$$$$00000001) refers to entry2.o(.ARM.Collect$$$$00002712) for __lit__00000000
    entry2.o(.ARM.Collect$$$$00002712) refers to startup_stm32l072xx.o(STACK) for __initial_sp
    entry2.o(__vectab_stack_and_reset_area) refers to startup_stm32l072xx.o(STACK) for __initial_sp
    entry2.o(__vectab_stack_and_reset_area) refers to entry.o(.ARM.Collect$$$$00000000) for __main
    entry5.o(.ARM.Collect$$$$00000004) refers to init.o(.text) for __scatterload
    entry9a.o(.ARM.Collect$$$$0000000B) refers to main.o(i.main) for main
    entry9b.o(.ARM.Collect$$$$0000000C) refers to main.o(i.main) for main
    fputc.o(i.fputc) refers (Special) to iusesemip.o(.text) for __I$use$semihosting$fputc
    fputc.o(i.fputc) refers (Special) to semi.o(.text) for __semihosting_library_function
    errno.o(i.__aeabi_errno_addr) refers to errno.o(.data) for .data
    errno.o(i.__read_errno) refers to errno.o(.data) for .data
    errno.o(i.__set_errno) refers to errno.o(.data) for .data
    strtod.o(.text) refers to scanf_fp.o(.text) for _scanf_real
    strtod.o(.text) refers to _sgetc.o(.text) for _sgetc
    strtod.o(.text) refers to isspace_o.o(.text) for isspace
    strtol.o(.text) refers to ctype_o.o(.text) for __rt_ctype_table
    strtol.o(.text) refers to _strtoul.o(.text) for _strtoul
    strtol.o(.text) refers to errno.o(i.__aeabi_errno_addr) for __aeabi_errno_addr
    depilogue.o(.text) refers to depilogue.o(i.__ARM_clz) for __ARM_clz
    depilogue.o(.text) refers to llshl.o(.text) for __aeabi_llsl
    depilogue.o(.text) refers to llushr.o(.text) for __aeabi_llsr
    drnd.o(.text) refers to llshl.o(.text) for __aeabi_llsl
    drnd.o(.text) refers to llushr.o(.text) for __aeabi_llsr
    drnd.o(.text) refers to depilogue.o(.text) for _double_round
    dfixul.o(.text) refers to llushr.o(.text) for __aeabi_llsr
    dfixul.o(.text) refers to llshl.o(.text) for __aeabi_llsl
    init.o(.text) refers to entry5.o(.ARM.Collect$$$$00000004) for __main_after_scatterload
    isspace_c.o(.text) refers to ctype_c.o(.text) for __ctype_lookup
    ctype_o.o(.text) refers to ctype_o.o(.constdata) for .constdata
    ctype_o.o(.constdata) refers to ctype_o.o(.constdata) for __ctype_table
    isalnum_o.o(.text) refers to ctype_o.o(.text) for __rt_ctype_table
    isalpha_o.o(.text) refers to ctype_o.o(.text) for __rt_ctype_table
    isblank_o.o(.text) refers to ctype_o.o(.constdata) for __ctype_table
    iscntrl_o.o(.text) refers to ctype_o.o(.text) for __rt_ctype_table
    isdigit_o.o(.text) refers to ctype_o.o(.text) for __rt_ctype_table
    isgraph_o.o(.text) refers to ctype_o.o(.text) for __rt_ctype_table
    islower_o.o(.text) refers to ctype_o.o(.text) for __rt_ctype_table
    isprint_o.o(.text) refers to ctype_o.o(.text) for __rt_ctype_table
    ispunct_o.o(.text) refers to ctype_o.o(.text) for __rt_ctype_table
    isspace_o.o(.text) refers to ctype_o.o(.text) for __rt_ctype_table
    isupper_o.o(.text) refers to ctype_o.o(.text) for __rt_ctype_table
    isxdigit_o.o(.text) refers to ctype_o.o(.text) for __rt_ctype_table
    scanf_fp.o(.text) refers (Special) to iusefp.o(.text) for __I$use$fp
    scanf_fp.o(.text) refers to llmul.o(.text) for __aeabi_lmul
    scanf_fp.o(.text) refers to dfltul.o(.text) for __aeabi_ul2d
    scanf_fp.o(.text) refers to dmul.o(.text) for __aeabi_dmul
    scanf_fp.o(.text) refers to ddiv.o(.text) for __aeabi_ddiv
    scanf_fp.o(.text) refers to scanf_fp.o(i._is_digit) for _is_digit
    scanf_fp.o(.text) refers to d2f.o(.text) for __aeabi_d2f
    _strtoul.o(.text) refers to _chval.o(.text) for _chval
    _strtoul.o(.text) refers to errno.o(i.__aeabi_errno_addr) for __aeabi_errno_addr
    ctype_c.o(.text) refers to ctype_c.o(.constdata) for .constdata
    dfltul.o(.text) refers to depilogue.o(.text) for _double_epilogue
    scanf_fp.o(i._is_digit) refers (Special) to iusefp.o(.text) for __I$use$fp

