<!doctype html public "-//w3c//dtd html 4.0 transitional//en">
<html><head>
<title>Static Call Graph - [.\mlm32l07x01Lib\DISCO_CUBE_SGFX_WLIB.axf]</title></head>
<body><HR>
<H1>Static Call Graph for image .\mlm32l07x01Lib\DISCO_CUBE_SGFX_WLIB.axf</H1><HR>
<BR><P>#&#060CALLGRAPH&#062# ARM Linker, 5060750: Last Updated: Wed May 26 09:34:06 2021
<BR><P>
<H3>Maximum Stack Usage =       1640 bytes + Unknown(Cycles, Untraceable Function Pointers)</H3><H3>
Call chain for Maximum Stack Depth:</H3>
main &rArr; sendTest &rArr; sendSigfox &rArr; SIGFOX_API_send_frame &rArr; SIGFOX_INT_execute_communication_sequence &rArr; SIGFOX_INT_prepare_transmission &rArr; SIGFOX_INT_build_frame &rArr; SE_API_secure_uplink_message &rArr; SIGFOX_encrypt_decrypt_frame &rArr; CREDENTIALS_aes_128_cbc_encrypt &rArr; CREDENTIALS_get_key &rArr; CREDENTIALS_get_cra &rArr; CREDENTIALS_get_signature &rArr; aes_cbc_encrypt &rArr; mix_sub_columns
<P>
<H3>
Mutually Recursive functions
</H3> <LI><a href="#[27]">ADC1_COMP_IRQHandler</a>&nbsp;&nbsp;&nbsp;&rArr;&nbsp;&nbsp;&nbsp;<a href="#[27]">ADC1_COMP_IRQHandler</a><BR>
 <LI><a href="#[17]">HardFault_Handler</a>&nbsp;&nbsp;&nbsp;&rArr;&nbsp;&nbsp;&nbsp;<a href="#[17]">HardFault_Handler</a><BR>
 <LI><a href="#[112]">Error_Handler</a>&nbsp;&nbsp;&nbsp;&rArr;&nbsp;&nbsp;&nbsp;<a href="#[112]">Error_Handler</a><BR>
</UL>
<P>
<H3>
Function Pointers
</H3><UL>
 <LI><a href="#[27]">ADC1_COMP_IRQHandler</a> from startup_stm32l072xx.o(.text) referenced from startup_stm32l072xx.o(RESET)
 <LI><a href="#[3c]">BG96_ReceiveToBuffer</a> from bg96.o(i.BG96_ReceiveToBuffer) referenced from bg96.o(i.BG96_Init)
 <LI><a href="#[24]">DMA1_Channel1_IRQHandler</a> from startup_stm32l072xx.o(.text) referenced from startup_stm32l072xx.o(RESET)
 <LI><a href="#[25]">DMA1_Channel2_3_IRQHandler</a> from mlm32l0xx_it.o(i.DMA1_Channel2_3_IRQHandler) referenced from startup_stm32l072xx.o(RESET)
 <LI><a href="#[26]">DMA1_Channel4_5_6_7_IRQHandler</a> from mlm32l0xx_it.o(i.DMA1_Channel4_5_6_7_IRQHandler) referenced from startup_stm32l072xx.o(RESET)
 <LI><a href="#[45]">DummyCB</a> from loramaccrypto.o(i.DummyCB) referenced from loramaccrypto.o(i.LoRaMacCryptoInit)
 <LI><a href="#[59]">DummyCB</a> from soft-se.o(i.DummyCB) referenced from soft-se.o(i.SecureElementInit)
 <LI><a href="#[20]">EXTI0_1_IRQHandler</a> from mlm32l0xx_it.o(i.EXTI0_1_IRQHandler) referenced from startup_stm32l072xx.o(RESET)
 <LI><a href="#[21]">EXTI2_3_IRQHandler</a> from mlm32l0xx_it.o(i.EXTI2_3_IRQHandler) referenced from startup_stm32l072xx.o(RESET)
 <LI><a href="#[22]">EXTI4_15_IRQHandler</a> from mlm32l0xx_it.o(i.EXTI4_15_IRQHandler) referenced from startup_stm32l072xx.o(RESET)
 <LI><a href="#[53]">EventClassBNvmCtxChanged</a> from loramac.o(i.EventClassBNvmCtxChanged) referenced from loramac.o(i.LoRaMacInitialization)
 <LI><a href="#[52]">EventCommandsNvmCtxChanged</a> from loramac.o(i.EventCommandsNvmCtxChanged) referenced from loramac.o(i.LoRaMacInitialization)
 <LI><a href="#[46]">EventConfirmQueueNvmCtxChanged</a> from loramac.o(i.EventConfirmQueueNvmCtxChanged) referenced from loramac.o(i.LoRaMacInitialization)
 <LI><a href="#[51]">EventCryptoNvmCtxChanged</a> from loramac.o(i.EventCryptoNvmCtxChanged) referenced from loramac.o(i.LoRaMacInitialization)
 <LI><a href="#[50]">EventSecureElementNvmCtxChanged</a> from loramac.o(i.EventSecureElementNvmCtxChanged) referenced from loramac.o(i.LoRaMacInitialization)
 <LI><a href="#[1e]">FLASH_IRQHandler</a> from startup_stm32l072xx.o(.text) referenced from startup_stm32l072xx.o(RESET)
 <LI><a href="#[e]">HW_GetRandomSeed</a> from mlm32l0xx_hw.o(i.HW_GetRandomSeed) referenced 2 times from lorawan.o(.data)
 <LI><a href="#[c]">HW_GetTemperatureLevel</a> from mlm32l0xx_hw.o(i.HW_GetTemperatureLevel) referenced 2 times from lorawan.o(.data)
 <LI><a href="#[d]">HW_GetUniqueId</a> from mlm32l0xx_hw.o(i.HW_GetUniqueId) referenced 2 times from lorawan.o(.data)
 <LI><a href="#[17]">HardFault_Handler</a> from mlm32l0xx_it.o(i.HardFault_Handler) referenced from startup_stm32l072xx.o(RESET)
 <LI><a href="#[31]">I2C1_IRQHandler</a> from startup_stm32l072xx.o(.text) referenced from startup_stm32l072xx.o(RESET)
 <LI><a href="#[32]">I2C2_IRQHandler</a> from startup_stm32l072xx.o(.text) referenced from startup_stm32l072xx.o(RESET)
 <LI><a href="#[2f]">I2C3_IRQHandler</a> from startup_stm32l072xx.o(.text) referenced from startup_stm32l072xx.o(RESET)
 <LI><a href="#[11]">LORA_ConfirmClass</a> from lorawan.o(i.LORA_ConfirmClass) referenced 2 times from lorawan.o(.data)
 <LI><a href="#[14]">LORA_Done</a> from lorawan.o(i.LORA_Done) referenced 2 times from lorawan.o(.data)
 <LI><a href="#[b]">LORA_GetBatteryLevel</a> from lorawan.o(i.LORA_GetBatteryLevel) referenced 2 times from lorawan.o(.data)
 <LI><a href="#[10]">LORA_HasJoined</a> from lorawan.o(i.LORA_HasJoined) referenced 2 times from lorawan.o(.data)
 <LI><a href="#[f]">LORA_RxData</a> from lorawan.o(i.LORA_RxData) referenced 2 times from lorawan.o(.data)
 <LI><a href="#[12]">LORA_TxNeeded</a> from lorawan.o(i.LORA_TxNeeded) referenced 2 times from lorawan.o(.data)
 <LI><a href="#[28]">LPTIM1_IRQHandler</a> from startup_stm32l072xx.o(.text) referenced from startup_stm32l072xx.o(RESET)
 <LI><a href="#[13]">LoraMacProcessNotify</a> from lorawan.o(i.LoraMacProcessNotify) referenced 2 times from lorawan.o(.data)
 <LI><a href="#[41]">McpsConfirm</a> from lora.o(i.McpsConfirm) referenced from lora.o(i.LORA_Init)
 <LI><a href="#[42]">McpsIndication</a> from lora.o(i.McpsIndication) referenced from lora.o(i.LORA_Init)
 <LI><a href="#[43]">MlmeConfirm</a> from lora.o(i.MlmeConfirm) referenced from lora.o(i.LORA_Init)
 <LI><a href="#[44]">MlmeIndication</a> from lora.o(i.MlmeIndication) referenced from lora.o(i.LORA_Init)
 <LI><a href="#[16]">NMI_Handler</a> from mlm32l0xx_it.o(i.NMI_Handler) referenced from startup_stm32l072xx.o(RESET)
 <LI><a href="#[4a]">OnAckTimeoutTimerEvent</a> from loramac.o(i.OnAckTimeoutTimerEvent) referenced from loramac.o(i.LoRaMacInitialization)
 <LI><a href="#[4a]">OnAckTimeoutTimerEvent</a> from loramac.o(i.OnAckTimeoutTimerEvent) referenced from loramac.o(i.LoRaMacInitializationReset)
 <LI><a href="#[5c]">OnCertifTxNextPacketTimerEvent</a> from lora-test.o(i.OnCertifTxNextPacketTimerEvent) referenced from lora-test.o(i.certif_rx)
 <LI><a href="#[4c]">OnRadioRxDone</a> from loramac.o(i.OnRadioRxDone) referenced from loramac.o(i.LoRaMacInitialization)
 <LI><a href="#[4c]">OnRadioRxDone</a> from loramac.o(i.OnRadioRxDone) referenced from loramac.o(i.LoRaMacInitializationReset)
 <LI><a href="#[4d]">OnRadioRxError</a> from loramac.o(i.OnRadioRxError) referenced from loramac.o(i.LoRaMacInitialization)
 <LI><a href="#[4d]">OnRadioRxError</a> from loramac.o(i.OnRadioRxError) referenced from loramac.o(i.LoRaMacInitializationReset)
 <LI><a href="#[4f]">OnRadioRxTimeout</a> from loramac.o(i.OnRadioRxTimeout) referenced from loramac.o(i.LoRaMacInitialization)
 <LI><a href="#[4f]">OnRadioRxTimeout</a> from loramac.o(i.OnRadioRxTimeout) referenced from loramac.o(i.LoRaMacInitializationReset)
 <LI><a href="#[4b]">OnRadioTxDone</a> from loramac.o(i.OnRadioTxDone) referenced from loramac.o(i.LoRaMacInitialization)
 <LI><a href="#[4b]">OnRadioTxDone</a> from loramac.o(i.OnRadioTxDone) referenced from loramac.o(i.LoRaMacInitializationReset)
 <LI><a href="#[4e]">OnRadioTxTimeout</a> from loramac.o(i.OnRadioTxTimeout) referenced from loramac.o(i.LoRaMacInitialization)
 <LI><a href="#[4e]">OnRadioTxTimeout</a> from loramac.o(i.OnRadioTxTimeout) referenced from loramac.o(i.LoRaMacInitializationReset)
 <LI><a href="#[48]">OnRxWindow1TimerEvent</a> from loramac.o(i.OnRxWindow1TimerEvent) referenced from loramac.o(i.LoRaMacInitialization)
 <LI><a href="#[48]">OnRxWindow1TimerEvent</a> from loramac.o(i.OnRxWindow1TimerEvent) referenced from loramac.o(i.LoRaMacInitializationReset)
 <LI><a href="#[49]">OnRxWindow2TimerEvent</a> from loramac.o(i.OnRxWindow2TimerEvent) referenced from loramac.o(i.LoRaMacInitialization)
 <LI><a href="#[49]">OnRxWindow2TimerEvent</a> from loramac.o(i.OnRxWindow2TimerEvent) referenced from loramac.o(i.LoRaMacInitializationReset)
 <LI><a href="#[3d]">OnTimerDelayEvt</a> from mcu_api.o(i.OnTimerDelayEvt) referenced from mcu_api.o(i.Delay_Lp)
 <LI><a href="#[55]">OnTimerTimeoutCsEvt</a> from st_lowlevel.o(i.OnTimerTimeoutCsEvt) referenced from mcu_api.o(i.MCU_API_timer_start_carrier_sense)
 <LI><a href="#[54]">OnTimerTimeoutEvt</a> from mcu_api.o(i.OnTimerTimeoutEvt) referenced from mcu_api.o(i.MCU_API_timer_start)
 <LI><a href="#[47]">OnTxDelayedTimerEvent</a> from loramac.o(i.OnTxDelayedTimerEvent) referenced from loramac.o(i.LoRaMacInitialization)
 <LI><a href="#[47]">OnTxDelayedTimerEvent</a> from loramac.o(i.OnTxDelayedTimerEvent) referenced from loramac.o(i.LoRaMacInitializationReset)
 <LI><a href="#[1c]">PVD_IRQHandler</a> from startup_stm32l072xx.o(.text) referenced from startup_stm32l072xx.o(RESET)
 <LI><a href="#[19]">PendSV_Handler</a> from mlm32l0xx_it.o(i.PendSV_Handler) referenced from startup_stm32l072xx.o(RESET)
 <LI><a href="#[56]">RADIO_rx_packet_interrupt_handler</a> from st_lowlevel.o(i.RADIO_rx_packet_interrupt_handler) referenced from st_lowlevel.o(i.STLL_Radio_IoInit)
 <LI><a href="#[1f]">RCC_CRS_IRQHandler</a> from startup_stm32l072xx.o(.text) referenced from startup_stm32l072xx.o(RESET)
 <LI><a href="#[37]">RNG_LPUART1_IRQHandler</a> from mlm32l0xx_it.o(i.RNG_LPUART1_IRQHandler) referenced from startup_stm32l072xx.o(RESET)
 <LI><a href="#[1d]">RTC_IRQHandler</a> from mlm32l0xx_it.o(i.RTC_IRQHandler) referenced from startup_stm32l072xx.o(RESET)
 <LI><a href="#[15]">Reset_Handler</a> from startup_stm32l072xx.o(.text) referenced from startup_stm32l072xx.o(RESET)
 <LI><a href="#[33]">SPI1_IRQHandler</a> from startup_stm32l072xx.o(.text) referenced from startup_stm32l072xx.o(RESET)
 <LI><a href="#[34]">SPI2_IRQHandler</a> from startup_stm32l072xx.o(.text) referenced from startup_stm32l072xx.o(RESET)
 <LI><a href="#[40]">SPI_DMAError</a> from stm32l0xx_hal_spi.o(i.SPI_DMAError) referenced from stm32l0xx_hal_spi.o(i.HAL_SPI_Transmit_DMA)
 <LI><a href="#[3e]">SPI_DMAHalfTransmitCplt</a> from stm32l0xx_hal_spi.o(i.SPI_DMAHalfTransmitCplt) referenced from stm32l0xx_hal_spi.o(i.HAL_SPI_Transmit_DMA)
 <LI><a href="#[3f]">SPI_DMATransmitCplt</a> from stm32l0xx_hal_spi.o(i.SPI_DMATransmitCplt) referenced from stm32l0xx_hal_spi.o(i.HAL_SPI_Transmit_DMA)
 <LI><a href="#[57]">STLL_RX_SYNC_IRQHandler_CB</a> from st_lowlevel.o(i.STLL_RX_SYNC_IRQHandler_CB) referenced from st_lowlevel.o(i.STLL_Radio_IoInit)
 <LI><a href="#[18]">SVC_Handler</a> from mlm32l0xx_it.o(i.SVC_Handler) referenced from startup_stm32l072xx.o(RESET)
 <LI><a href="#[6a]">SX1276CheckRfFrequency</a> from mlm32l07x01.o(i.SX1276CheckRfFrequency) referenced from mlm32l07x01.o(.constdata)
 <LI><a href="#[63]">SX1276GetStatus</a> from sx1276.o(i.SX1276GetStatus) referenced from mlm32l07x01.o(.constdata)
 <LI><a href="#[6b]">SX1276GetTimeOnAir</a> from sx1276.o(i.SX1276GetTimeOnAir) referenced from mlm32l07x01.o(.constdata)
 <LI><a href="#[6]">SX1276GetWakeTime</a> from mlm32l07x01.o(i.SX1276GetWakeTime) referenced 2 times from mlm32l07x01.o(.data)
 <LI><a href="#[79]">SX1276GetWakeupTime</a> from sx1276.o(i.SX1276GetWakeupTime) referenced from mlm32l07x01.o(.constdata)
 <LI><a href="#[62]">SX1276Init</a> from sx1276.o(i.SX1276Init) referenced from mlm32l07x01.o(.constdata)
 <LI><a href="#[61]">SX1276IoDeInit</a> from mlm32l07x01.o(i.SX1276IoDeInit) referenced from mlm32l07x01.o(.constdata)
 <LI><a href="#[60]">SX1276IoInit</a> from mlm32l07x01.o(i.SX1276IoInit) referenced from mlm32l07x01.o(.constdata)
 <LI><a href="#[7]">SX1276IoIrqInit</a> from mlm32l07x01.o(i.SX1276IoIrqInit) referenced 2 times from mlm32l07x01.o(.data)
 <LI><a href="#[66]">SX1276IsChannelFree</a> from sx1276.o(i.SX1276IsChannelFree) referenced from mlm32l07x01.o(.constdata)
 <LI><a href="#[0]">SX1276OnDio0Irq</a> from sx1276.o(i.SX1276OnDio0Irq) referenced 2 times from sx1276.o(.data)
 <LI><a href="#[1]">SX1276OnDio1Irq</a> from sx1276.o(i.SX1276OnDio1Irq) referenced 2 times from sx1276.o(.data)
 <LI><a href="#[2]">SX1276OnDio2Irq</a> from sx1276.o(i.SX1276OnDio2Irq) referenced 2 times from sx1276.o(.data)
 <LI><a href="#[3]">SX1276OnDio3Irq</a> from sx1276.o(i.SX1276OnDio3Irq) referenced 2 times from sx1276.o(.data)
 <LI><a href="#[4]">SX1276OnDio4Irq</a> from sx1276.o(i.SX1276OnDio4Irq) referenced 2 times from sx1276.o(.data)
 <LI><a href="#[58]">SX1276OnTimeoutIrq</a> from sx1276.o(i.SX1276OnTimeoutIrq) referenced from sx1276.o(i.SX1276Init)
 <LI><a href="#[67]">SX1276Random</a> from sx1276.o(i.SX1276Random) referenced from mlm32l07x01.o(.constdata)
 <LI><a href="#[74]">SX1276Read</a> from sx1276.o(i.SX1276Read) referenced from mlm32l07x01.o(.constdata)
 <LI><a href="#[76]">SX1276ReadBuffer</a> from sx1276.o(i.SX1276ReadBuffer) referenced from mlm32l07x01.o(.constdata)
 <LI><a href="#[72]">SX1276ReadRssi</a> from sx1276.o(i.SX1276ReadRssi) referenced from mlm32l07x01.o(.constdata)
 <LI><a href="#[6c]">SX1276Send</a> from sx1276.o(i.SX1276Send) referenced from mlm32l07x01.o(.constdata)
 <LI><a href="#[a]">SX1276SetAntSw</a> from mlm32l07x01.o(i.SX1276SetAntSw) referenced 2 times from mlm32l07x01.o(.data)
 <LI><a href="#[9]">SX1276SetAntSwLowPower</a> from mlm32l07x01.o(i.SX1276SetAntSwLowPower) referenced 2 times from mlm32l07x01.o(.data)
 <LI><a href="#[65]">SX1276SetChannel</a> from sx1276.o(i.SX1276SetChannel) referenced from mlm32l07x01.o(.constdata)
 <LI><a href="#[77]">SX1276SetMaxPayloadLength</a> from sx1276.o(i.SX1276SetMaxPayloadLength) referenced from mlm32l07x01.o(.constdata)
 <LI><a href="#[64]">SX1276SetModem</a> from sx1276.o(i.SX1276SetModem) referenced from mlm32l07x01.o(.constdata)
 <LI><a href="#[78]">SX1276SetPublicNetwork</a> from sx1276.o(i.SX1276SetPublicNetwork) referenced from mlm32l07x01.o(.constdata)
 <LI><a href="#[8]">SX1276SetRfTxPower</a> from mlm32l07x01.o(i.SX1276SetRfTxPower) referenced 2 times from mlm32l07x01.o(.data)
 <LI><a href="#[6f]">SX1276SetRx</a> from sx1276.o(i.SX1276SetRx) referenced from mlm32l07x01.o(.constdata)
 <LI><a href="#[68]">SX1276SetRxConfig</a> from sx1276.o(i.SX1276SetRxConfig) referenced from mlm32l07x01.o(.constdata)
 <LI><a href="#[6d]">SX1276SetSleep</a> from sx1276.o(i.SX1276SetSleep) referenced from mlm32l07x01.o(.constdata)
 <LI><a href="#[6e]">SX1276SetStby</a> from sx1276.o(i.SX1276SetStby) referenced from mlm32l07x01.o(.constdata)
 <LI><a href="#[69]">SX1276SetTxConfig</a> from sx1276.o(i.SX1276SetTxConfig) referenced from mlm32l07x01.o(.constdata)
 <LI><a href="#[71]">SX1276SetTxContinuousWave</a> from sx1276.o(i.SX1276SetTxContinuousWave) referenced from mlm32l07x01.o(.constdata)
 <LI><a href="#[5]">SX1276SetXO</a> from mlm32l07x01.o(i.SX1276SetXO) referenced 2 times from mlm32l07x01.o(.data)
 <LI><a href="#[70]">SX1276StartCad</a> from sx1276.o(i.SX1276StartCad) referenced from mlm32l07x01.o(.constdata)
 <LI><a href="#[73]">SX1276Write</a> from sx1276.o(i.SX1276Write) referenced from mlm32l07x01.o(.constdata)
 <LI><a href="#[75]">SX1276WriteBuffer</a> from sx1276.o(i.SX1276WriteBuffer) referenced from mlm32l07x01.o(.constdata)
 <LI><a href="#[1a]">SysTick_Handler</a> from mlm32l0xx_it.o(i.SysTick_Handler) referenced from startup_stm32l072xx.o(RESET)
 <LI><a href="#[3a]">SystemInit</a> from system_stm32l0xx.o(i.SystemInit) referenced from startup_stm32l072xx.o(.text)
 <LI><a href="#[2e]">TIM21_IRQHandler</a> from startup_stm32l072xx.o(.text) referenced from startup_stm32l072xx.o(RESET)
 <LI><a href="#[30]">TIM22_IRQHandler</a> from startup_stm32l072xx.o(.text) referenced from startup_stm32l072xx.o(RESET)
 <LI><a href="#[2a]">TIM2_IRQHandler</a> from startup_stm32l072xx.o(.text) referenced from startup_stm32l072xx.o(RESET)
 <LI><a href="#[2b]">TIM3_IRQHandler</a> from startup_stm32l072xx.o(.text) referenced from startup_stm32l072xx.o(RESET)
 <LI><a href="#[2c]">TIM6_DAC_IRQHandler</a> from startup_stm32l072xx.o(.text) referenced from startup_stm32l072xx.o(RESET)
 <LI><a href="#[2d]">TIM7_IRQHandler</a> from startup_stm32l072xx.o(.text) referenced from startup_stm32l072xx.o(RESET)
 <LI><a href="#[23]">TSC_IRQHandler</a> from startup_stm32l072xx.o(.text) referenced from startup_stm32l072xx.o(RESET)
 <LI><a href="#[5a]">TX_read_Bit</a> from sgfxsx1276modulation-lib.o(i.TX_read_Bit) referenced from sgfxsx1276modulation-lib.o(i.TX_Start)
 <LI><a href="#[35]">USART1_IRQHandler</a> from startup_stm32l072xx.o(.text) referenced from startup_stm32l072xx.o(RESET)
 <LI><a href="#[36]">USART2_IRQHandler</a> from startup_stm32l072xx.o(.text) referenced from startup_stm32l072xx.o(RESET)
 <LI><a href="#[29]">USART4_5_IRQHandler</a> from startup_stm32l072xx.o(.text) referenced from startup_stm32l072xx.o(RESET)
 <LI><a href="#[38]">USB_IRQHandler</a> from startup_stm32l072xx.o(.text) referenced from startup_stm32l072xx.o(RESET)
 <LI><a href="#[1b]">WWDG_IRQHandler</a> from startup_stm32l072xx.o(.text) referenced from startup_stm32l072xx.o(RESET)
 <LI><a href="#[3b]">__main</a> from entry.o(.ARM.Collect$$$$00000000) referenced from startup_stm32l072xx.o(.text)
 <LI><a href="#[5b]">_sputc</a> from printfa.o(i._sputc) referenced from printfa.o(i.__0sprintf)
 <LI><a href="#[39]">main</a> from main.o(i.main) referenced from entry9a.o(.ARM.Collect$$$$0000000B)
 <LI><a href="#[5e]">onTimerEvent</a> from main.o(i.onTimerEvent) referenced from main.o(i.main)
 <LI><a href="#[5d]">sendTest</a> from main.o(i.sendTest) referenced from main.o(i.main)
 <LI><a href="#[5f]">send_data_request_from_irq</a> from sigfox.o(i.send_data_request_from_irq) referenced from main.o(i.sendTest)
 <LI><a href="#[5f]">send_data_request_from_irq</a> from sigfox.o(i.send_data_request_from_irq) referenced from sigfox.o(i.user_button_init)
</UL>
<P>
<H3>
Global Symbols
</H3>
<P><STRONG><a name="[3b]"></a>__main</STRONG> (Thumb, 0 bytes, Stack size unknown bytes, entry.o(.ARM.Collect$$$$00000000))
<BR>[Address Reference Count : 1]<UL><LI> startup_stm32l072xx.o(.text)
</UL>
<P><STRONG><a name="[34e]"></a>_main_stk</STRONG> (Thumb, 0 bytes, Stack size unknown bytes, entry2.o(.ARM.Collect$$$$00000001))

<P><STRONG><a name="[7a]"></a>_main_scatterload</STRONG> (Thumb, 0 bytes, Stack size unknown bytes, entry5.o(.ARM.Collect$$$$00000004))
<BR><BR>[Calls]<UL><LI><a href="#[7b]">&gt;&gt;</a>&nbsp;&nbsp;&nbsp;__scatterload
</UL>

<P><STRONG><a name="[9a]"></a>__main_after_scatterload</STRONG> (Thumb, 0 bytes, Stack size unknown bytes, entry5.o(.ARM.Collect$$$$00000004))
<BR><BR>[Called By]<UL><LI><a href="#[7b]">&gt;&gt;</a>&nbsp;&nbsp;&nbsp;__scatterload
</UL>

<P><STRONG><a name="[34f]"></a>_main_clock</STRONG> (Thumb, 0 bytes, Stack size unknown bytes, entry7b.o(.ARM.Collect$$$$00000008))

<P><STRONG><a name="[350]"></a>_main_cpp_init</STRONG> (Thumb, 0 bytes, Stack size unknown bytes, entry8b.o(.ARM.Collect$$$$0000000A))

<P><STRONG><a name="[351]"></a>_main_init</STRONG> (Thumb, 0 bytes, Stack size unknown bytes, entry9a.o(.ARM.Collect$$$$0000000B))

<P><STRONG><a name="[352]"></a>__rt_final_cpp</STRONG> (Thumb, 0 bytes, Stack size unknown bytes, entry10a.o(.ARM.Collect$$$$0000000D))

<P><STRONG><a name="[353]"></a>__rt_final_exit</STRONG> (Thumb, 0 bytes, Stack size unknown bytes, entry11a.o(.ARM.Collect$$$$0000000F))

<P><STRONG><a name="[15]"></a>Reset_Handler</STRONG> (Thumb, 8 bytes, Stack size 0 bytes, startup_stm32l072xx.o(.text))
<BR>[Address Reference Count : 1]<UL><LI> startup_stm32l072xx.o(RESET)
</UL>
<P><STRONG><a name="[27]"></a>ADC1_COMP_IRQHandler</STRONG> (Thumb, 0 bytes, Stack size 0 bytes, startup_stm32l072xx.o(.text))
<BR><BR>[Calls]<UL><LI><a href="#[27]">&gt;&gt;</a>&nbsp;&nbsp;&nbsp;ADC1_COMP_IRQHandler
</UL>
<BR>[Called By]<UL><LI><a href="#[27]">&gt;&gt;</a>&nbsp;&nbsp;&nbsp;ADC1_COMP_IRQHandler
</UL>
<BR>[Address Reference Count : 1]<UL><LI> startup_stm32l072xx.o(RESET)
</UL>
<P><STRONG><a name="[24]"></a>DMA1_Channel1_IRQHandler</STRONG> (Thumb, 0 bytes, Stack size 0 bytes, startup_stm32l072xx.o(.text))
<BR>[Address Reference Count : 1]<UL><LI> startup_stm32l072xx.o(RESET)
</UL>
<P><STRONG><a name="[1e]"></a>FLASH_IRQHandler</STRONG> (Thumb, 0 bytes, Stack size 0 bytes, startup_stm32l072xx.o(.text))
<BR>[Address Reference Count : 1]<UL><LI> startup_stm32l072xx.o(RESET)
</UL>
<P><STRONG><a name="[31]"></a>I2C1_IRQHandler</STRONG> (Thumb, 0 bytes, Stack size 0 bytes, startup_stm32l072xx.o(.text))
<BR>[Address Reference Count : 1]<UL><LI> startup_stm32l072xx.o(RESET)
</UL>
<P><STRONG><a name="[32]"></a>I2C2_IRQHandler</STRONG> (Thumb, 0 bytes, Stack size 0 bytes, startup_stm32l072xx.o(.text))
<BR>[Address Reference Count : 1]<UL><LI> startup_stm32l072xx.o(RESET)
</UL>
<P><STRONG><a name="[2f]"></a>I2C3_IRQHandler</STRONG> (Thumb, 0 bytes, Stack size 0 bytes, startup_stm32l072xx.o(.text))
<BR>[Address Reference Count : 1]<UL><LI> startup_stm32l072xx.o(RESET)
</UL>
<P><STRONG><a name="[28]"></a>LPTIM1_IRQHandler</STRONG> (Thumb, 0 bytes, Stack size 0 bytes, startup_stm32l072xx.o(.text))
<BR>[Address Reference Count : 1]<UL><LI> startup_stm32l072xx.o(RESET)
</UL>
<P><STRONG><a name="[1c]"></a>PVD_IRQHandler</STRONG> (Thumb, 0 bytes, Stack size 0 bytes, startup_stm32l072xx.o(.text))
<BR>[Address Reference Count : 1]<UL><LI> startup_stm32l072xx.o(RESET)
</UL>
<P><STRONG><a name="[1f]"></a>RCC_CRS_IRQHandler</STRONG> (Thumb, 0 bytes, Stack size 0 bytes, startup_stm32l072xx.o(.text))
<BR>[Address Reference Count : 1]<UL><LI> startup_stm32l072xx.o(RESET)
</UL>
<P><STRONG><a name="[33]"></a>SPI1_IRQHandler</STRONG> (Thumb, 0 bytes, Stack size 0 bytes, startup_stm32l072xx.o(.text))
<BR>[Address Reference Count : 1]<UL><LI> startup_stm32l072xx.o(RESET)
</UL>
<P><STRONG><a name="[34]"></a>SPI2_IRQHandler</STRONG> (Thumb, 0 bytes, Stack size 0 bytes, startup_stm32l072xx.o(.text))
<BR>[Address Reference Count : 1]<UL><LI> startup_stm32l072xx.o(RESET)
</UL>
<P><STRONG><a name="[2e]"></a>TIM21_IRQHandler</STRONG> (Thumb, 0 bytes, Stack size 0 bytes, startup_stm32l072xx.o(.text))
<BR>[Address Reference Count : 1]<UL><LI> startup_stm32l072xx.o(RESET)
</UL>
<P><STRONG><a name="[30]"></a>TIM22_IRQHandler</STRONG> (Thumb, 0 bytes, Stack size 0 bytes, startup_stm32l072xx.o(.text))
<BR>[Address Reference Count : 1]<UL><LI> startup_stm32l072xx.o(RESET)
</UL>
<P><STRONG><a name="[2a]"></a>TIM2_IRQHandler</STRONG> (Thumb, 0 bytes, Stack size 0 bytes, startup_stm32l072xx.o(.text))
<BR>[Address Reference Count : 1]<UL><LI> startup_stm32l072xx.o(RESET)
</UL>
<P><STRONG><a name="[2b]"></a>TIM3_IRQHandler</STRONG> (Thumb, 0 bytes, Stack size 0 bytes, startup_stm32l072xx.o(.text))
<BR>[Address Reference Count : 1]<UL><LI> startup_stm32l072xx.o(RESET)
</UL>
<P><STRONG><a name="[2c]"></a>TIM6_DAC_IRQHandler</STRONG> (Thumb, 0 bytes, Stack size 0 bytes, startup_stm32l072xx.o(.text))
<BR>[Address Reference Count : 1]<UL><LI> startup_stm32l072xx.o(RESET)
</UL>
<P><STRONG><a name="[2d]"></a>TIM7_IRQHandler</STRONG> (Thumb, 0 bytes, Stack size 0 bytes, startup_stm32l072xx.o(.text))
<BR>[Address Reference Count : 1]<UL><LI> startup_stm32l072xx.o(RESET)
</UL>
<P><STRONG><a name="[23]"></a>TSC_IRQHandler</STRONG> (Thumb, 0 bytes, Stack size 0 bytes, startup_stm32l072xx.o(.text))
<BR>[Address Reference Count : 1]<UL><LI> startup_stm32l072xx.o(RESET)
</UL>
<P><STRONG><a name="[35]"></a>USART1_IRQHandler</STRONG> (Thumb, 0 bytes, Stack size 0 bytes, startup_stm32l072xx.o(.text))
<BR>[Address Reference Count : 1]<UL><LI> startup_stm32l072xx.o(RESET)
</UL>
<P><STRONG><a name="[36]"></a>USART2_IRQHandler</STRONG> (Thumb, 0 bytes, Stack size 0 bytes, startup_stm32l072xx.o(.text))
<BR>[Address Reference Count : 1]<UL><LI> startup_stm32l072xx.o(RESET)
</UL>
<P><STRONG><a name="[29]"></a>USART4_5_IRQHandler</STRONG> (Thumb, 0 bytes, Stack size 0 bytes, startup_stm32l072xx.o(.text))
<BR>[Address Reference Count : 1]<UL><LI> startup_stm32l072xx.o(RESET)
</UL>
<P><STRONG><a name="[38]"></a>USB_IRQHandler</STRONG> (Thumb, 0 bytes, Stack size 0 bytes, startup_stm32l072xx.o(.text))
<BR>[Address Reference Count : 1]<UL><LI> startup_stm32l072xx.o(RESET)
</UL>
<P><STRONG><a name="[1b]"></a>WWDG_IRQHandler</STRONG> (Thumb, 0 bytes, Stack size 0 bytes, startup_stm32l072xx.o(.text))
<BR>[Address Reference Count : 1]<UL><LI> startup_stm32l072xx.o(RESET)
</UL>
<P><STRONG><a name="[354]"></a>__aeabi_uidiv</STRONG> (Thumb, 0 bytes, Stack size 12 bytes, uidiv.o(.text), UNUSED)

<P><STRONG><a name="[7d]"></a>__aeabi_uidivmod</STRONG> (Thumb, 44 bytes, Stack size 12 bytes, uidiv.o(.text))
<BR><BR>[Stack]<UL><LI>Max Depth = 12<LI>Call Chain = __aeabi_uidivmod
</UL>
<BR>[Called By]<UL><LI><a href="#[65]">&gt;&gt;</a>&nbsp;&nbsp;&nbsp;SX1276SetChannel
<LI><a href="#[9b]">&gt;&gt;</a>&nbsp;&nbsp;&nbsp;ADC_DelayMicroSecond
<LI><a href="#[146]">&gt;&gt;</a>&nbsp;&nbsp;&nbsp;HAL_RCC_GetSysClockFreq
<LI><a href="#[144]">&gt;&gt;</a>&nbsp;&nbsp;&nbsp;HAL_RCCEx_GetPeriphCLKFreq
<LI><a href="#[177]">&gt;&gt;</a>&nbsp;&nbsp;&nbsp;UART_SetConfig
<LI><a href="#[26e]">&gt;&gt;</a>&nbsp;&nbsp;&nbsp;RCC_PLL_GetFreqDomain_SYS
<LI><a href="#[25c]">&gt;&gt;</a>&nbsp;&nbsp;&nbsp;ProcessMacCommands
<LI><a href="#[32d]">&gt;&gt;</a>&nbsp;&nbsp;&nbsp;rand1
<LI><a href="#[f3]">&gt;&gt;</a>&nbsp;&nbsp;&nbsp;CalcNextV10X
<LI><a href="#[a4]">&gt;&gt;</a>&nbsp;&nbsp;&nbsp;aes_set_key
<LI><a href="#[c]">&gt;&gt;</a>&nbsp;&nbsp;&nbsp;HW_GetTemperatureLevel
<LI><a href="#[188]">&gt;&gt;</a>&nbsp;&nbsp;&nbsp;HW_GetBatteryLevel
<LI><a href="#[19c]">&gt;&gt;</a>&nbsp;&nbsp;&nbsp;HW_RTC_StartWakeUpAlarm
<LI><a href="#[322]">&gt;&gt;</a>&nbsp;&nbsp;&nbsp;ee_number
<LI><a href="#[7c]">&gt;&gt;</a>&nbsp;&nbsp;&nbsp;__aeabi_idivmod
<LI><a href="#[337]">&gt;&gt;</a>&nbsp;&nbsp;&nbsp;aes_set_key
<LI><a href="#[2d7]">&gt;&gt;</a>&nbsp;&nbsp;&nbsp;SE_API_secure_uplink_message
<LI><a href="#[2e3]">&gt;&gt;</a>&nbsp;&nbsp;&nbsp;SIGFOX_INT_process_uplink
<LI><a href="#[2db]">&gt;&gt;</a>&nbsp;&nbsp;&nbsp;SIGFOX_INT_dc_lbt_channel_pn_min
<LI><a href="#[2da]">&gt;&gt;</a>&nbsp;&nbsp;&nbsp;SIGFOX_INT_dc_lbt_channel_pn_max
<LI><a href="#[2d6]">&gt;&gt;</a>&nbsp;&nbsp;&nbsp;SIGFOX_INT_build_frame
<LI><a href="#[2c3]">&gt;&gt;</a>&nbsp;&nbsp;&nbsp;TX_Start
<LI><a href="#[2dd]">&gt;&gt;</a>&nbsp;&nbsp;&nbsp;SIGFOX_INT_compute_uplink_frequency
<LI><a href="#[39]">&gt;&gt;</a>&nbsp;&nbsp;&nbsp;main
<LI><a href="#[b]">&gt;&gt;</a>&nbsp;&nbsp;&nbsp;LORA_GetBatteryLevel
<LI><a href="#[314]">&gt;&gt;</a>&nbsp;&nbsp;&nbsp;_printf_core
</UL>

<P><STRONG><a name="[355]"></a>__aeabi_idiv</STRONG> (Thumb, 0 bytes, Stack size 16 bytes, idiv.o(.text), UNUSED)

<P><STRONG><a name="[7c]"></a>__aeabi_idivmod</STRONG> (Thumb, 40 bytes, Stack size 16 bytes, idiv.o(.text))
<BR><BR>[Stack]<UL><LI>Max Depth = 28<LI>Call Chain = __aeabi_idivmod &rArr; __aeabi_uidivmod
</UL>
<BR>[Calls]<UL><LI><a href="#[7d]">&gt;&gt;</a>&nbsp;&nbsp;&nbsp;__aeabi_uidivmod
</UL>
<BR>[Called By]<UL><LI><a href="#[29d]">&gt;&gt;</a>&nbsp;&nbsp;&nbsp;randr
<LI><a href="#[c]">&gt;&gt;</a>&nbsp;&nbsp;&nbsp;HW_GetTemperatureLevel
<LI><a href="#[279]">&gt;&gt;</a>&nbsp;&nbsp;&nbsp;RF_API_wait_for_clear_channel
<LI><a href="#[2de]">&gt;&gt;</a>&nbsp;&nbsp;&nbsp;SIGFOX_INT_get_macro_channel_index
<LI><a href="#[2d6]">&gt;&gt;</a>&nbsp;&nbsp;&nbsp;SIGFOX_INT_build_frame
<LI><a href="#[e9]">&gt;&gt;</a>&nbsp;&nbsp;&nbsp;BG96_UDP_Start
<LI><a href="#[e8]">&gt;&gt;</a>&nbsp;&nbsp;&nbsp;BG96_UDP_SendData
<LI><a href="#[b3]">&gt;&gt;</a>&nbsp;&nbsp;&nbsp;BG96_ConnectToOperator
<LI><a href="#[a8]">&gt;&gt;</a>&nbsp;&nbsp;&nbsp;BG96_ActivateContext
</UL>

<P><STRONG><a name="[7e]"></a>__aeabi_uldivmod</STRONG> (Thumb, 96 bytes, Stack size 48 bytes, uldiv.o(.text))
<BR><BR>[Stack]<UL><LI>Max Depth = 56<LI>Call Chain = __aeabi_uldivmod &rArr; __aeabi_llsr
</UL>
<BR>[Calls]<UL><LI><a href="#[7f]">&gt;&gt;</a>&nbsp;&nbsp;&nbsp;__aeabi_llsr
<LI><a href="#[80]">&gt;&gt;</a>&nbsp;&nbsp;&nbsp;__aeabi_llsl
</UL>
<BR>[Called By]<UL><LI><a href="#[177]">&gt;&gt;</a>&nbsp;&nbsp;&nbsp;UART_SetConfig
<LI><a href="#[c5]">&gt;&gt;</a>&nbsp;&nbsp;&nbsp;LL_LPUART_Init
<LI><a href="#[1a0]">&gt;&gt;</a>&nbsp;&nbsp;&nbsp;HW_RTC_ms2Tick
<LI><a href="#[12d]">&gt;&gt;</a>&nbsp;&nbsp;&nbsp;HW_RTC_DelayMs
<LI><a href="#[314]">&gt;&gt;</a>&nbsp;&nbsp;&nbsp;_printf_core
<LI><a href="#[315]">&gt;&gt;</a>&nbsp;&nbsp;&nbsp;_fp_digits
</UL>

<P><STRONG><a name="[ac]"></a>rand</STRONG> (Thumb, 18 bytes, Stack size 0 bytes, rand.o(.text))
<BR><BR>[Called By]<UL><LI><a href="#[e9]">&gt;&gt;</a>&nbsp;&nbsp;&nbsp;BG96_UDP_Start
<LI><a href="#[e8]">&gt;&gt;</a>&nbsp;&nbsp;&nbsp;BG96_UDP_SendData
<LI><a href="#[b3]">&gt;&gt;</a>&nbsp;&nbsp;&nbsp;BG96_ConnectToOperator
<LI><a href="#[a8]">&gt;&gt;</a>&nbsp;&nbsp;&nbsp;BG96_ActivateContext
</UL>

<P><STRONG><a name="[356]"></a>srand</STRONG> (Thumb, 6 bytes, Stack size 0 bytes, rand.o(.text), UNUSED)

<P><STRONG><a name="[ce]"></a>__aeabi_memcpy</STRONG> (Thumb, 36 bytes, Stack size 0 bytes, memcpya.o(.text))
<BR><BR>[Called By]<UL><LI><a href="#[336]">&gt;&gt;</a>&nbsp;&nbsp;&nbsp;CREDENTIALS_get_key
<LI><a href="#[33a]">&gt;&gt;</a>&nbsp;&nbsp;&nbsp;CREDENTIALS_get_cra
<LI><a href="#[33e]">&gt;&gt;</a>&nbsp;&nbsp;&nbsp;CREDENTIALS_get_initial_pac
<LI><a href="#[33d]">&gt;&gt;</a>&nbsp;&nbsp;&nbsp;CREDENTIALS_get_dev_id
<LI><a href="#[d6]">&gt;&gt;</a>&nbsp;&nbsp;&nbsp;BG96_Send
<LI><a href="#[cd]">&gt;&gt;</a>&nbsp;&nbsp;&nbsp;BG96_ParseResult
</UL>

<P><STRONG><a name="[d7]"></a>__aeabi_memcpy4</STRONG> (Thumb, 0 bytes, Stack size 0 bytes, memcpya.o(.text))
<BR><BR>[Called By]<UL><LI><a href="#[b4]">&gt;&gt;</a>&nbsp;&nbsp;&nbsp;vcom2_Send
<LI><a href="#[22d]">&gt;&gt;</a>&nbsp;&nbsp;&nbsp;SwitchClass
<LI><a href="#[29e]">&gt;&gt;</a>&nbsp;&nbsp;&nbsp;RegionEU868InitDefaults
<LI><a href="#[42]">&gt;&gt;</a>&nbsp;&nbsp;&nbsp;McpsIndication
<LI><a href="#[19c]">&gt;&gt;</a>&nbsp;&nbsp;&nbsp;HW_RTC_StartWakeUpAlarm
<LI><a href="#[272]">&gt;&gt;</a>&nbsp;&nbsp;&nbsp;SGFX_SX1276_tx_config
<LI><a href="#[273]">&gt;&gt;</a>&nbsp;&nbsp;&nbsp;SGFX_SX1276_rx_config
<LI><a href="#[247]">&gt;&gt;</a>&nbsp;&nbsp;&nbsp;MCU_API_delay
<LI><a href="#[17e]">&gt;&gt;</a>&nbsp;&nbsp;&nbsp;HW_EEPROM_Init
<LI><a href="#[332]">&gt;&gt;</a>&nbsp;&nbsp;&nbsp;sendSigfox
<LI><a href="#[326]">&gt;&gt;</a>&nbsp;&nbsp;&nbsp;initSigfox
<LI><a href="#[d6]">&gt;&gt;</a>&nbsp;&nbsp;&nbsp;BG96_Send
</UL>

<P><STRONG><a name="[357]"></a>__aeabi_memcpy8</STRONG> (Thumb, 0 bytes, Stack size 0 bytes, memcpya.o(.text), UNUSED)

<P><STRONG><a name="[82]"></a>__aeabi_memset</STRONG> (Thumb, 14 bytes, Stack size 0 bytes, memseta.o(.text))
<BR><BR>[Called By]<UL><LI><a href="#[83]">&gt;&gt;</a>&nbsp;&nbsp;&nbsp;_memset$wrapper
<LI><a href="#[81]">&gt;&gt;</a>&nbsp;&nbsp;&nbsp;__aeabi_memclr
</UL>

<P><STRONG><a name="[358]"></a>__aeabi_memset4</STRONG> (Thumb, 0 bytes, Stack size 0 bytes, memseta.o(.text), UNUSED)

<P><STRONG><a name="[359]"></a>__aeabi_memset8</STRONG> (Thumb, 0 bytes, Stack size 0 bytes, memseta.o(.text), UNUSED)

<P><STRONG><a name="[81]"></a>__aeabi_memclr</STRONG> (Thumb, 4 bytes, Stack size 0 bytes, memseta.o(.text))
<BR><BR>[Calls]<UL><LI><a href="#[82]">&gt;&gt;</a>&nbsp;&nbsp;&nbsp;__aeabi_memset
</UL>
<BR>[Called By]<UL><LI><a href="#[106]">&gt;&gt;</a>&nbsp;&nbsp;&nbsp;STLL_TX_IRQHandler_CB
<LI><a href="#[2c3]">&gt;&gt;</a>&nbsp;&nbsp;&nbsp;TX_Start
<LI><a href="#[321]">&gt;&gt;</a>&nbsp;&nbsp;&nbsp;clearEnergyStruct
</UL>

<P><STRONG><a name="[ca]"></a>__aeabi_memclr4</STRONG> (Thumb, 0 bytes, Stack size 0 bytes, memseta.o(.text))
<BR><BR>[Called By]<UL><LI><a href="#[b4]">&gt;&gt;</a>&nbsp;&nbsp;&nbsp;vcom2_Send
<LI><a href="#[6f]">&gt;&gt;</a>&nbsp;&nbsp;&nbsp;SX1276SetRx
<LI><a href="#[2fd]">&gt;&gt;</a>&nbsp;&nbsp;&nbsp;SX1276Reset
<LI><a href="#[9]">&gt;&gt;</a>&nbsp;&nbsp;&nbsp;SX1276SetAntSwLowPower
<LI><a href="#[60]">&gt;&gt;</a>&nbsp;&nbsp;&nbsp;SX1276IoInit
<LI><a href="#[61]">&gt;&gt;</a>&nbsp;&nbsp;&nbsp;SX1276IoDeInit
<LI><a href="#[30c]">&gt;&gt;</a>&nbsp;&nbsp;&nbsp;SystemClock_Config
<LI><a href="#[1da]">&gt;&gt;</a>&nbsp;&nbsp;&nbsp;LPM_EnterStopMode
<LI><a href="#[189]">&gt;&gt;</a>&nbsp;&nbsp;&nbsp;HW_Init
<LI><a href="#[18e]">&gt;&gt;</a>&nbsp;&nbsp;&nbsp;HW_IoDeInitAll
<LI><a href="#[142]">&gt;&gt;</a>&nbsp;&nbsp;&nbsp;HW_GpioInit
<LI><a href="#[164]">&gt;&gt;</a>&nbsp;&nbsp;&nbsp;HW_SPI_IoInit
<LI><a href="#[101]">&gt;&gt;</a>&nbsp;&nbsp;&nbsp;DBG_Init
<LI><a href="#[2b8]">&gt;&gt;</a>&nbsp;&nbsp;&nbsp;STLL_Radio_Init
<LI><a href="#[2c0]">&gt;&gt;</a>&nbsp;&nbsp;&nbsp;STLL_Radio_DeInit
<LI><a href="#[2d7]">&gt;&gt;</a>&nbsp;&nbsp;&nbsp;SE_API_secure_uplink_message
<LI><a href="#[32a]">&gt;&gt;</a>&nbsp;&nbsp;&nbsp;user_button_init
<LI><a href="#[31b]">&gt;&gt;</a>&nbsp;&nbsp;&nbsp;registerNBIoT
<LI><a href="#[31a]">&gt;&gt;</a>&nbsp;&nbsp;&nbsp;initNBIoT
<LI><a href="#[d6]">&gt;&gt;</a>&nbsp;&nbsp;&nbsp;BG96_Send
<LI><a href="#[3c]">&gt;&gt;</a>&nbsp;&nbsp;&nbsp;BG96_ReceiveToBuffer
<LI><a href="#[c9]">&gt;&gt;</a>&nbsp;&nbsp;&nbsp;BG96_IoDeInit
</UL>

<P><STRONG><a name="[35a]"></a>__aeabi_memclr8</STRONG> (Thumb, 0 bytes, Stack size 0 bytes, memseta.o(.text), UNUSED)

<P><STRONG><a name="[83]"></a>_memset$wrapper</STRONG> (Thumb, 18 bytes, Stack size 8 bytes, memseta.o(.text), UNUSED)
<BR><BR>[Calls]<UL><LI><a href="#[82]">&gt;&gt;</a>&nbsp;&nbsp;&nbsp;__aeabi_memset
</UL>

<P><STRONG><a name="[32f]"></a>strcat</STRONG> (Thumb, 24 bytes, Stack size 0 bytes, strcat.o(.text))
<BR><BR>[Called By]<UL><LI><a href="#[31b]">&gt;&gt;</a>&nbsp;&nbsp;&nbsp;registerNBIoT
</UL>

<P><STRONG><a name="[ec]"></a>strchr</STRONG> (Thumb, 20 bytes, Stack size 0 bytes, strchr.o(.text))
<BR><BR>[Called By]<UL><LI><a href="#[eb]">&gt;&gt;</a>&nbsp;&nbsp;&nbsp;BG96_WaitForConnection
</UL>

<P><STRONG><a name="[db]"></a>strlen</STRONG> (Thumb, 14 bytes, Stack size 0 bytes, strlen.o(.text))
<BR><BR>[Called By]<UL><LI><a href="#[d8]">&gt;&gt;</a>&nbsp;&nbsp;&nbsp;tiny_vsnprintf_like
<LI><a href="#[b0]">&gt;&gt;</a>&nbsp;&nbsp;&nbsp;StringStartsWith
<LI><a href="#[da]">&gt;&gt;</a>&nbsp;&nbsp;&nbsp;BG96_SendATCommand
</UL>

<P><STRONG><a name="[dd]"></a>strcpy</STRONG> (Thumb, 18 bytes, Stack size 0 bytes, strcpy.o(.text))
<BR><BR>[Called By]<UL><LI><a href="#[af]">&gt;&gt;</a>&nbsp;&nbsp;&nbsp;BG96_SendATCommandGetReply
</UL>

<P><STRONG><a name="[fb]"></a>__aeabi_uread4</STRONG> (Thumb, 20 bytes, Stack size 0 bytes, uread4.o(.text))
<BR><BR>[Called By]<UL><LI><a href="#[f9]">&gt;&gt;</a>&nbsp;&nbsp;&nbsp;ComputeCmac
<LI><a href="#[344]">&gt;&gt;</a>&nbsp;&nbsp;&nbsp;SIGFOX_DECODE_dewhitening
</UL>

<P><STRONG><a name="[35b]"></a>__rt_uread4</STRONG> (Thumb, 0 bytes, Stack size 0 bytes, uread4.o(.text), UNUSED)

<P><STRONG><a name="[35c]"></a>_uread4</STRONG> (Thumb, 0 bytes, Stack size 0 bytes, uread4.o(.text), UNUSED)

<P><STRONG><a name="[84]"></a>__aeabi_fadd</STRONG> (Thumb, 162 bytes, Stack size 24 bytes, fadd.o(.text))
<BR><BR>[Stack]<UL><LI>Max Depth = 36<LI>Call Chain = __aeabi_fadd &rArr; _float_epilogue
</UL>
<BR>[Calls]<UL><LI><a href="#[86]">&gt;&gt;</a>&nbsp;&nbsp;&nbsp;_float_round
<LI><a href="#[85]">&gt;&gt;</a>&nbsp;&nbsp;&nbsp;_float_epilogue
</UL>
<BR>[Called By]<UL><LI><a href="#[87]">&gt;&gt;</a>&nbsp;&nbsp;&nbsp;__aeabi_fsub
<LI><a href="#[88]">&gt;&gt;</a>&nbsp;&nbsp;&nbsp;__aeabi_frsub
</UL>

<P><STRONG><a name="[87]"></a>__aeabi_fsub</STRONG> (Thumb, 8 bytes, Stack size 0 bytes, fadd.o(.text))
<BR><BR>[Stack]<UL><LI>Max Depth = 36<LI>Call Chain = __aeabi_fsub &rArr; __aeabi_fadd &rArr; _float_epilogue
</UL>
<BR>[Calls]<UL><LI><a href="#[84]">&gt;&gt;</a>&nbsp;&nbsp;&nbsp;__aeabi_fadd
</UL>
<BR>[Called By]<UL><LI><a href="#[290]">&gt;&gt;</a>&nbsp;&nbsp;&nbsp;RegionCommonComputeTxPower
<LI><a href="#[1c8]">&gt;&gt;</a>&nbsp;&nbsp;&nbsp;stopEnergyMeasurement
</UL>

<P><STRONG><a name="[88]"></a>__aeabi_frsub</STRONG> (Thumb, 8 bytes, Stack size 0 bytes, fadd.o(.text))
<BR><BR>[Stack]<UL><LI>Max Depth = 36<LI>Call Chain = __aeabi_frsub &rArr; __aeabi_fadd &rArr; _float_epilogue
</UL>
<BR>[Calls]<UL><LI><a href="#[84]">&gt;&gt;</a>&nbsp;&nbsp;&nbsp;__aeabi_fadd
</UL>
<BR>[Called By]<UL><LI><a href="#[290]">&gt;&gt;</a>&nbsp;&nbsp;&nbsp;RegionCommonComputeTxPower
</UL>

<P><STRONG><a name="[1c9]"></a>__aeabi_fmul</STRONG> (Thumb, 122 bytes, Stack size 16 bytes, fmul.o(.text))
<BR><BR>[Stack]<UL><LI>Max Depth = 16<LI>Call Chain = __aeabi_fmul
</UL>
<BR>[Called By]<UL><LI><a href="#[332]">&gt;&gt;</a>&nbsp;&nbsp;&nbsp;sendSigfox
<LI><a href="#[31c]">&gt;&gt;</a>&nbsp;&nbsp;&nbsp;stopEnergyMeasurementNBIoT
<LI><a href="#[14]">&gt;&gt;</a>&nbsp;&nbsp;&nbsp;LORA_Done
<LI><a href="#[1c8]">&gt;&gt;</a>&nbsp;&nbsp;&nbsp;stopEnergyMeasurement
<LI><a href="#[319]">&gt;&gt;</a>&nbsp;&nbsp;&nbsp;startEnergyMeasurement
<LI><a href="#[323]">&gt;&gt;</a>&nbsp;&nbsp;&nbsp;initEnergyMeasurement
<LI><a href="#[1e6]">&gt;&gt;</a>&nbsp;&nbsp;&nbsp;LTC2942_GetmAh
</UL>

<P><STRONG><a name="[89]"></a>__aeabi_dadd</STRONG> (Thumb, 328 bytes, Stack size 48 bytes, dadd.o(.text))
<BR><BR>[Stack]<UL><LI>Max Depth = 104<LI>Call Chain = __aeabi_dadd &rArr; _double_epilogue &rArr; __aeabi_llsr
</UL>
<BR>[Calls]<UL><LI><a href="#[8a]">&gt;&gt;</a>&nbsp;&nbsp;&nbsp;__aeabi_lasr
<LI><a href="#[80]">&gt;&gt;</a>&nbsp;&nbsp;&nbsp;__aeabi_llsl
<LI><a href="#[8c]">&gt;&gt;</a>&nbsp;&nbsp;&nbsp;_double_round
<LI><a href="#[8b]">&gt;&gt;</a>&nbsp;&nbsp;&nbsp;_double_epilogue
</UL>
<BR>[Called By]<UL><LI><a href="#[6b]">&gt;&gt;</a>&nbsp;&nbsp;&nbsp;SX1276GetTimeOnAir
<LI><a href="#[28b]">&gt;&gt;</a>&nbsp;&nbsp;&nbsp;RegionCommonComputeRxWindowParameters
<LI><a href="#[8d]">&gt;&gt;</a>&nbsp;&nbsp;&nbsp;__aeabi_dsub
<LI><a href="#[2fb]">&gt;&gt;</a>&nbsp;&nbsp;&nbsp;round
<LI><a href="#[291]">&gt;&gt;</a>&nbsp;&nbsp;&nbsp;floor
<LI><a href="#[8e]">&gt;&gt;</a>&nbsp;&nbsp;&nbsp;__aeabi_drsub
<LI><a href="#[28c]">&gt;&gt;</a>&nbsp;&nbsp;&nbsp;ceil
<LI><a href="#[315]">&gt;&gt;</a>&nbsp;&nbsp;&nbsp;_fp_digits
</UL>

<P><STRONG><a name="[8d]"></a>__aeabi_dsub</STRONG> (Thumb, 12 bytes, Stack size 8 bytes, dadd.o(.text))
<BR><BR>[Stack]<UL><LI>Max Depth = 112<LI>Call Chain = __aeabi_dsub &rArr; __aeabi_dadd &rArr; _double_epilogue &rArr; __aeabi_llsr
</UL>
<BR>[Calls]<UL><LI><a href="#[89]">&gt;&gt;</a>&nbsp;&nbsp;&nbsp;__aeabi_dadd
</UL>
<BR>[Called By]<UL><LI><a href="#[28b]">&gt;&gt;</a>&nbsp;&nbsp;&nbsp;RegionCommonComputeRxWindowParameters
<LI><a href="#[2fb]">&gt;&gt;</a>&nbsp;&nbsp;&nbsp;round
</UL>

<P><STRONG><a name="[8e]"></a>__aeabi_drsub</STRONG> (Thumb, 12 bytes, Stack size 8 bytes, dadd.o(.text))
<BR><BR>[Stack]<UL><LI>Max Depth = 112<LI>Call Chain = __aeabi_drsub &rArr; __aeabi_dadd &rArr; _double_epilogue &rArr; __aeabi_llsr
</UL>
<BR>[Calls]<UL><LI><a href="#[89]">&gt;&gt;</a>&nbsp;&nbsp;&nbsp;__aeabi_dadd
</UL>
<BR>[Called By]<UL><LI><a href="#[291]">&gt;&gt;</a>&nbsp;&nbsp;&nbsp;floor
<LI><a href="#[28c]">&gt;&gt;</a>&nbsp;&nbsp;&nbsp;ceil
</UL>

<P><STRONG><a name="[8f]"></a>__aeabi_dmul</STRONG> (Thumb, 202 bytes, Stack size 72 bytes, dmul.o(.text))
<BR><BR>[Stack]<UL><LI>Max Depth = 128<LI>Call Chain = __aeabi_dmul &rArr; _double_epilogue &rArr; __aeabi_llsr
</UL>
<BR>[Calls]<UL><LI><a href="#[8b]">&gt;&gt;</a>&nbsp;&nbsp;&nbsp;_double_epilogue
</UL>
<BR>[Called By]<UL><LI><a href="#[68]">&gt;&gt;</a>&nbsp;&nbsp;&nbsp;SX1276SetRxConfig
<LI><a href="#[6b]">&gt;&gt;</a>&nbsp;&nbsp;&nbsp;SX1276GetTimeOnAir
<LI><a href="#[28f]">&gt;&gt;</a>&nbsp;&nbsp;&nbsp;RegionCommonComputeSymbolTimeLoRa
<LI><a href="#[28b]">&gt;&gt;</a>&nbsp;&nbsp;&nbsp;RegionCommonComputeRxWindowParameters
<LI><a href="#[1e6]">&gt;&gt;</a>&nbsp;&nbsp;&nbsp;LTC2942_GetmAh
<LI><a href="#[1e4]">&gt;&gt;</a>&nbsp;&nbsp;&nbsp;LTC2942_GetVoltage
<LI><a href="#[315]">&gt;&gt;</a>&nbsp;&nbsp;&nbsp;_fp_digits
</UL>

<P><STRONG><a name="[90]"></a>__aeabi_ddiv</STRONG> (Thumb, 234 bytes, Stack size 40 bytes, ddiv.o(.text))
<BR><BR>[Stack]<UL><LI>Max Depth = 48<LI>Call Chain = __aeabi_ddiv &rArr; _double_round
</UL>
<BR>[Calls]<UL><LI><a href="#[8c]">&gt;&gt;</a>&nbsp;&nbsp;&nbsp;_double_round
</UL>
<BR>[Called By]<UL><LI><a href="#[69]">&gt;&gt;</a>&nbsp;&nbsp;&nbsp;SX1276SetTxConfig
<LI><a href="#[68]">&gt;&gt;</a>&nbsp;&nbsp;&nbsp;SX1276SetRxConfig
<LI><a href="#[6b]">&gt;&gt;</a>&nbsp;&nbsp;&nbsp;SX1276GetTimeOnAir
<LI><a href="#[28f]">&gt;&gt;</a>&nbsp;&nbsp;&nbsp;RegionCommonComputeSymbolTimeLoRa
<LI><a href="#[28e]">&gt;&gt;</a>&nbsp;&nbsp;&nbsp;RegionCommonComputeSymbolTimeFsk
<LI><a href="#[28b]">&gt;&gt;</a>&nbsp;&nbsp;&nbsp;RegionCommonComputeRxWindowParameters
<LI><a href="#[1e6]">&gt;&gt;</a>&nbsp;&nbsp;&nbsp;LTC2942_GetmAh
<LI><a href="#[1e4]">&gt;&gt;</a>&nbsp;&nbsp;&nbsp;LTC2942_GetVoltage
<LI><a href="#[315]">&gt;&gt;</a>&nbsp;&nbsp;&nbsp;_fp_digits
</UL>

<P><STRONG><a name="[28d]"></a>__ARM_scalbn</STRONG> (Thumb, 44 bytes, Stack size 16 bytes, dscalb.o(.text))
<BR><BR>[Stack]<UL><LI>Max Depth = 16<LI>Call Chain = __ARM_scalbn
</UL>
<BR>[Called By]<UL><LI><a href="#[68]">&gt;&gt;</a>&nbsp;&nbsp;&nbsp;SX1276SetRxConfig
<LI><a href="#[6b]">&gt;&gt;</a>&nbsp;&nbsp;&nbsp;SX1276GetTimeOnAir
<LI><a href="#[28b]">&gt;&gt;</a>&nbsp;&nbsp;&nbsp;RegionCommonComputeRxWindowParameters
</UL>

<P><STRONG><a name="[35d]"></a>scalbn</STRONG> (Thumb, 0 bytes, Stack size 16 bytes, dscalb.o(.text), UNUSED)

<P><STRONG><a name="[91]"></a>__aeabi_ui2f</STRONG> (Thumb, 14 bytes, Stack size 8 bytes, ffltui.o(.text))
<BR><BR>[Stack]<UL><LI>Max Depth = 20<LI>Call Chain = __aeabi_ui2f &rArr; _float_epilogue
</UL>
<BR>[Calls]<UL><LI><a href="#[85]">&gt;&gt;</a>&nbsp;&nbsp;&nbsp;_float_epilogue
</UL>
<BR>[Called By]<UL><LI><a href="#[25c]">&gt;&gt;</a>&nbsp;&nbsp;&nbsp;ProcessMacCommands
<LI><a href="#[290]">&gt;&gt;</a>&nbsp;&nbsp;&nbsp;RegionCommonComputeTxPower
<LI><a href="#[332]">&gt;&gt;</a>&nbsp;&nbsp;&nbsp;sendSigfox
<LI><a href="#[31c]">&gt;&gt;</a>&nbsp;&nbsp;&nbsp;stopEnergyMeasurementNBIoT
<LI><a href="#[14]">&gt;&gt;</a>&nbsp;&nbsp;&nbsp;LORA_Done
<LI><a href="#[1c8]">&gt;&gt;</a>&nbsp;&nbsp;&nbsp;stopEnergyMeasurement
<LI><a href="#[1e6]">&gt;&gt;</a>&nbsp;&nbsp;&nbsp;LTC2942_GetmAh
</UL>

<P><STRONG><a name="[92]"></a>__aeabi_i2d</STRONG> (Thumb, 34 bytes, Stack size 16 bytes, dflti.o(.text))
<BR><BR>[Stack]<UL><LI>Max Depth = 72<LI>Call Chain = __aeabi_i2d &rArr; _double_epilogue &rArr; __aeabi_llsr
</UL>
<BR>[Calls]<UL><LI><a href="#[8b]">&gt;&gt;</a>&nbsp;&nbsp;&nbsp;_double_epilogue
</UL>
<BR>[Called By]<UL><LI><a href="#[6b]">&gt;&gt;</a>&nbsp;&nbsp;&nbsp;SX1276GetTimeOnAir
<LI><a href="#[28f]">&gt;&gt;</a>&nbsp;&nbsp;&nbsp;RegionCommonComputeSymbolTimeLoRa
<LI><a href="#[28b]">&gt;&gt;</a>&nbsp;&nbsp;&nbsp;RegionCommonComputeRxWindowParameters
</UL>

<P><STRONG><a name="[93]"></a>__aeabi_ui2d</STRONG> (Thumb, 24 bytes, Stack size 16 bytes, dfltui.o(.text))
<BR><BR>[Stack]<UL><LI>Max Depth = 72<LI>Call Chain = __aeabi_ui2d &rArr; _double_epilogue &rArr; __aeabi_llsr
</UL>
<BR>[Calls]<UL><LI><a href="#[8b]">&gt;&gt;</a>&nbsp;&nbsp;&nbsp;_double_epilogue
</UL>
<BR>[Called By]<UL><LI><a href="#[69]">&gt;&gt;</a>&nbsp;&nbsp;&nbsp;SX1276SetTxConfig
<LI><a href="#[68]">&gt;&gt;</a>&nbsp;&nbsp;&nbsp;SX1276SetRxConfig
<LI><a href="#[6b]">&gt;&gt;</a>&nbsp;&nbsp;&nbsp;SX1276GetTimeOnAir
<LI><a href="#[28f]">&gt;&gt;</a>&nbsp;&nbsp;&nbsp;RegionCommonComputeSymbolTimeLoRa
<LI><a href="#[28e]">&gt;&gt;</a>&nbsp;&nbsp;&nbsp;RegionCommonComputeSymbolTimeFsk
<LI><a href="#[28b]">&gt;&gt;</a>&nbsp;&nbsp;&nbsp;RegionCommonComputeRxWindowParameters
<LI><a href="#[1e4]">&gt;&gt;</a>&nbsp;&nbsp;&nbsp;LTC2942_GetVoltage
</UL>

<P><STRONG><a name="[324]"></a>__aeabi_f2uiz</STRONG> (Thumb, 40 bytes, Stack size 0 bytes, ffixui.o(.text))
<BR><BR>[Called By]<UL><LI><a href="#[31c]">&gt;&gt;</a>&nbsp;&nbsp;&nbsp;stopEnergyMeasurementNBIoT
<LI><a href="#[1c8]">&gt;&gt;</a>&nbsp;&nbsp;&nbsp;stopEnergyMeasurement
<LI><a href="#[319]">&gt;&gt;</a>&nbsp;&nbsp;&nbsp;startEnergyMeasurement
<LI><a href="#[323]">&gt;&gt;</a>&nbsp;&nbsp;&nbsp;initEnergyMeasurement
</UL>

<P><STRONG><a name="[94]"></a>__aeabi_d2iz</STRONG> (Thumb, 62 bytes, Stack size 16 bytes, dfixi.o(.text))
<BR><BR>[Stack]<UL><LI>Max Depth = 24<LI>Call Chain = __aeabi_d2iz &rArr; __aeabi_llsr
</UL>
<BR>[Calls]<UL><LI><a href="#[7f]">&gt;&gt;</a>&nbsp;&nbsp;&nbsp;__aeabi_llsr
</UL>
<BR>[Called By]<UL><LI><a href="#[290]">&gt;&gt;</a>&nbsp;&nbsp;&nbsp;RegionCommonComputeTxPower
<LI><a href="#[28b]">&gt;&gt;</a>&nbsp;&nbsp;&nbsp;RegionCommonComputeRxWindowParameters
</UL>

<P><STRONG><a name="[95]"></a>__aeabi_d2uiz</STRONG> (Thumb, 50 bytes, Stack size 8 bytes, dfixui.o(.text))
<BR><BR>[Stack]<UL><LI>Max Depth = 16<LI>Call Chain = __aeabi_d2uiz &rArr; __aeabi_llsr
</UL>
<BR>[Calls]<UL><LI><a href="#[7f]">&gt;&gt;</a>&nbsp;&nbsp;&nbsp;__aeabi_llsr
</UL>
<BR>[Called By]<UL><LI><a href="#[69]">&gt;&gt;</a>&nbsp;&nbsp;&nbsp;SX1276SetTxConfig
<LI><a href="#[68]">&gt;&gt;</a>&nbsp;&nbsp;&nbsp;SX1276SetRxConfig
<LI><a href="#[6b]">&gt;&gt;</a>&nbsp;&nbsp;&nbsp;SX1276GetTimeOnAir
<LI><a href="#[28b]">&gt;&gt;</a>&nbsp;&nbsp;&nbsp;RegionCommonComputeRxWindowParameters
</UL>

<P><STRONG><a name="[1ca]"></a>__aeabi_f2d</STRONG> (Thumb, 40 bytes, Stack size 0 bytes, f2d.o(.text))
<BR><BR>[Called By]<UL><LI><a href="#[290]">&gt;&gt;</a>&nbsp;&nbsp;&nbsp;RegionCommonComputeTxPower
<LI><a href="#[332]">&gt;&gt;</a>&nbsp;&nbsp;&nbsp;sendSigfox
<LI><a href="#[14]">&gt;&gt;</a>&nbsp;&nbsp;&nbsp;LORA_Done
<LI><a href="#[1e6]">&gt;&gt;</a>&nbsp;&nbsp;&nbsp;LTC2942_GetmAh
</UL>

<P><STRONG><a name="[2fc]"></a>__aeabi_cdrcmple</STRONG> (Thumb, 38 bytes, Stack size 0 bytes, cdrcmple.o(.text))
<BR><BR>[Called By]<UL><LI><a href="#[6b]">&gt;&gt;</a>&nbsp;&nbsp;&nbsp;SX1276GetTimeOnAir
<LI><a href="#[2fb]">&gt;&gt;</a>&nbsp;&nbsp;&nbsp;round
<LI><a href="#[291]">&gt;&gt;</a>&nbsp;&nbsp;&nbsp;floor
<LI><a href="#[28c]">&gt;&gt;</a>&nbsp;&nbsp;&nbsp;ceil
<LI><a href="#[315]">&gt;&gt;</a>&nbsp;&nbsp;&nbsp;_fp_digits
</UL>

<P><STRONG><a name="[96]"></a>__aeabi_d2f</STRONG> (Thumb, 56 bytes, Stack size 8 bytes, d2f.o(.text))
<BR><BR>[Stack]<UL><LI>Max Depth = 8<LI>Call Chain = __aeabi_d2f
</UL>
<BR>[Calls]<UL><LI><a href="#[86]">&gt;&gt;</a>&nbsp;&nbsp;&nbsp;_float_round
</UL>
<BR>[Called By]<UL><LI><a href="#[1e6]">&gt;&gt;</a>&nbsp;&nbsp;&nbsp;LTC2942_GetmAh
<LI><a href="#[1e4]">&gt;&gt;</a>&nbsp;&nbsp;&nbsp;LTC2942_GetVoltage
</UL>

<P><STRONG><a name="[80]"></a>__aeabi_llsl</STRONG> (Thumb, 32 bytes, Stack size 8 bytes, llshl.o(.text))
<BR><BR>[Stack]<UL><LI>Max Depth = 8<LI>Call Chain = __aeabi_llsl
</UL>
<BR>[Called By]<UL><LI><a href="#[89]">&gt;&gt;</a>&nbsp;&nbsp;&nbsp;__aeabi_dadd
<LI><a href="#[7e]">&gt;&gt;</a>&nbsp;&nbsp;&nbsp;__aeabi_uldivmod
<LI><a href="#[98]">&gt;&gt;</a>&nbsp;&nbsp;&nbsp;_drnd
<LI><a href="#[8b]">&gt;&gt;</a>&nbsp;&nbsp;&nbsp;_double_epilogue
<LI><a href="#[99]">&gt;&gt;</a>&nbsp;&nbsp;&nbsp;__aeabi_d2ulz
</UL>

<P><STRONG><a name="[35e]"></a>_ll_shift_l</STRONG> (Thumb, 0 bytes, Stack size 8 bytes, llshl.o(.text), UNUSED)

<P><STRONG><a name="[7f]"></a>__aeabi_llsr</STRONG> (Thumb, 34 bytes, Stack size 8 bytes, llushr.o(.text))
<BR><BR>[Stack]<UL><LI>Max Depth = 8<LI>Call Chain = __aeabi_llsr
</UL>
<BR>[Called By]<UL><LI><a href="#[95]">&gt;&gt;</a>&nbsp;&nbsp;&nbsp;__aeabi_d2uiz
<LI><a href="#[94]">&gt;&gt;</a>&nbsp;&nbsp;&nbsp;__aeabi_d2iz
<LI><a href="#[7e]">&gt;&gt;</a>&nbsp;&nbsp;&nbsp;__aeabi_uldivmod
<LI><a href="#[98]">&gt;&gt;</a>&nbsp;&nbsp;&nbsp;_drnd
<LI><a href="#[8b]">&gt;&gt;</a>&nbsp;&nbsp;&nbsp;_double_epilogue
<LI><a href="#[99]">&gt;&gt;</a>&nbsp;&nbsp;&nbsp;__aeabi_d2ulz
</UL>

<P><STRONG><a name="[35f]"></a>_ll_ushift_r</STRONG> (Thumb, 0 bytes, Stack size 8 bytes, llushr.o(.text), UNUSED)

<P><STRONG><a name="[8a]"></a>__aeabi_lasr</STRONG> (Thumb, 38 bytes, Stack size 8 bytes, llsshr.o(.text))
<BR><BR>[Stack]<UL><LI>Max Depth = 8<LI>Call Chain = __aeabi_lasr
</UL>
<BR>[Called By]<UL><LI><a href="#[89]">&gt;&gt;</a>&nbsp;&nbsp;&nbsp;__aeabi_dadd
</UL>

<P><STRONG><a name="[360]"></a>_ll_sshift_r</STRONG> (Thumb, 0 bytes, Stack size 8 bytes, llsshr.o(.text), UNUSED)

<P><STRONG><a name="[361]"></a>__I$use$fp</STRONG> (Thumb, 0 bytes, Stack size 0 bytes, iusefp.o(.text), UNUSED)

<P><STRONG><a name="[86]"></a>_float_round</STRONG> (Thumb, 16 bytes, Stack size 0 bytes, fepilogue.o(.text))
<BR><BR>[Called By]<UL><LI><a href="#[84]">&gt;&gt;</a>&nbsp;&nbsp;&nbsp;__aeabi_fadd
<LI><a href="#[96]">&gt;&gt;</a>&nbsp;&nbsp;&nbsp;__aeabi_d2f
</UL>

<P><STRONG><a name="[85]"></a>_float_epilogue</STRONG> (Thumb, 114 bytes, Stack size 12 bytes, fepilogue.o(.text))
<BR><BR>[Stack]<UL><LI>Max Depth = 12<LI>Call Chain = _float_epilogue
</UL>
<BR>[Called By]<UL><LI><a href="#[91]">&gt;&gt;</a>&nbsp;&nbsp;&nbsp;__aeabi_ui2f
<LI><a href="#[84]">&gt;&gt;</a>&nbsp;&nbsp;&nbsp;__aeabi_fadd
</UL>

<P><STRONG><a name="[8c]"></a>_double_round</STRONG> (Thumb, 26 bytes, Stack size 8 bytes, depilogue.o(.text))
<BR><BR>[Stack]<UL><LI>Max Depth = 8<LI>Call Chain = _double_round
</UL>
<BR>[Called By]<UL><LI><a href="#[90]">&gt;&gt;</a>&nbsp;&nbsp;&nbsp;__aeabi_ddiv
<LI><a href="#[89]">&gt;&gt;</a>&nbsp;&nbsp;&nbsp;__aeabi_dadd
<LI><a href="#[98]">&gt;&gt;</a>&nbsp;&nbsp;&nbsp;_drnd
<LI><a href="#[8b]">&gt;&gt;</a>&nbsp;&nbsp;&nbsp;_double_epilogue
</UL>

<P><STRONG><a name="[8b]"></a>_double_epilogue</STRONG> (Thumb, 164 bytes, Stack size 48 bytes, depilogue.o(.text))
<BR><BR>[Stack]<UL><LI>Max Depth = 56<LI>Call Chain = _double_epilogue &rArr; __aeabi_llsr
</UL>
<BR>[Calls]<UL><LI><a href="#[97]">&gt;&gt;</a>&nbsp;&nbsp;&nbsp;__ARM_clz
<LI><a href="#[7f]">&gt;&gt;</a>&nbsp;&nbsp;&nbsp;__aeabi_llsr
<LI><a href="#[80]">&gt;&gt;</a>&nbsp;&nbsp;&nbsp;__aeabi_llsl
<LI><a href="#[8c]">&gt;&gt;</a>&nbsp;&nbsp;&nbsp;_double_round
</UL>
<BR>[Called By]<UL><LI><a href="#[93]">&gt;&gt;</a>&nbsp;&nbsp;&nbsp;__aeabi_ui2d
<LI><a href="#[92]">&gt;&gt;</a>&nbsp;&nbsp;&nbsp;__aeabi_i2d
<LI><a href="#[8f]">&gt;&gt;</a>&nbsp;&nbsp;&nbsp;__aeabi_dmul
<LI><a href="#[89]">&gt;&gt;</a>&nbsp;&nbsp;&nbsp;__aeabi_dadd
</UL>

<P><STRONG><a name="[98]"></a>_drnd</STRONG> (Thumb, 114 bytes, Stack size 24 bytes, drnd.o(.text))
<BR><BR>[Stack]<UL><LI>Max Depth = 32<LI>Call Chain = _drnd &rArr; __aeabi_llsr
</UL>
<BR>[Calls]<UL><LI><a href="#[7f]">&gt;&gt;</a>&nbsp;&nbsp;&nbsp;__aeabi_llsr
<LI><a href="#[80]">&gt;&gt;</a>&nbsp;&nbsp;&nbsp;__aeabi_llsl
<LI><a href="#[8c]">&gt;&gt;</a>&nbsp;&nbsp;&nbsp;_double_round
</UL>
<BR>[Called By]<UL><LI><a href="#[2fb]">&gt;&gt;</a>&nbsp;&nbsp;&nbsp;round
</UL>

<P><STRONG><a name="[99]"></a>__aeabi_d2ulz</STRONG> (Thumb, 54 bytes, Stack size 8 bytes, dfixul.o(.text), UNUSED)
<BR><BR>[Calls]<UL><LI><a href="#[7f]">&gt;&gt;</a>&nbsp;&nbsp;&nbsp;__aeabi_llsr
<LI><a href="#[80]">&gt;&gt;</a>&nbsp;&nbsp;&nbsp;__aeabi_llsl
</UL>
<BR>[Called By]<UL><LI><a href="#[315]">&gt;&gt;</a>&nbsp;&nbsp;&nbsp;_fp_digits
</UL>

<P><STRONG><a name="[362]"></a>__aeabi_cdcmpeq</STRONG> (Thumb, 0 bytes, Stack size 0 bytes, cdcmple.o(.text), UNUSED)

<P><STRONG><a name="[330]"></a>__aeabi_cdcmple</STRONG> (Thumb, 38 bytes, Stack size 0 bytes, cdcmple.o(.text))
<BR><BR>[Called By]<UL><LI><a href="#[2fb]">&gt;&gt;</a>&nbsp;&nbsp;&nbsp;round
</UL>

<P><STRONG><a name="[7b]"></a>__scatterload</STRONG> (Thumb, 28 bytes, Stack size 0 bytes, init.o(.text))
<BR><BR>[Calls]<UL><LI><a href="#[9a]">&gt;&gt;</a>&nbsp;&nbsp;&nbsp;__main_after_scatterload
</UL>
<BR>[Called By]<UL><LI><a href="#[7a]">&gt;&gt;</a>&nbsp;&nbsp;&nbsp;_main_scatterload
</UL>

<P><STRONG><a name="[363]"></a>__scatterload_rt2</STRONG> (Thumb, 0 bytes, Stack size 0 bytes, init.o(.text), UNUSED)

<P><STRONG><a name="[364]"></a>__decompress</STRONG> (Thumb, 0 bytes, Stack size unknown bytes, __dczerorl2.o(.text), UNUSED)

<P><STRONG><a name="[365]"></a>__decompress1</STRONG> (Thumb, 86 bytes, Stack size unknown bytes, __dczerorl2.o(.text), UNUSED)

<P><STRONG><a name="[9e]"></a>AES_CMAC_Final</STRONG> (Thumb, 316 bytes, Stack size 56 bytes, cmac.o(i.AES_CMAC_Final))
<BR><BR>[Stack]<UL><LI>Max Depth = 128<LI>Call Chain = AES_CMAC_Final &rArr; aes_encrypt &rArr; mix_sub_columns
</UL>
<BR>[Calls]<UL><LI><a href="#[a1]">&gt;&gt;</a>&nbsp;&nbsp;&nbsp;memcpy1
<LI><a href="#[9f]">&gt;&gt;</a>&nbsp;&nbsp;&nbsp;memset1
<LI><a href="#[a0]">&gt;&gt;</a>&nbsp;&nbsp;&nbsp;aes_encrypt
</UL>
<BR>[Called By]<UL><LI><a href="#[f9]">&gt;&gt;</a>&nbsp;&nbsp;&nbsp;ComputeCmac
</UL>

<P><STRONG><a name="[a2]"></a>AES_CMAC_Init</STRONG> (Thumb, 32 bytes, Stack size 8 bytes, cmac.o(i.AES_CMAC_Init))
<BR><BR>[Stack]<UL><LI>Max Depth = 8<LI>Call Chain = AES_CMAC_Init
</UL>
<BR>[Calls]<UL><LI><a href="#[9f]">&gt;&gt;</a>&nbsp;&nbsp;&nbsp;memset1
</UL>
<BR>[Called By]<UL><LI><a href="#[f9]">&gt;&gt;</a>&nbsp;&nbsp;&nbsp;ComputeCmac
</UL>

<P><STRONG><a name="[a3]"></a>AES_CMAC_SetKey</STRONG> (Thumb, 16 bytes, Stack size 8 bytes, cmac.o(i.AES_CMAC_SetKey))
<BR><BR>[Stack]<UL><LI>Max Depth = 76<LI>Call Chain = AES_CMAC_SetKey &rArr; aes_set_key &rArr; __aeabi_uidivmod
</UL>
<BR>[Calls]<UL><LI><a href="#[a4]">&gt;&gt;</a>&nbsp;&nbsp;&nbsp;aes_set_key
</UL>
<BR>[Called By]<UL><LI><a href="#[f9]">&gt;&gt;</a>&nbsp;&nbsp;&nbsp;ComputeCmac
</UL>

<P><STRONG><a name="[a5]"></a>AES_CMAC_Update</STRONG> (Thumb, 190 bytes, Stack size 64 bytes, cmac.o(i.AES_CMAC_Update))
<BR><BR>[Stack]<UL><LI>Max Depth = 136<LI>Call Chain = AES_CMAC_Update &rArr; aes_encrypt &rArr; mix_sub_columns
</UL>
<BR>[Calls]<UL><LI><a href="#[a1]">&gt;&gt;</a>&nbsp;&nbsp;&nbsp;memcpy1
<LI><a href="#[a0]">&gt;&gt;</a>&nbsp;&nbsp;&nbsp;aes_encrypt
</UL>
<BR>[Called By]<UL><LI><a href="#[f9]">&gt;&gt;</a>&nbsp;&nbsp;&nbsp;ComputeCmac
</UL>

<P><STRONG><a name="[a8]"></a>BG96_ActivateContext</STRONG> (Thumb, 96 bytes, Stack size 40 bytes, bg96.o(i.BG96_ActivateContext))
<BR><BR>[Stack]<UL><LI>Max Depth = 904<LI>Call Chain = BG96_ActivateContext &rArr; BG96_SendATCommandCheckReply &rArr; SCH_Run &rArr; SCH_Idle &rArr; LoRaMacProcess &rArr; ProcessRadioRxDone &rArr; LoRaMacCryptoUnsecureMessage &rArr; VerifyCmacB0 &rArr; SecureElementVerifyAesCmac &rArr; ComputeCmac &rArr; AES_CMAC_Update &rArr; aes_encrypt &rArr; mix_sub_columns
</UL>
<BR>[Calls]<UL><LI><a href="#[ab]">&gt;&gt;</a>&nbsp;&nbsp;&nbsp;HW_RTC_GetTimerValue
<LI><a href="#[ad]">&gt;&gt;</a>&nbsp;&nbsp;&nbsp;HAL_Delay
<LI><a href="#[ac]">&gt;&gt;</a>&nbsp;&nbsp;&nbsp;rand
<LI><a href="#[7c]">&gt;&gt;</a>&nbsp;&nbsp;&nbsp;__aeabi_idivmod
<LI><a href="#[aa]">&gt;&gt;</a>&nbsp;&nbsp;&nbsp;BG96_SendATCommandCheckReply
<LI><a href="#[a9]">&gt;&gt;</a>&nbsp;&nbsp;&nbsp;__2sprintf
</UL>
<BR>[Called By]<UL><LI><a href="#[ef]">&gt;&gt;</a>&nbsp;&nbsp;&nbsp;BG96_WakeFromPSMToSend
</UL>

<P><STRONG><a name="[ae]"></a>BG96_CheckIfContextActivated</STRONG> (Thumb, 46 bytes, Stack size 136 bytes, bg96.o(i.BG96_CheckIfContextActivated))
<BR><BR>[Stack]<UL><LI>Max Depth = 1000<LI>Call Chain = BG96_CheckIfContextActivated &rArr; BG96_SendATCommandGetReply &rArr; SCH_Run &rArr; SCH_Idle &rArr; LoRaMacProcess &rArr; ProcessRadioRxDone &rArr; LoRaMacCryptoUnsecureMessage &rArr; VerifyCmacB0 &rArr; SecureElementVerifyAesCmac &rArr; ComputeCmac &rArr; AES_CMAC_Update &rArr; aes_encrypt &rArr; mix_sub_columns
</UL>
<BR>[Calls]<UL><LI><a href="#[b0]">&gt;&gt;</a>&nbsp;&nbsp;&nbsp;StringStartsWith
<LI><a href="#[af]">&gt;&gt;</a>&nbsp;&nbsp;&nbsp;BG96_SendATCommandGetReply
<LI><a href="#[a9]">&gt;&gt;</a>&nbsp;&nbsp;&nbsp;__2sprintf
</UL>
<BR>[Called By]<UL><LI><a href="#[ef]">&gt;&gt;</a>&nbsp;&nbsp;&nbsp;BG96_WakeFromPSMToSend
</UL>

<P><STRONG><a name="[b1]"></a>BG96_ConfigureContext</STRONG> (Thumb, 32 bytes, Stack size 64 bytes, bg96.o(i.BG96_ConfigureContext))
<BR><BR>[Stack]<UL><LI>Max Depth = 928<LI>Call Chain = BG96_ConfigureContext &rArr; BG96_SendATCommandCheckReply &rArr; SCH_Run &rArr; SCH_Idle &rArr; LoRaMacProcess &rArr; ProcessRadioRxDone &rArr; LoRaMacCryptoUnsecureMessage &rArr; VerifyCmacB0 &rArr; SecureElementVerifyAesCmac &rArr; ComputeCmac &rArr; AES_CMAC_Update &rArr; aes_encrypt &rArr; mix_sub_columns
</UL>
<BR>[Calls]<UL><LI><a href="#[aa]">&gt;&gt;</a>&nbsp;&nbsp;&nbsp;BG96_SendATCommandCheckReply
<LI><a href="#[a9]">&gt;&gt;</a>&nbsp;&nbsp;&nbsp;__2sprintf
</UL>
<BR>[Called By]<UL><LI><a href="#[31b]">&gt;&gt;</a>&nbsp;&nbsp;&nbsp;registerNBIoT
</UL>

<P><STRONG><a name="[b2]"></a>BG96_ConfigureURCIndication</STRONG> (Thumb, 30 bytes, Stack size 40 bytes, bg96.o(i.BG96_ConfigureURCIndication))
<BR><BR>[Stack]<UL><LI>Max Depth = 904<LI>Call Chain = BG96_ConfigureURCIndication &rArr; BG96_SendATCommandCheckReply &rArr; SCH_Run &rArr; SCH_Idle &rArr; LoRaMacProcess &rArr; ProcessRadioRxDone &rArr; LoRaMacCryptoUnsecureMessage &rArr; VerifyCmacB0 &rArr; SecureElementVerifyAesCmac &rArr; ComputeCmac &rArr; AES_CMAC_Update &rArr; aes_encrypt &rArr; mix_sub_columns
</UL>
<BR>[Calls]<UL><LI><a href="#[aa]">&gt;&gt;</a>&nbsp;&nbsp;&nbsp;BG96_SendATCommandCheckReply
<LI><a href="#[a9]">&gt;&gt;</a>&nbsp;&nbsp;&nbsp;__2sprintf
</UL>
<BR>[Called By]<UL><LI><a href="#[31a]">&gt;&gt;</a>&nbsp;&nbsp;&nbsp;initNBIoT
</UL>

<P><STRONG><a name="[b3]"></a>BG96_ConnectToOperator</STRONG> (Thumb, 126 bytes, Stack size 56 bytes, bg96.o(i.BG96_ConnectToOperator))
<BR><BR>[Stack]<UL><LI>Max Depth = 920<LI>Call Chain = BG96_ConnectToOperator &rArr; BG96_SendATCommandGetReply &rArr; SCH_Run &rArr; SCH_Idle &rArr; LoRaMacProcess &rArr; ProcessRadioRxDone &rArr; LoRaMacCryptoUnsecureMessage &rArr; VerifyCmacB0 &rArr; SecureElementVerifyAesCmac &rArr; ComputeCmac &rArr; AES_CMAC_Update &rArr; aes_encrypt &rArr; mix_sub_columns
</UL>
<BR>[Calls]<UL><LI><a href="#[b4]">&gt;&gt;</a>&nbsp;&nbsp;&nbsp;vcom2_Send
<LI><a href="#[ab]">&gt;&gt;</a>&nbsp;&nbsp;&nbsp;HW_RTC_GetTimerValue
<LI><a href="#[ad]">&gt;&gt;</a>&nbsp;&nbsp;&nbsp;HAL_Delay
<LI><a href="#[ac]">&gt;&gt;</a>&nbsp;&nbsp;&nbsp;rand
<LI><a href="#[7c]">&gt;&gt;</a>&nbsp;&nbsp;&nbsp;__aeabi_idivmod
<LI><a href="#[b0]">&gt;&gt;</a>&nbsp;&nbsp;&nbsp;StringStartsWith
<LI><a href="#[af]">&gt;&gt;</a>&nbsp;&nbsp;&nbsp;BG96_SendATCommandGetReply
<LI><a href="#[aa]">&gt;&gt;</a>&nbsp;&nbsp;&nbsp;BG96_SendATCommandCheckReply
</UL>
<BR>[Called By]<UL><LI><a href="#[31b]">&gt;&gt;</a>&nbsp;&nbsp;&nbsp;registerNBIoT
</UL>

<P><STRONG><a name="[b5]"></a>BG96_DeInit</STRONG> (Thumb, 10 bytes, Stack size 8 bytes, bg96.o(i.BG96_DeInit))
<BR><BR>[Stack]<UL><LI>Max Depth = 8<LI>Call Chain = BG96_DeInit
</UL>
<BR>[Calls]<UL><LI><a href="#[b6]">&gt;&gt;</a>&nbsp;&nbsp;&nbsp;LL_LPUART_DeInit
</UL>
<BR>[Called By]<UL><LI><a href="#[318]">&gt;&gt;</a>&nbsp;&nbsp;&nbsp;_sendNBIoT
</UL>

<P><STRONG><a name="[b7]"></a>BG96_DeactivateContext</STRONG> (Thumb, 32 bytes, Stack size 24 bytes, bg96.o(i.BG96_DeactivateContext))
<BR><BR>[Stack]<UL><LI>Max Depth = 888<LI>Call Chain = BG96_DeactivateContext &rArr; BG96_SendATCommandCheckReply &rArr; SCH_Run &rArr; SCH_Idle &rArr; LoRaMacProcess &rArr; ProcessRadioRxDone &rArr; LoRaMacCryptoUnsecureMessage &rArr; VerifyCmacB0 &rArr; SecureElementVerifyAesCmac &rArr; ComputeCmac &rArr; AES_CMAC_Update &rArr; aes_encrypt &rArr; mix_sub_columns
</UL>
<BR>[Calls]<UL><LI><a href="#[aa]">&gt;&gt;</a>&nbsp;&nbsp;&nbsp;BG96_SendATCommandCheckReply
<LI><a href="#[a9]">&gt;&gt;</a>&nbsp;&nbsp;&nbsp;__2sprintf
</UL>
<BR>[Called By]<UL><LI><a href="#[318]">&gt;&gt;</a>&nbsp;&nbsp;&nbsp;_sendNBIoT
</UL>

<P><STRONG><a name="[b8]"></a>BG96_Dma_IRQHandler</STRONG> (Thumb, 90 bytes, Stack size 16 bytes, bg96.o(i.BG96_Dma_IRQHandler))
<BR><BR>[Stack]<UL><LI>Max Depth = 136<LI>Call Chain = BG96_Dma_IRQHandler &rArr; BG96_PrintDMA &rArr; BG96_StartDMA &rArr; LL_DMA_Init &rArr; LL_DMA_SetPeriphRequest
</UL>
<BR>[Calls]<UL><LI><a href="#[b9]">&gt;&gt;</a>&nbsp;&nbsp;&nbsp;BG96_PrintDMA
</UL>
<BR>[Called By]<UL><LI><a href="#[26]">&gt;&gt;</a>&nbsp;&nbsp;&nbsp;DMA1_Channel4_5_6_7_IRQHandler
<LI><a href="#[d6]">&gt;&gt;</a>&nbsp;&nbsp;&nbsp;BG96_Send
</UL>

<P><STRONG><a name="[ba]"></a>BG96_GetCELevel</STRONG> (Thumb, 58 bytes, Stack size 64 bytes, bg96.o(i.BG96_GetCELevel))
<BR><BR>[Stack]<UL><LI>Max Depth = 928<LI>Call Chain = BG96_GetCELevel &rArr; BG96_SendATCommandGetReply &rArr; SCH_Run &rArr; SCH_Idle &rArr; LoRaMacProcess &rArr; ProcessRadioRxDone &rArr; LoRaMacCryptoUnsecureMessage &rArr; VerifyCmacB0 &rArr; SecureElementVerifyAesCmac &rArr; ComputeCmac &rArr; AES_CMAC_Update &rArr; aes_encrypt &rArr; mix_sub_columns
</UL>
<BR>[Calls]<UL><LI><a href="#[b0]">&gt;&gt;</a>&nbsp;&nbsp;&nbsp;StringStartsWith
<LI><a href="#[af]">&gt;&gt;</a>&nbsp;&nbsp;&nbsp;BG96_SendATCommandGetReply
<LI><a href="#[aa]">&gt;&gt;</a>&nbsp;&nbsp;&nbsp;BG96_SendATCommandCheckReply
</UL>
<BR>[Called By]<UL><LI><a href="#[31b]">&gt;&gt;</a>&nbsp;&nbsp;&nbsp;registerNBIoT
</UL>

<P><STRONG><a name="[bb]"></a>BG96_GetEDRXConfiguration</STRONG> (Thumb, 32 bytes, Stack size 8 bytes, bg96.o(i.BG96_GetEDRXConfiguration))
<BR><BR>[Stack]<UL><LI>Max Depth = 872<LI>Call Chain = BG96_GetEDRXConfiguration &rArr; BG96_SendATCommandGetReply &rArr; SCH_Run &rArr; SCH_Idle &rArr; LoRaMacProcess &rArr; ProcessRadioRxDone &rArr; LoRaMacCryptoUnsecureMessage &rArr; VerifyCmacB0 &rArr; SecureElementVerifyAesCmac &rArr; ComputeCmac &rArr; AES_CMAC_Update &rArr; aes_encrypt &rArr; mix_sub_columns
</UL>
<BR>[Calls]<UL><LI><a href="#[af]">&gt;&gt;</a>&nbsp;&nbsp;&nbsp;BG96_SendATCommandGetReply
<LI><a href="#[aa]">&gt;&gt;</a>&nbsp;&nbsp;&nbsp;BG96_SendATCommandCheckReply
</UL>
<BR>[Called By]<UL><LI><a href="#[31b]">&gt;&gt;</a>&nbsp;&nbsp;&nbsp;registerNBIoT
</UL>

<P><STRONG><a name="[bc]"></a>BG96_GetNetworkStatus</STRONG> (Thumb, 48 bytes, Stack size 16 bytes, bg96.o(i.BG96_GetNetworkStatus))
<BR><BR>[Stack]<UL><LI>Max Depth = 880<LI>Call Chain = BG96_GetNetworkStatus &rArr; BG96_SendATCommandGetReply &rArr; SCH_Run &rArr; SCH_Idle &rArr; LoRaMacProcess &rArr; ProcessRadioRxDone &rArr; LoRaMacCryptoUnsecureMessage &rArr; VerifyCmacB0 &rArr; SecureElementVerifyAesCmac &rArr; ComputeCmac &rArr; AES_CMAC_Update &rArr; aes_encrypt &rArr; mix_sub_columns
</UL>
<BR>[Calls]<UL><LI><a href="#[af]">&gt;&gt;</a>&nbsp;&nbsp;&nbsp;BG96_SendATCommandGetReply
<LI><a href="#[aa]">&gt;&gt;</a>&nbsp;&nbsp;&nbsp;BG96_SendATCommandCheckReply
</UL>
<BR>[Called By]<UL><LI><a href="#[31b]">&gt;&gt;</a>&nbsp;&nbsp;&nbsp;registerNBIoT
</UL>

<P><STRONG><a name="[d3]"></a>BG96_GetNewChar</STRONG> (Thumb, 26 bytes, Stack size 0 bytes, bg96.o(i.BG96_GetNewChar))
<BR><BR>[Called By]<UL><LI><a href="#[3c]">&gt;&gt;</a>&nbsp;&nbsp;&nbsp;BG96_ReceiveToBuffer
</UL>

<P><STRONG><a name="[bd]"></a>BG96_GetPowerSavingMode</STRONG> (Thumb, 32 bytes, Stack size 8 bytes, bg96.o(i.BG96_GetPowerSavingMode))
<BR><BR>[Stack]<UL><LI>Max Depth = 872<LI>Call Chain = BG96_GetPowerSavingMode &rArr; BG96_SendATCommandGetReply &rArr; SCH_Run &rArr; SCH_Idle &rArr; LoRaMacProcess &rArr; ProcessRadioRxDone &rArr; LoRaMacCryptoUnsecureMessage &rArr; VerifyCmacB0 &rArr; SecureElementVerifyAesCmac &rArr; ComputeCmac &rArr; AES_CMAC_Update &rArr; aes_encrypt &rArr; mix_sub_columns
</UL>
<BR>[Calls]<UL><LI><a href="#[af]">&gt;&gt;</a>&nbsp;&nbsp;&nbsp;BG96_SendATCommandGetReply
<LI><a href="#[aa]">&gt;&gt;</a>&nbsp;&nbsp;&nbsp;BG96_SendATCommandCheckReply
</UL>
<BR>[Called By]<UL><LI><a href="#[31b]">&gt;&gt;</a>&nbsp;&nbsp;&nbsp;registerNBIoT
</UL>

<P><STRONG><a name="[be]"></a>BG96_IRQHandler</STRONG> (Thumb, 196 bytes, Stack size 24 bytes, bg96.o(i.BG96_IRQHandler))
<BR><BR>[Stack]<UL><LI>Max Depth = 32<LI>Call Chain = BG96_IRQHandler &rArr; LPM_SetStopMode
</UL>
<BR>[Calls]<UL><LI><a href="#[c0]">&gt;&gt;</a>&nbsp;&nbsp;&nbsp;SCH_SetTask
<LI><a href="#[bf]">&gt;&gt;</a>&nbsp;&nbsp;&nbsp;LPM_SetStopMode
</UL>
<BR>[Called By]<UL><LI><a href="#[37]">&gt;&gt;</a>&nbsp;&nbsp;&nbsp;RNG_LPUART1_IRQHandler
</UL>

<P><STRONG><a name="[c1]"></a>BG96_Init</STRONG> (Thumb, 306 bytes, Stack size 88 bytes, bg96.o(i.BG96_Init))
<BR><BR>[Stack]<UL><LI>Max Depth = 160<LI>Call Chain = BG96_Init &rArr; LL_LPUART_Init &rArr; __aeabi_uldivmod &rArr; __aeabi_llsr
</UL>
<BR>[Calls]<UL><LI><a href="#[c3]">&gt;&gt;</a>&nbsp;&nbsp;&nbsp;HAL_NVIC_SetPriority
<LI><a href="#[c4]">&gt;&gt;</a>&nbsp;&nbsp;&nbsp;HAL_NVIC_EnableIRQ
<LI><a href="#[c2]">&gt;&gt;</a>&nbsp;&nbsp;&nbsp;HAL_GPIO_Init
<LI><a href="#[c8]">&gt;&gt;</a>&nbsp;&nbsp;&nbsp;HW_GPIO_Init
<LI><a href="#[c7]">&gt;&gt;</a>&nbsp;&nbsp;&nbsp;HAL_GPIO_WritePin
<LI><a href="#[c5]">&gt;&gt;</a>&nbsp;&nbsp;&nbsp;LL_LPUART_Init
<LI><a href="#[c6]">&gt;&gt;</a>&nbsp;&nbsp;&nbsp;SCH_RegTask
</UL>
<BR>[Called By]<UL><LI><a href="#[31a]">&gt;&gt;</a>&nbsp;&nbsp;&nbsp;initNBIoT
<LI><a href="#[318]">&gt;&gt;</a>&nbsp;&nbsp;&nbsp;_sendNBIoT
</UL>

<P><STRONG><a name="[c9]"></a>BG96_IoDeInit</STRONG> (Thumb, 52 bytes, Stack size 32 bytes, bg96.o(i.BG96_IoDeInit))
<BR><BR>[Stack]<UL><LI>Max Depth = 72<LI>Call Chain = BG96_IoDeInit &rArr; HW_GPIO_Init &rArr; HAL_GPIO_Init
</UL>
<BR>[Calls]<UL><LI><a href="#[c8]">&gt;&gt;</a>&nbsp;&nbsp;&nbsp;HW_GPIO_Init
<LI><a href="#[ca]">&gt;&gt;</a>&nbsp;&nbsp;&nbsp;__aeabi_memclr4
</UL>
<BR>[Called By]<UL><LI><a href="#[318]">&gt;&gt;</a>&nbsp;&nbsp;&nbsp;_sendNBIoT
</UL>

<P><STRONG><a name="[d4]"></a>BG96_IsNewCharReceived</STRONG> (Thumb, 28 bytes, Stack size 0 bytes, bg96.o(i.BG96_IsNewCharReceived))
<BR><BR>[Called By]<UL><LI><a href="#[3c]">&gt;&gt;</a>&nbsp;&nbsp;&nbsp;BG96_ReceiveToBuffer
</UL>

<P><STRONG><a name="[cb]"></a>BG96_IsPoweredDown</STRONG> (Thumb, 22 bytes, Stack size 8 bytes, bg96.o(i.BG96_IsPoweredDown))
<BR><BR>[Stack]<UL><LI>Max Depth = 8<LI>Call Chain = BG96_IsPoweredDown
</UL>
<BR>[Calls]<UL><LI><a href="#[cc]">&gt;&gt;</a>&nbsp;&nbsp;&nbsp;HAL_GPIO_ReadPin
</UL>
<BR>[Called By]<UL><LI><a href="#[318]">&gt;&gt;</a>&nbsp;&nbsp;&nbsp;_sendNBIoT
<LI><a href="#[ef]">&gt;&gt;</a>&nbsp;&nbsp;&nbsp;BG96_WakeFromPSMToSend
<LI><a href="#[ee]">&gt;&gt;</a>&nbsp;&nbsp;&nbsp;BG96_WakeFromPSM
<LI><a href="#[ed]">&gt;&gt;</a>&nbsp;&nbsp;&nbsp;BG96_WaitForPowerDown
<LI><a href="#[cf]">&gt;&gt;</a>&nbsp;&nbsp;&nbsp;BG96_PowerDown
</UL>

<P><STRONG><a name="[cd]"></a>BG96_ParseResult</STRONG> (Thumb, 20 bytes, Stack size 8 bytes, bg96.o(i.BG96_ParseResult))
<BR><BR>[Stack]<UL><LI>Max Depth = 8<LI>Call Chain = BG96_ParseResult
</UL>
<BR>[Calls]<UL><LI><a href="#[ce]">&gt;&gt;</a>&nbsp;&nbsp;&nbsp;__aeabi_memcpy
</UL>
<BR>[Called By]<UL><LI><a href="#[3c]">&gt;&gt;</a>&nbsp;&nbsp;&nbsp;BG96_ReceiveToBuffer
</UL>

<P><STRONG><a name="[cf]"></a>BG96_PowerDown</STRONG> (Thumb, 116 bytes, Stack size 48 bytes, bg96.o(i.BG96_PowerDown))
<BR><BR>[Stack]<UL><LI>Max Depth = 912<LI>Call Chain = BG96_PowerDown &rArr; BG96_SendATCommandGetReply &rArr; SCH_Run &rArr; SCH_Idle &rArr; LoRaMacProcess &rArr; ProcessRadioRxDone &rArr; LoRaMacCryptoUnsecureMessage &rArr; VerifyCmacB0 &rArr; SecureElementVerifyAesCmac &rArr; ComputeCmac &rArr; AES_CMAC_Update &rArr; aes_encrypt &rArr; mix_sub_columns
</UL>
<BR>[Calls]<UL><LI><a href="#[b4]">&gt;&gt;</a>&nbsp;&nbsp;&nbsp;vcom2_Send
<LI><a href="#[c7]">&gt;&gt;</a>&nbsp;&nbsp;&nbsp;HAL_GPIO_WritePin
<LI><a href="#[ad]">&gt;&gt;</a>&nbsp;&nbsp;&nbsp;HAL_Delay
<LI><a href="#[b0]">&gt;&gt;</a>&nbsp;&nbsp;&nbsp;StringStartsWith
<LI><a href="#[af]">&gt;&gt;</a>&nbsp;&nbsp;&nbsp;BG96_SendATCommandGetReply
<LI><a href="#[cb]">&gt;&gt;</a>&nbsp;&nbsp;&nbsp;BG96_IsPoweredDown
</UL>
<BR>[Called By]<UL><LI><a href="#[318]">&gt;&gt;</a>&nbsp;&nbsp;&nbsp;_sendNBIoT
</UL>

<P><STRONG><a name="[d0]"></a>BG96_PowerOn</STRONG> (Thumb, 232 bytes, Stack size 48 bytes, bg96.o(i.BG96_PowerOn))
<BR><BR>[Stack]<UL><LI>Max Depth = 920<LI>Call Chain = BG96_PowerOn &rArr; BG96_ResetParameters &rArr; BG96_SendATCommandCheckReply &rArr; SCH_Run &rArr; SCH_Idle &rArr; LoRaMacProcess &rArr; ProcessRadioRxDone &rArr; LoRaMacCryptoUnsecureMessage &rArr; VerifyCmacB0 &rArr; SecureElementVerifyAesCmac &rArr; ComputeCmac &rArr; AES_CMAC_Update &rArr; aes_encrypt &rArr; mix_sub_columns
</UL>
<BR>[Calls]<UL><LI><a href="#[b4]">&gt;&gt;</a>&nbsp;&nbsp;&nbsp;vcom2_Send
<LI><a href="#[c7]">&gt;&gt;</a>&nbsp;&nbsp;&nbsp;HAL_GPIO_WritePin
<LI><a href="#[ad]">&gt;&gt;</a>&nbsp;&nbsp;&nbsp;HAL_Delay
<LI><a href="#[b0]">&gt;&gt;</a>&nbsp;&nbsp;&nbsp;StringStartsWith
<LI><a href="#[af]">&gt;&gt;</a>&nbsp;&nbsp;&nbsp;BG96_SendATCommandGetReply
<LI><a href="#[aa]">&gt;&gt;</a>&nbsp;&nbsp;&nbsp;BG96_SendATCommandCheckReply
<LI><a href="#[d1]">&gt;&gt;</a>&nbsp;&nbsp;&nbsp;BG96_ResetParameters
</UL>
<BR>[Called By]<UL><LI><a href="#[31a]">&gt;&gt;</a>&nbsp;&nbsp;&nbsp;initNBIoT
</UL>

<P><STRONG><a name="[3c]"></a>BG96_ReceiveToBuffer</STRONG> (Thumb, 106 bytes, Stack size 24 bytes, bg96.o(i.BG96_ReceiveToBuffer))
<BR><BR>[Stack]<UL><LI>Max Depth = 32<LI>Call Chain = BG96_ReceiveToBuffer &rArr; BG96_ParseResult
</UL>
<BR>[Calls]<UL><LI><a href="#[ca]">&gt;&gt;</a>&nbsp;&nbsp;&nbsp;__aeabi_memclr4
<LI><a href="#[cd]">&gt;&gt;</a>&nbsp;&nbsp;&nbsp;BG96_ParseResult
<LI><a href="#[d4]">&gt;&gt;</a>&nbsp;&nbsp;&nbsp;BG96_IsNewCharReceived
<LI><a href="#[d3]">&gt;&gt;</a>&nbsp;&nbsp;&nbsp;BG96_GetNewChar
</UL>
<BR>[Address Reference Count : 1]<UL><LI> bg96.o(i.BG96_Init)
</UL>
<P><STRONG><a name="[d1]"></a>BG96_ResetParameters</STRONG> (Thumb, 16 bytes, Stack size 8 bytes, bg96.o(i.BG96_ResetParameters))
<BR><BR>[Stack]<UL><LI>Max Depth = 872<LI>Call Chain = BG96_ResetParameters &rArr; BG96_SendATCommandCheckReply &rArr; SCH_Run &rArr; SCH_Idle &rArr; LoRaMacProcess &rArr; ProcessRadioRxDone &rArr; LoRaMacCryptoUnsecureMessage &rArr; VerifyCmacB0 &rArr; SecureElementVerifyAesCmac &rArr; ComputeCmac &rArr; AES_CMAC_Update &rArr; aes_encrypt &rArr; mix_sub_columns
</UL>
<BR>[Calls]<UL><LI><a href="#[aa]">&gt;&gt;</a>&nbsp;&nbsp;&nbsp;BG96_SendATCommandCheckReply
</UL>
<BR>[Called By]<UL><LI><a href="#[d0]">&gt;&gt;</a>&nbsp;&nbsp;&nbsp;BG96_PowerOn
</UL>

<P><STRONG><a name="[d5]"></a>BG96_SelectNetwork</STRONG> (Thumb, 30 bytes, Stack size 56 bytes, bg96.o(i.BG96_SelectNetwork))
<BR><BR>[Stack]<UL><LI>Max Depth = 920<LI>Call Chain = BG96_SelectNetwork &rArr; BG96_SendATCommandCheckReply &rArr; SCH_Run &rArr; SCH_Idle &rArr; LoRaMacProcess &rArr; ProcessRadioRxDone &rArr; LoRaMacCryptoUnsecureMessage &rArr; VerifyCmacB0 &rArr; SecureElementVerifyAesCmac &rArr; ComputeCmac &rArr; AES_CMAC_Update &rArr; aes_encrypt &rArr; mix_sub_columns
</UL>
<BR>[Calls]<UL><LI><a href="#[aa]">&gt;&gt;</a>&nbsp;&nbsp;&nbsp;BG96_SendATCommandCheckReply
<LI><a href="#[a9]">&gt;&gt;</a>&nbsp;&nbsp;&nbsp;__2sprintf
</UL>
<BR>[Called By]<UL><LI><a href="#[31b]">&gt;&gt;</a>&nbsp;&nbsp;&nbsp;registerNBIoT
</UL>

<P><STRONG><a name="[d6]"></a>BG96_Send</STRONG> (Thumb, 244 bytes, Stack size 168 bytes, bg96.o(i.BG96_Send))
<BR><BR>[Stack]<UL><LI>Max Depth = 356<LI>Call Chain = BG96_Send &rArr; tiny_vsnprintf_like &rArr; ee_number &rArr; __aeabi_uidivmod
</UL>
<BR>[Calls]<UL><LI><a href="#[d9]">&gt;&gt;</a>&nbsp;&nbsp;&nbsp;HAL_NVIC_GetPendingIRQ
<LI><a href="#[ad]">&gt;&gt;</a>&nbsp;&nbsp;&nbsp;HAL_Delay
<LI><a href="#[d8]">&gt;&gt;</a>&nbsp;&nbsp;&nbsp;tiny_vsnprintf_like
<LI><a href="#[b9]">&gt;&gt;</a>&nbsp;&nbsp;&nbsp;BG96_PrintDMA
<LI><a href="#[b8]">&gt;&gt;</a>&nbsp;&nbsp;&nbsp;BG96_Dma_IRQHandler
<LI><a href="#[ca]">&gt;&gt;</a>&nbsp;&nbsp;&nbsp;__aeabi_memclr4
<LI><a href="#[d7]">&gt;&gt;</a>&nbsp;&nbsp;&nbsp;__aeabi_memcpy4
<LI><a href="#[ce]">&gt;&gt;</a>&nbsp;&nbsp;&nbsp;__aeabi_memcpy
</UL>
<BR>[Called By]<UL><LI><a href="#[da]">&gt;&gt;</a>&nbsp;&nbsp;&nbsp;BG96_SendATCommand
</UL>

<P><STRONG><a name="[da]"></a>BG96_SendATCommand</STRONG> (Thumb, 20 bytes, Stack size 8 bytes, bg96.o(i.BG96_SendATCommand))
<BR><BR>[Stack]<UL><LI>Max Depth = 364<LI>Call Chain = BG96_SendATCommand &rArr; BG96_Send &rArr; tiny_vsnprintf_like &rArr; ee_number &rArr; __aeabi_uidivmod
</UL>
<BR>[Calls]<UL><LI><a href="#[d6]">&gt;&gt;</a>&nbsp;&nbsp;&nbsp;BG96_Send
<LI><a href="#[db]">&gt;&gt;</a>&nbsp;&nbsp;&nbsp;strlen
</UL>
<BR>[Called By]<UL><LI><a href="#[e8]">&gt;&gt;</a>&nbsp;&nbsp;&nbsp;BG96_UDP_SendData
<LI><a href="#[af]">&gt;&gt;</a>&nbsp;&nbsp;&nbsp;BG96_SendATCommandGetReply
<LI><a href="#[aa]">&gt;&gt;</a>&nbsp;&nbsp;&nbsp;BG96_SendATCommandCheckReply
</UL>

<P><STRONG><a name="[aa]"></a>BG96_SendATCommandCheckReply</STRONG> (Thumb, 114 bytes, Stack size 32 bytes, bg96.o(i.BG96_SendATCommandCheckReply))
<BR><BR>[Stack]<UL><LI>Max Depth = 864<LI>Call Chain = BG96_SendATCommandCheckReply &rArr; SCH_Run &rArr; SCH_Idle &rArr; LoRaMacProcess &rArr; ProcessRadioRxDone &rArr; LoRaMacCryptoUnsecureMessage &rArr; VerifyCmacB0 &rArr; SecureElementVerifyAesCmac &rArr; ComputeCmac &rArr; AES_CMAC_Update &rArr; aes_encrypt &rArr; mix_sub_columns
</UL>
<BR>[Calls]<UL><LI><a href="#[b4]">&gt;&gt;</a>&nbsp;&nbsp;&nbsp;vcom2_Send
<LI><a href="#[dc]">&gt;&gt;</a>&nbsp;&nbsp;&nbsp;SCH_Run
<LI><a href="#[ab]">&gt;&gt;</a>&nbsp;&nbsp;&nbsp;HW_RTC_GetTimerValue
<LI><a href="#[ad]">&gt;&gt;</a>&nbsp;&nbsp;&nbsp;HAL_Delay
<LI><a href="#[b0]">&gt;&gt;</a>&nbsp;&nbsp;&nbsp;StringStartsWith
<LI><a href="#[da]">&gt;&gt;</a>&nbsp;&nbsp;&nbsp;BG96_SendATCommand
</UL>
<BR>[Called By]<UL><LI><a href="#[ee]">&gt;&gt;</a>&nbsp;&nbsp;&nbsp;BG96_WakeFromPSM
<LI><a href="#[eb]">&gt;&gt;</a>&nbsp;&nbsp;&nbsp;BG96_WaitForConnection
<LI><a href="#[ea]">&gt;&gt;</a>&nbsp;&nbsp;&nbsp;BG96_UDP_Stop
<LI><a href="#[e9]">&gt;&gt;</a>&nbsp;&nbsp;&nbsp;BG96_UDP_Start
<LI><a href="#[e8]">&gt;&gt;</a>&nbsp;&nbsp;&nbsp;BG96_UDP_SendData
<LI><a href="#[e6]">&gt;&gt;</a>&nbsp;&nbsp;&nbsp;BG96_SetPowerSavingModeSettings
<LI><a href="#[e5]">&gt;&gt;</a>&nbsp;&nbsp;&nbsp;BG96_SetPowerSavingModeImmediately
<LI><a href="#[e4]">&gt;&gt;</a>&nbsp;&nbsp;&nbsp;BG96_SetPowerSavingMode
<LI><a href="#[e3]">&gt;&gt;</a>&nbsp;&nbsp;&nbsp;BG96_SetPDPContext
<LI><a href="#[e2]">&gt;&gt;</a>&nbsp;&nbsp;&nbsp;BG96_SetNetworkReporting
<LI><a href="#[e1]">&gt;&gt;</a>&nbsp;&nbsp;&nbsp;BG96_SetModemOptimization
<LI><a href="#[e0]">&gt;&gt;</a>&nbsp;&nbsp;&nbsp;BG96_SetMode
<LI><a href="#[df]">&gt;&gt;</a>&nbsp;&nbsp;&nbsp;BG96_SetErrorFormat
<LI><a href="#[de]">&gt;&gt;</a>&nbsp;&nbsp;&nbsp;BG96_SetEDRXConfiguration
<LI><a href="#[d5]">&gt;&gt;</a>&nbsp;&nbsp;&nbsp;BG96_SelectNetwork
<LI><a href="#[d1]">&gt;&gt;</a>&nbsp;&nbsp;&nbsp;BG96_ResetParameters
<LI><a href="#[d0]">&gt;&gt;</a>&nbsp;&nbsp;&nbsp;BG96_PowerOn
<LI><a href="#[bd]">&gt;&gt;</a>&nbsp;&nbsp;&nbsp;BG96_GetPowerSavingMode
<LI><a href="#[bc]">&gt;&gt;</a>&nbsp;&nbsp;&nbsp;BG96_GetNetworkStatus
<LI><a href="#[bb]">&gt;&gt;</a>&nbsp;&nbsp;&nbsp;BG96_GetEDRXConfiguration
<LI><a href="#[ba]">&gt;&gt;</a>&nbsp;&nbsp;&nbsp;BG96_GetCELevel
<LI><a href="#[b7]">&gt;&gt;</a>&nbsp;&nbsp;&nbsp;BG96_DeactivateContext
<LI><a href="#[b3]">&gt;&gt;</a>&nbsp;&nbsp;&nbsp;BG96_ConnectToOperator
<LI><a href="#[b2]">&gt;&gt;</a>&nbsp;&nbsp;&nbsp;BG96_ConfigureURCIndication
<LI><a href="#[b1]">&gt;&gt;</a>&nbsp;&nbsp;&nbsp;BG96_ConfigureContext
<LI><a href="#[a8]">&gt;&gt;</a>&nbsp;&nbsp;&nbsp;BG96_ActivateContext
</UL>

<P><STRONG><a name="[af]"></a>BG96_SendATCommandGetReply</STRONG> (Thumb, 84 bytes, Stack size 32 bytes, bg96.o(i.BG96_SendATCommandGetReply))
<BR><BR>[Stack]<UL><LI>Max Depth = 864<LI>Call Chain = BG96_SendATCommandGetReply &rArr; SCH_Run &rArr; SCH_Idle &rArr; LoRaMacProcess &rArr; ProcessRadioRxDone &rArr; LoRaMacCryptoUnsecureMessage &rArr; VerifyCmacB0 &rArr; SecureElementVerifyAesCmac &rArr; ComputeCmac &rArr; AES_CMAC_Update &rArr; aes_encrypt &rArr; mix_sub_columns
</UL>
<BR>[Calls]<UL><LI><a href="#[b4]">&gt;&gt;</a>&nbsp;&nbsp;&nbsp;vcom2_Send
<LI><a href="#[dc]">&gt;&gt;</a>&nbsp;&nbsp;&nbsp;SCH_Run
<LI><a href="#[ab]">&gt;&gt;</a>&nbsp;&nbsp;&nbsp;HW_RTC_GetTimerValue
<LI><a href="#[ad]">&gt;&gt;</a>&nbsp;&nbsp;&nbsp;HAL_Delay
<LI><a href="#[da]">&gt;&gt;</a>&nbsp;&nbsp;&nbsp;BG96_SendATCommand
<LI><a href="#[dd]">&gt;&gt;</a>&nbsp;&nbsp;&nbsp;strcpy
</UL>
<BR>[Called By]<UL><LI><a href="#[31b]">&gt;&gt;</a>&nbsp;&nbsp;&nbsp;registerNBIoT
<LI><a href="#[31a]">&gt;&gt;</a>&nbsp;&nbsp;&nbsp;initNBIoT
<LI><a href="#[eb]">&gt;&gt;</a>&nbsp;&nbsp;&nbsp;BG96_WaitForConnection
<LI><a href="#[e9]">&gt;&gt;</a>&nbsp;&nbsp;&nbsp;BG96_UDP_Start
<LI><a href="#[d0]">&gt;&gt;</a>&nbsp;&nbsp;&nbsp;BG96_PowerOn
<LI><a href="#[cf]">&gt;&gt;</a>&nbsp;&nbsp;&nbsp;BG96_PowerDown
<LI><a href="#[bd]">&gt;&gt;</a>&nbsp;&nbsp;&nbsp;BG96_GetPowerSavingMode
<LI><a href="#[bc]">&gt;&gt;</a>&nbsp;&nbsp;&nbsp;BG96_GetNetworkStatus
<LI><a href="#[bb]">&gt;&gt;</a>&nbsp;&nbsp;&nbsp;BG96_GetEDRXConfiguration
<LI><a href="#[ba]">&gt;&gt;</a>&nbsp;&nbsp;&nbsp;BG96_GetCELevel
<LI><a href="#[b3]">&gt;&gt;</a>&nbsp;&nbsp;&nbsp;BG96_ConnectToOperator
<LI><a href="#[ae]">&gt;&gt;</a>&nbsp;&nbsp;&nbsp;BG96_CheckIfContextActivated
</UL>

<P><STRONG><a name="[de]"></a>BG96_SetEDRXConfiguration</STRONG> (Thumb, 34 bytes, Stack size 40 bytes, bg96.o(i.BG96_SetEDRXConfiguration))
<BR><BR>[Stack]<UL><LI>Max Depth = 904<LI>Call Chain = BG96_SetEDRXConfiguration &rArr; BG96_SendATCommandCheckReply &rArr; SCH_Run &rArr; SCH_Idle &rArr; LoRaMacProcess &rArr; ProcessRadioRxDone &rArr; LoRaMacCryptoUnsecureMessage &rArr; VerifyCmacB0 &rArr; SecureElementVerifyAesCmac &rArr; ComputeCmac &rArr; AES_CMAC_Update &rArr; aes_encrypt &rArr; mix_sub_columns
</UL>
<BR>[Calls]<UL><LI><a href="#[aa]">&gt;&gt;</a>&nbsp;&nbsp;&nbsp;BG96_SendATCommandCheckReply
<LI><a href="#[a9]">&gt;&gt;</a>&nbsp;&nbsp;&nbsp;__2sprintf
</UL>
<BR>[Called By]<UL><LI><a href="#[31b]">&gt;&gt;</a>&nbsp;&nbsp;&nbsp;registerNBIoT
<LI><a href="#[31a]">&gt;&gt;</a>&nbsp;&nbsp;&nbsp;initNBIoT
</UL>

<P><STRONG><a name="[df]"></a>BG96_SetErrorFormat</STRONG> (Thumb, 30 bytes, Stack size 40 bytes, bg96.o(i.BG96_SetErrorFormat))
<BR><BR>[Stack]<UL><LI>Max Depth = 904<LI>Call Chain = BG96_SetErrorFormat &rArr; BG96_SendATCommandCheckReply &rArr; SCH_Run &rArr; SCH_Idle &rArr; LoRaMacProcess &rArr; ProcessRadioRxDone &rArr; LoRaMacCryptoUnsecureMessage &rArr; VerifyCmacB0 &rArr; SecureElementVerifyAesCmac &rArr; ComputeCmac &rArr; AES_CMAC_Update &rArr; aes_encrypt &rArr; mix_sub_columns
</UL>
<BR>[Calls]<UL><LI><a href="#[aa]">&gt;&gt;</a>&nbsp;&nbsp;&nbsp;BG96_SendATCommandCheckReply
<LI><a href="#[a9]">&gt;&gt;</a>&nbsp;&nbsp;&nbsp;__2sprintf
</UL>
<BR>[Called By]<UL><LI><a href="#[31a]">&gt;&gt;</a>&nbsp;&nbsp;&nbsp;initNBIoT
</UL>

<P><STRONG><a name="[e0]"></a>BG96_SetMode</STRONG> (Thumb, 126 bytes, Stack size 8 bytes, bg96.o(i.BG96_SetMode))
<BR><BR>[Stack]<UL><LI>Max Depth = 872<LI>Call Chain = BG96_SetMode &rArr; BG96_SendATCommandCheckReply &rArr; SCH_Run &rArr; SCH_Idle &rArr; LoRaMacProcess &rArr; ProcessRadioRxDone &rArr; LoRaMacCryptoUnsecureMessage &rArr; VerifyCmacB0 &rArr; SecureElementVerifyAesCmac &rArr; ComputeCmac &rArr; AES_CMAC_Update &rArr; aes_encrypt &rArr; mix_sub_columns
</UL>
<BR>[Calls]<UL><LI><a href="#[aa]">&gt;&gt;</a>&nbsp;&nbsp;&nbsp;BG96_SendATCommandCheckReply
</UL>
<BR>[Called By]<UL><LI><a href="#[31a]">&gt;&gt;</a>&nbsp;&nbsp;&nbsp;initNBIoT
</UL>

<P><STRONG><a name="[e1]"></a>BG96_SetModemOptimization</STRONG> (Thumb, 16 bytes, Stack size 8 bytes, bg96.o(i.BG96_SetModemOptimization))
<BR><BR>[Stack]<UL><LI>Max Depth = 872<LI>Call Chain = BG96_SetModemOptimization &rArr; BG96_SendATCommandCheckReply &rArr; SCH_Run &rArr; SCH_Idle &rArr; LoRaMacProcess &rArr; ProcessRadioRxDone &rArr; LoRaMacCryptoUnsecureMessage &rArr; VerifyCmacB0 &rArr; SecureElementVerifyAesCmac &rArr; ComputeCmac &rArr; AES_CMAC_Update &rArr; aes_encrypt &rArr; mix_sub_columns
</UL>
<BR>[Calls]<UL><LI><a href="#[aa]">&gt;&gt;</a>&nbsp;&nbsp;&nbsp;BG96_SendATCommandCheckReply
</UL>
<BR>[Called By]<UL><LI><a href="#[31b]">&gt;&gt;</a>&nbsp;&nbsp;&nbsp;registerNBIoT
<LI><a href="#[31a]">&gt;&gt;</a>&nbsp;&nbsp;&nbsp;initNBIoT
</UL>

<P><STRONG><a name="[e2]"></a>BG96_SetNetworkReporting</STRONG> (Thumb, 30 bytes, Stack size 40 bytes, bg96.o(i.BG96_SetNetworkReporting))
<BR><BR>[Stack]<UL><LI>Max Depth = 904<LI>Call Chain = BG96_SetNetworkReporting &rArr; BG96_SendATCommandCheckReply &rArr; SCH_Run &rArr; SCH_Idle &rArr; LoRaMacProcess &rArr; ProcessRadioRxDone &rArr; LoRaMacCryptoUnsecureMessage &rArr; VerifyCmacB0 &rArr; SecureElementVerifyAesCmac &rArr; ComputeCmac &rArr; AES_CMAC_Update &rArr; aes_encrypt &rArr; mix_sub_columns
</UL>
[...]
</UL>
<BR>[Address Reference Count : 1]<UL><LI> st_lowlevel.o(i.STLL_Radio_IoInit)
</UL>
<P><STRONG><a name="[b9]"></a>BG96_PrintDMA</STRONG> (Thumb, 62 bytes, Stack size 24 bytes, bg96.o(i.BG96_PrintDMA))
<BR><BR>[Stack]<UL><LI>Max Depth = 120<LI>Call Chain = BG96_PrintDMA &rArr; BG96_StartDMA &rArr; LL_DMA_Init &rArr; LL_DMA_SetPeriphRequest
</UL>
<BR>[Calls]<UL><LI><a href="#[bf]">&gt;&gt;</a>&nbsp;&nbsp;&nbsp;LPM_SetStopMode
<LI><a href="#[d2]">&gt;&gt;</a>&nbsp;&nbsp;&nbsp;BG96_StartDMA
</UL>
<BR>[Called By]<UL><LI><a href="#[b8]">&gt;&gt;</a>&nbsp;&nbsp;&nbsp;BG96_Dma_IRQHandler
<LI><a href="#[d6]">&gt;&gt;</a>&nbsp;&nbsp;&nbsp;BG96_Send
</UL>

<P><STRONG><a name="[d2]"></a>BG96_StartDMA</STRONG> (Thumb, 126 bytes, Stack size 64 bytes, bg96.o(i.BG96_StartDMA))
<BR><BR>[Stack]<UL><LI>Max Depth = 96<LI>Call Chain = BG96_StartDMA &rArr; LL_DMA_Init &rArr; LL_DMA_SetPeriphRequest
</UL>
<BR>[Calls]<UL><LI><a href="#[c3]">&gt;&gt;</a>&nbsp;&nbsp;&nbsp;HAL_NVIC_SetPriority
<LI><a href="#[c4]">&gt;&gt;</a>&nbsp;&nbsp;&nbsp;HAL_NVIC_EnableIRQ
<LI><a href="#[e7]">&gt;&gt;</a>&nbsp;&nbsp;&nbsp;LL_DMA_Init
</UL>
<BR>[Called By]<UL><LI><a href="#[b9]">&gt;&gt;</a>&nbsp;&nbsp;&nbsp;BG96_PrintDMA
</UL>

<P><STRONG><a name="[1b8]"></a>I2C_Error</STRONG> (Thumb, 34 bytes, Stack size 8 bytes, ltc2942.o(i.I2C_Error))
<BR><BR>[Stack]<UL><LI>Max Depth = 88<LI>Call Chain = I2C_Error &rArr; I2C_Init &rArr; I2C_MspInit &rArr; HAL_GPIO_Init
</UL>
<BR>[Calls]<UL><LI><a href="#[130]">&gt;&gt;</a>&nbsp;&nbsp;&nbsp;HAL_I2C_DeInit
<LI><a href="#[1b9]">&gt;&gt;</a>&nbsp;&nbsp;&nbsp;I2C_Init
</UL>
<BR>[Called By]<UL><LI><a href="#[1bf]">&gt;&gt;</a>&nbsp;&nbsp;&nbsp;I2C_WriteData
<LI><a href="#[1be]">&gt;&gt;</a>&nbsp;&nbsp;&nbsp;I2C_ReadData
</UL>

<P><STRONG><a name="[1b9]"></a>I2C_Init</STRONG> (Thumb, 108 bytes, Stack size 16 bytes, ltc2942.o(i.I2C_Init))
<BR><BR>[Stack]<UL><LI>Max Depth = 80<LI>Call Chain = I2C_Init &rArr; I2C_MspInit &rArr; HAL_GPIO_Init
</UL>
<BR>[Calls]<UL><LI><a href="#[132]">&gt;&gt;</a>&nbsp;&nbsp;&nbsp;HAL_I2C_Init
<LI><a href="#[1ba]">&gt;&gt;</a>&nbsp;&nbsp;&nbsp;HAL_I2C_GetState
<LI><a href="#[1bb]">&gt;&gt;</a>&nbsp;&nbsp;&nbsp;I2C_MspInit
</UL>
<BR>[Called By]<UL><LI><a href="#[1e7]">&gt;&gt;</a>&nbsp;&nbsp;&nbsp;LTC2942_Init
<LI><a href="#[1b8]">&gt;&gt;</a>&nbsp;&nbsp;&nbsp;I2C_Error
</UL>

<P><STRONG><a name="[1bb]"></a>I2C_MspInit</STRONG> (Thumb, 172 bytes, Stack size 40 bytes, ltc2942.o(i.I2C_MspInit))
<BR><BR>[Stack]<UL><LI>Max Depth = 64<LI>Call Chain = I2C_MspInit &rArr; HAL_GPIO_Init
</UL>
<BR>[Calls]<UL><LI><a href="#[c3]">&gt;&gt;</a>&nbsp;&nbsp;&nbsp;HAL_NVIC_SetPriority
<LI><a href="#[c4]">&gt;&gt;</a>&nbsp;&nbsp;&nbsp;HAL_NVIC_EnableIRQ
<LI><a href="#[c2]">&gt;&gt;</a>&nbsp;&nbsp;&nbsp;HAL_GPIO_Init
</UL>
<BR>[Called By]<UL><LI><a href="#[1b9]">&gt;&gt;</a>&nbsp;&nbsp;&nbsp;I2C_Init
</UL>

<P><STRONG><a name="[1be]"></a>I2C_ReadData</STRONG> (Thumb, 44 bytes, Stack size 24 bytes, ltc2942.o(i.I2C_ReadData))
<BR><BR>[Stack]<UL><LI>Max Depth = 144<LI>Call Chain = I2C_ReadData &rArr; HAL_I2C_Mem_Read &rArr; I2C_RequestMemoryRead &rArr; I2C_WaitOnTXISFlagUntilTimeout &rArr; I2C_IsAcknowledgeFailed
</UL>
<BR>[Calls]<UL><LI><a href="#[134]">&gt;&gt;</a>&nbsp;&nbsp;&nbsp;HAL_I2C_Mem_Read
<LI><a href="#[1b8]">&gt;&gt;</a>&nbsp;&nbsp;&nbsp;I2C_Error
</UL>
<BR>[Called By]<UL><LI><a href="#[1e2]">&gt;&gt;</a>&nbsp;&nbsp;&nbsp;LTC2942_ReadReg
</UL>

<P><STRONG><a name="[1bf]"></a>I2C_WriteData</STRONG> (Thumb, 44 bytes, Stack size 24 bytes, ltc2942.o(i.I2C_WriteData))
<BR><BR>[Stack]<UL><LI>Max Depth = 144<LI>Call Chain = I2C_WriteData &rArr; HAL_I2C_Mem_Write &rArr; I2C_RequestMemoryWrite &rArr; I2C_WaitOnTXISFlagUntilTimeout &rArr; I2C_IsAcknowledgeFailed
</UL>
<BR>[Calls]<UL><LI><a href="#[139]">&gt;&gt;</a>&nbsp;&nbsp;&nbsp;HAL_I2C_Mem_Write
<LI><a href="#[1b8]">&gt;&gt;</a>&nbsp;&nbsp;&nbsp;I2C_Error
</UL>
<BR>[Called By]<UL><LI><a href="#[1ea]">&gt;&gt;</a>&nbsp;&nbsp;&nbsp;LTC2942_WriteReg
</UL>

<P><STRONG><a name="[327]"></a>st_sigfox_open</STRONG> (Thumb, 104 bytes, Stack size 32 bytes, sigfox.o(i.st_sigfox_open))
<BR><BR>[Stack]<UL><LI>Max Depth = 920<LI>Call Chain = st_sigfox_open &rArr; SIGFOX_API_open &rArr; SIGFOX_INT_get_device_id &rArr; SE_API_get_device_id &rArr; CREDENTIALS_get_dev_id &rArr; CREDENTIALS_get_cra &rArr; CREDENTIALS_get_signature &rArr; aes_cbc_encrypt &rArr; mix_sub_columns
</UL>
<BR>[Calls]<UL><LI><a href="#[2d4]">&gt;&gt;</a>&nbsp;&nbsp;&nbsp;SIGFOX_API_set_std_config
<LI><a href="#[2cf]">&gt;&gt;</a>&nbsp;&nbsp;&nbsp;SIGFOX_API_open
</UL>
<BR>[Called By]<UL><LI><a href="#[332]">&gt;&gt;</a>&nbsp;&nbsp;&nbsp;sendSigfox
<LI><a href="#[326]">&gt;&gt;</a>&nbsp;&nbsp;&nbsp;initSigfox
</UL>

<P><STRONG><a name="[5e]"></a>onTimerEvent</STRONG> (Thumb, 8 bytes, Stack size 8 bytes, main.o(i.onTimerEvent))
<BR><BR>[Stack]<UL><LI>Max Depth = 16<LI>Call Chain = onTimerEvent &rArr; send_data_request
</UL>
<BR>[Calls]<UL><LI><a href="#[32c]">&gt;&gt;</a>&nbsp;&nbsp;&nbsp;send_data_request
</UL>
<BR>[Address Reference Count : 1]<UL><LI> main.o(i.main)
</UL>
<P><STRONG><a name="[5d]"></a>sendTest</STRONG> (Thumb, 90 bytes, Stack size 16 bytes, main.o(i.sendTest))
<BR><BR>[Stack]<UL><LI>Max Depth = 1608<LI>Call Chain = sendTest &rArr; sendSigfox &rArr; SIGFOX_API_send_frame &rArr; SIGFOX_INT_execute_communication_sequence &rArr; SIGFOX_INT_prepare_transmission &rArr; SIGFOX_INT_build_frame &rArr; SE_API_secure_uplink_message &rArr; SIGFOX_encrypt_decrypt_frame &rArr; CREDENTIALS_aes_128_cbc_encrypt &rArr; CREDENTIALS_get_key &rArr; CREDENTIALS_get_cra &rArr; CREDENTIALS_get_signature &rArr; aes_cbc_encrypt &rArr; mix_sub_columns
</UL>
<BR>[Calls]<UL><LI><a href="#[b4]">&gt;&gt;</a>&nbsp;&nbsp;&nbsp;vcom2_Send
<LI><a href="#[10a]">&gt;&gt;</a>&nbsp;&nbsp;&nbsp;TimerStart
<LI><a href="#[185]">&gt;&gt;</a>&nbsp;&nbsp;&nbsp;HW_GPIO_SetIrq
<LI><a href="#[223]">&gt;&gt;</a>&nbsp;&nbsp;&nbsp;LoRaMacInitializationReset
<LI><a href="#[ad]">&gt;&gt;</a>&nbsp;&nbsp;&nbsp;HAL_Delay
<LI><a href="#[332]">&gt;&gt;</a>&nbsp;&nbsp;&nbsp;sendSigfox
<LI><a href="#[331]">&gt;&gt;</a>&nbsp;&nbsp;&nbsp;sendNBIoT
<LI><a href="#[2b6]">&gt;&gt;</a>&nbsp;&nbsp;&nbsp;sendLoRaWAN
<LI><a href="#[321]">&gt;&gt;</a>&nbsp;&nbsp;&nbsp;clearEnergyStruct
</UL>
<BR>[Called By]<UL><LI><a href="#[39]">&gt;&gt;</a>&nbsp;&nbsp;&nbsp;main
</UL>
<BR>[Address Reference Count : 1]<UL><LI> main.o(i.main)
</UL>
<P><STRONG><a name="[30d]"></a>TX_SetPower</STRONG> (Thumb, 40 bytes, Stack size 0 bytes, sgfxsx1276modulation-lib.o(i.TX_SetPower))
<BR><BR>[Called By]<UL><LI><a href="#[2c3]">&gt;&gt;</a>&nbsp;&nbsp;&nbsp;TX_Start
</UL>

<P><STRONG><a name="[2f6]"></a>TX_Write_Modu_Buffer</STRONG> (Thumb, 92 bytes, Stack size 16 bytes, sgfxsx1276modulation-lib.o(i.TX_Write_Modu_Buffer))
<BR><BR>[Stack]<UL><LI>Max Depth = 16<LI>Call Chain = TX_Write_Modu_Buffer
</UL>
<BR>[Called By]<UL><LI><a href="#[106]">&gt;&gt;</a>&nbsp;&nbsp;&nbsp;STLL_TX_IRQHandler_CB
</UL>

<P><STRONG><a name="[2f7]"></a>TX_Write_RampDown_Buffer</STRONG> (Thumb, 62 bytes, Stack size 8 bytes, sgfxsx1276modulation-lib.o(i.TX_Write_RampDown_Buffer))
<BR><BR>[Stack]<UL><LI>Max Depth = 8<LI>Call Chain = TX_Write_RampDown_Buffer
</UL>
<BR>[Called By]<UL><LI><a href="#[106]">&gt;&gt;</a>&nbsp;&nbsp;&nbsp;STLL_TX_IRQHandler_CB
</UL>

<P><STRONG><a name="[30e]"></a>TX_Write_RampUp_Buffer</STRONG> (Thumb, 80 bytes, Stack size 12 bytes, sgfxsx1276modulation-lib.o(i.TX_Write_RampUp_Buffer))
<BR><BR>[Stack]<UL><LI>Max Depth = 12<LI>Call Chain = TX_Write_RampUp_Buffer
</UL>
<BR>[Called By]<UL><LI><a href="#[2c3]">&gt;&gt;</a>&nbsp;&nbsp;&nbsp;TX_Start
</UL>

<P><STRONG><a name="[5a]"></a>TX_read_Bit</STRONG> (Thumb, 30 bytes, Stack size 0 bytes, sgfxsx1276modulation-lib.o(i.TX_read_Bit))
<BR>[Address Reference Count : 1]<UL><LI> sgfxsx1276modulation-lib.o(i.TX_Start)
</UL>
<P><STRONG><a name="[344]"></a>SIGFOX_DECODE_dewhitening</STRONG> (Thumb, 152 bytes, Stack size 32 bytes, sgfx_cmac_lib.o(i.SIGFOX_DECODE_dewhitening))
<BR><BR>[Stack]<UL><LI>Max Depth = 44<LI>Call Chain = SIGFOX_DECODE_dewhitening &rArr; SIGFOX_DECODE_dewhitening_pn
</UL>
<BR>[Calls]<UL><LI><a href="#[340]">&gt;&gt;</a>&nbsp;&nbsp;&nbsp;SE_NVM_get
<LI><a href="#[345]">&gt;&gt;</a>&nbsp;&nbsp;&nbsp;SIGFOX_DECODE_dewhitening_pn
<LI><a href="#[fb]">&gt;&gt;</a>&nbsp;&nbsp;&nbsp;__aeabi_uread4
</UL>
<BR>[Called By]<UL><LI><a href="#[2e7]">&gt;&gt;</a>&nbsp;&nbsp;&nbsp;SE_API_verify_downlink_message
</UL>

<P><STRONG><a name="[345]"></a>SIGFOX_DECODE_dewhitening_pn</STRONG> (Thumb, 40 bytes, Stack size 12 bytes, sgfx_cmac_lib.o(i.SIGFOX_DECODE_dewhitening_pn))
<BR><BR>[Stack]<UL><LI>Max Depth = 12<LI>Call Chain = SIGFOX_DECODE_dewhitening_pn
</UL>
<BR>[Called By]<UL><LI><a href="#[344]">&gt;&gt;</a>&nbsp;&nbsp;&nbsp;SIGFOX_DECODE_dewhitening
</UL>

<P><STRONG><a name="[343]"></a>SIGFOX_HMAC_compute_aes</STRONG> (Thumb, 70 bytes, Stack size 56 bytes, sgfx_cmac_lib.o(i.SIGFOX_HMAC_compute_aes))
<BR><BR>[Stack]<UL><LI>Max Depth = 1200<LI>Call Chain = SIGFOX_HMAC_compute_aes &rArr; CREDENTIALS_aes_128_cbc_encrypt &rArr; CREDENTIALS_get_key &rArr; CREDENTIALS_get_cra &rArr; CREDENTIALS_get_signature &rArr; aes_cbc_encrypt &rArr; mix_sub_columns
</UL>
<BR>[Calls]<UL><LI><a href="#[334]">&gt;&gt;</a>&nbsp;&nbsp;&nbsp;CREDENTIALS_aes_128_cbc_encrypt
</UL>
<BR>[Called By]<UL><LI><a href="#[2d7]">&gt;&gt;</a>&nbsp;&nbsp;&nbsp;SE_API_secure_uplink_message
</UL>

<P><STRONG><a name="[342]"></a>SIGFOX_encrypt_decrypt_frame</STRONG> (Thumb, 234 bytes, Stack size 80 bytes, sgfx_cmac_lib.o(i.SIGFOX_encrypt_decrypt_frame))
<BR><BR>[Stack]<UL><LI>Max Depth = 1224<LI>Call Chain = SIGFOX_encrypt_decrypt_frame &rArr; CREDENTIALS_aes_128_cbc_encrypt &rArr; CREDENTIALS_get_key &rArr; CREDENTIALS_get_cra &rArr; CREDENTIALS_get_signature &rArr; aes_cbc_encrypt &rArr; mix_sub_columns
</UL>
<BR>[Calls]<UL><LI><a href="#[340]">&gt;&gt;</a>&nbsp;&nbsp;&nbsp;SE_NVM_get
<LI><a href="#[33f]">&gt;&gt;</a>&nbsp;&nbsp;&nbsp;CREDENTIALS_wrap_session_key
<LI><a href="#[339]">&gt;&gt;</a>&nbsp;&nbsp;&nbsp;CREDENTIALS_aes_128_cbc_encrypt_with_session_key
<LI><a href="#[334]">&gt;&gt;</a>&nbsp;&nbsp;&nbsp;CREDENTIALS_aes_128_cbc_encrypt
</UL>
<BR>[Called By]<UL><LI><a href="#[2e7]">&gt;&gt;</a>&nbsp;&nbsp;&nbsp;SE_API_verify_downlink_message
<LI><a href="#[2d7]">&gt;&gt;</a>&nbsp;&nbsp;&nbsp;SE_API_secure_uplink_message
</UL>

<P><STRONG><a name="[33a]"></a>CREDENTIALS_get_cra</STRONG> (Thumb, 208 bytes, Stack size 384 bytes, sgfx_credentials_lib.o(i.CREDENTIALS_get_cra))
<BR><BR>[Stack]<UL><LI>Max Depth = 784<LI>Call Chain = CREDENTIALS_get_cra &rArr; CREDENTIALS_get_signature &rArr; aes_cbc_encrypt &rArr; mix_sub_columns
</UL>
<BR>[Calls]<UL><LI><a href="#[ce]">&gt;&gt;</a>&nbsp;&nbsp;&nbsp;__aeabi_memcpy
<LI><a href="#[337]">&gt;&gt;</a>&nbsp;&nbsp;&nbsp;aes_set_key
<LI><a href="#[338]">&gt;&gt;</a>&nbsp;&nbsp;&nbsp;aes_cbc_encrypt
<LI><a href="#[33c]">&gt;&gt;</a>&nbsp;&nbsp;&nbsp;aes_cbc_decrypt
<LI><a href="#[33b]">&gt;&gt;</a>&nbsp;&nbsp;&nbsp;CREDENTIALS_get_signature
</UL>
<BR>[Called By]<UL><LI><a href="#[336]">&gt;&gt;</a>&nbsp;&nbsp;&nbsp;CREDENTIALS_get_key
<LI><a href="#[33e]">&gt;&gt;</a>&nbsp;&nbsp;&nbsp;CREDENTIALS_get_initial_pac
<LI><a href="#[33d]">&gt;&gt;</a>&nbsp;&nbsp;&nbsp;CREDENTIALS_get_dev_id
</UL>

<P><STRONG><a name="[336]"></a>CREDENTIALS_get_key</STRONG> (Thumb, 58 bytes, Stack size 56 bytes, sgfx_credentials_lib.o(i.CREDENTIALS_get_key))
<BR><BR>[Stack]<UL><LI>Max Depth = 840<LI>Call Chain = CREDENTIALS_get_key &rArr; CREDENTIALS_get_cra &rArr; CREDENTIALS_get_signature &rArr; aes_cbc_encrypt &rArr; mix_sub_columns
</UL>
<BR>[Calls]<UL><LI><a href="#[ce]">&gt;&gt;</a>&nbsp;&nbsp;&nbsp;__aeabi_memcpy
<LI><a href="#[33a]">&gt;&gt;</a>&nbsp;&nbsp;&nbsp;CREDENTIALS_get_cra
</UL>
<BR>[Called By]<UL><LI><a href="#[33f]">&gt;&gt;</a>&nbsp;&nbsp;&nbsp;CREDENTIALS_wrap_session_key
<LI><a href="#[334]">&gt;&gt;</a>&nbsp;&nbsp;&nbsp;CREDENTIALS_aes_128_cbc_encrypt
</UL>

<P><STRONG><a name="[33b]"></a>CREDENTIALS_get_signature</STRONG> (Thumb, 92 bytes, Stack size 312 bytes, sgfx_credentials_lib.o(i.CREDENTIALS_get_signature))
<BR><BR>[Stack]<UL><LI>Max Depth = 400<LI>Call Chain = CREDENTIALS_get_signature &rArr; aes_cbc_encrypt &rArr; mix_sub_columns
</UL>
<BR>[Calls]<UL><LI><a href="#[337]">&gt;&gt;</a>&nbsp;&nbsp;&nbsp;aes_set_key
<LI><a href="#[338]">&gt;&gt;</a>&nbsp;&nbsp;&nbsp;aes_cbc_encrypt
</UL>
<BR>[Called By]<UL><LI><a href="#[33a]">&gt;&gt;</a>&nbsp;&nbsp;&nbsp;CREDENTIALS_get_cra
</UL>

<P><STRONG><a name="[346]"></a>add_round_key</STRONG> (Thumb, 8 bytes, Stack size 8 bytes, sgfx_credentials_lib.o(i.add_round_key))
<BR><BR>[Stack]<UL><LI>Max Depth = 8<LI>Call Chain = add_round_key
</UL>
<BR>[Calls]<UL><LI><a href="#[347]">&gt;&gt;</a>&nbsp;&nbsp;&nbsp;xor_block
</UL>
<BR>[Called By]<UL><LI><a href="#[338]">&gt;&gt;</a>&nbsp;&nbsp;&nbsp;aes_cbc_encrypt
<LI><a href="#[33c]">&gt;&gt;</a>&nbsp;&nbsp;&nbsp;aes_cbc_decrypt
</UL>

<P><STRONG><a name="[33c]"></a>aes_cbc_decrypt</STRONG> (Thumb, 130 bytes, Stack size 72 bytes, sgfx_credentials_lib.o(i.aes_cbc_decrypt))
<BR><BR>[Stack]<UL><LI>Max Depth = 112<LI>Call Chain = aes_cbc_decrypt &rArr; inv_mix_sub_columns
</UL>
<BR>[Calls]<UL><LI><a href="#[347]">&gt;&gt;</a>&nbsp;&nbsp;&nbsp;xor_block
<LI><a href="#[34a]">&gt;&gt;</a>&nbsp;&nbsp;&nbsp;inv_shift_sub_rows
<LI><a href="#[34b]">&gt;&gt;</a>&nbsp;&nbsp;&nbsp;inv_mix_sub_columns
<LI><a href="#[348]">&gt;&gt;</a>&nbsp;&nbsp;&nbsp;copy_block
<LI><a href="#[349]">&gt;&gt;</a>&nbsp;&nbsp;&nbsp;copy_and_key
<LI><a href="#[346]">&gt;&gt;</a>&nbsp;&nbsp;&nbsp;add_round_key
</UL>
<BR>[Called By]<UL><LI><a href="#[33a]">&gt;&gt;</a>&nbsp;&nbsp;&nbsp;CREDENTIALS_get_cra
</UL>

<P><STRONG><a name="[338]"></a>aes_cbc_encrypt</STRONG> (Thumb, 120 bytes, Stack size 56 bytes, sgfx_credentials_lib.o(i.aes_cbc_encrypt))
<BR><BR>[Stack]<UL><LI>Max Depth = 88<LI>Call Chain = aes_cbc_encrypt &rArr; mix_sub_columns
</UL>
<BR>[Calls]<UL><LI><a href="#[347]">&gt;&gt;</a>&nbsp;&nbsp;&nbsp;xor_block
<LI><a href="#[34d]">&gt;&gt;</a>&nbsp;&nbsp;&nbsp;shift_sub_rows
<LI><a href="#[34c]">&gt;&gt;</a>&nbsp;&nbsp;&nbsp;mix_sub_columns
<LI><a href="#[348]">&gt;&gt;</a>&nbsp;&nbsp;&nbsp;copy_block
<LI><a href="#[349]">&gt;&gt;</a>&nbsp;&nbsp;&nbsp;copy_and_key
<LI><a href="#[346]">&gt;&gt;</a>&nbsp;&nbsp;&nbsp;add_round_key
</UL>
<BR>[Called By]<UL><LI><a href="#[33b]">&gt;&gt;</a>&nbsp;&nbsp;&nbsp;CREDENTIALS_get_signature
<LI><a href="#[33a]">&gt;&gt;</a>&nbsp;&nbsp;&nbsp;CREDENTIALS_get_cra
<LI><a href="#[33f]">&gt;&gt;</a>&nbsp;&nbsp;&nbsp;CREDENTIALS_wrap_session_key
<LI><a href="#[339]">&gt;&gt;</a>&nbsp;&nbsp;&nbsp;CREDENTIALS_aes_128_cbc_encrypt_with_session_key
<LI><a href="#[334]">&gt;&gt;</a>&nbsp;&nbsp;&nbsp;CREDENTIALS_aes_128_cbc_encrypt
</UL>

<P><STRONG><a name="[337]"></a>aes_set_key</STRONG> (Thumb, 248 bytes, Stack size 56 bytes, sgfx_credentials_lib.o(i.aes_set_key))
<BR><BR>[Stack]<UL><LI>Max Depth = 68<LI>Call Chain = aes_set_key &rArr; __aeabi_uidivmod
</UL>
<BR>[Calls]<UL><LI><a href="#[7d]">&gt;&gt;</a>&nbsp;&nbsp;&nbsp;__aeabi_uidivmod
</UL>
<BR>[Called By]<UL><LI><a href="#[33b]">&gt;&gt;</a>&nbsp;&nbsp;&nbsp;CREDENTIALS_get_signature
<LI><a href="#[33a]">&gt;&gt;</a>&nbsp;&nbsp;&nbsp;CREDENTIALS_get_cra
<LI><a href="#[33f]">&gt;&gt;</a>&nbsp;&nbsp;&nbsp;CREDENTIALS_wrap_session_key
<LI><a href="#[339]">&gt;&gt;</a>&nbsp;&nbsp;&nbsp;CREDENTIALS_aes_128_cbc_encrypt_with_session_key
<LI><a href="#[334]">&gt;&gt;</a>&nbsp;&nbsp;&nbsp;CREDENTIALS_aes_128_cbc_encrypt
</UL>

<P><STRONG><a name="[349]"></a>copy_and_key</STRONG> (Thumb, 132 bytes, Stack size 8 bytes, sgfx_credentials_lib.o(i.copy_and_key))
<BR><BR>[Stack]<UL><LI>Max Depth = 8<LI>Call Chain = copy_and_key
</UL>
<BR>[Called By]<UL><LI><a href="#[338]">&gt;&gt;</a>&nbsp;&nbsp;&nbsp;aes_cbc_encrypt
<LI><a href="#[33c]">&gt;&gt;</a>&nbsp;&nbsp;&nbsp;aes_cbc_decrypt
</UL>

<P><STRONG><a name="[348]"></a>copy_block</STRONG> (Thumb, 66 bytes, Stack size 0 bytes, sgfx_credentials_lib.o(i.copy_block))
<BR><BR>[Called By]<UL><LI><a href="#[34c]">&gt;&gt;</a>&nbsp;&nbsp;&nbsp;mix_sub_columns
<LI><a href="#[34b]">&gt;&gt;</a>&nbsp;&nbsp;&nbsp;inv_mix_sub_columns
<LI><a href="#[338]">&gt;&gt;</a>&nbsp;&nbsp;&nbsp;aes_cbc_encrypt
<LI><a href="#[33c]">&gt;&gt;</a>&nbsp;&nbsp;&nbsp;aes_cbc_decrypt
</UL>

<P><STRONG><a name="[34b]"></a>inv_mix_sub_columns</STRONG> (Thumb, 628 bytes, Stack size 40 bytes, sgfx_credentials_lib.o(i.inv_mix_sub_columns))
<BR><BR>[Stack]<UL><LI>Max Depth = 40<LI>Call Chain = inv_mix_sub_columns
</UL>
<BR>[Calls]<UL><LI><a href="#[348]">&gt;&gt;</a>&nbsp;&nbsp;&nbsp;copy_block
</UL>
<BR>[Called By]<UL><LI><a href="#[33c]">&gt;&gt;</a>&nbsp;&nbsp;&nbsp;aes_cbc_decrypt
</UL>

<P><STRONG><a name="[34a]"></a>inv_shift_sub_rows</STRONG> (Thumb, 100 bytes, Stack size 0 bytes, sgfx_credentials_lib.o(i.inv_shift_sub_rows))
<BR><BR>[Called By]<UL><LI><a href="#[33c]">&gt;&gt;</a>&nbsp;&nbsp;&nbsp;aes_cbc_decrypt
</UL>

<P><STRONG><a name="[34c]"></a>mix_sub_columns</STRONG> (Thumb, 530 bytes, Stack size 32 bytes, sgfx_credentials_lib.o(i.mix_sub_columns))
<BR><BR>[Stack]<UL><LI>Max Depth = 32<LI>Call Chain = mix_sub_columns
</UL>
<BR>[Calls]<UL><LI><a href="#[348]">&gt;&gt;</a>&nbsp;&nbsp;&nbsp;copy_block
</UL>
<BR>[Called By]<UL><LI><a href="#[338]">&gt;&gt;</a>&nbsp;&nbsp;&nbsp;aes_cbc_encrypt
</UL>

<P><STRONG><a name="[34d]"></a>shift_sub_rows</STRONG> (Thumb, 100 bytes, Stack size 0 bytes, sgfx_credentials_lib.o(i.shift_sub_rows))
<BR><BR>[Called By]<UL><LI><a href="#[338]">&gt;&gt;</a>&nbsp;&nbsp;&nbsp;aes_cbc_encrypt
</UL>

<P><STRONG><a name="[347]"></a>xor_block</STRONG> (Thumb, 130 bytes, Stack size 0 bytes, sgfx_credentials_lib.o(i.xor_block))
<BR><BR>[Called By]<UL><LI><a href="#[338]">&gt;&gt;</a>&nbsp;&nbsp;&nbsp;aes_cbc_encrypt
<LI><a href="#[33c]">&gt;&gt;</a>&nbsp;&nbsp;&nbsp;aes_cbc_decrypt
<LI><a href="#[346]">&gt;&gt;</a>&nbsp;&nbsp;&nbsp;add_round_key
</UL>

<P><STRONG><a name="[315]"></a>_fp_digits</STRONG> (Thumb, 344 bytes, Stack size 64 bytes, printfa.o(i._fp_digits), UNUSED)
<BR><BR>[Calls]<UL><LI><a href="#[8f]">&gt;&gt;</a>&nbsp;&nbsp;&nbsp;__aeabi_dmul
<LI><a href="#[90]">&gt;&gt;</a>&nbsp;&nbsp;&nbsp;__aeabi_ddiv
<LI><a href="#[89]">&gt;&gt;</a>&nbsp;&nbsp;&nbsp;__aeabi_dadd
<LI><a href="#[2fc]">&gt;&gt;</a>&nbsp;&nbsp;&nbsp;__aeabi_cdrcmple
<LI><a href="#[7e]">&gt;&gt;</a>&nbsp;&nbsp;&nbsp;__aeabi_uldivmod
<LI><a href="#[99]">&gt;&gt;</a>&nbsp;&nbsp;&nbsp;__aeabi_d2ulz
</UL>
<BR>[Called By]<UL><LI><a href="#[314]">&gt;&gt;</a>&nbsp;&nbsp;&nbsp;_printf_core
</UL>

<P><STRONG><a name="[314]"></a>_printf_core</STRONG> (Thumb, 1754 bytes, Stack size 128 bytes, printfa.o(i._printf_core), UNUSED)
<BR><BR>[Calls]<UL><LI><a href="#[7e]">&gt;&gt;</a>&nbsp;&nbsp;&nbsp;__aeabi_uldivmod
<LI><a href="#[7d]">&gt;&gt;</a>&nbsp;&nbsp;&nbsp;__aeabi_uidivmod
<LI><a href="#[316]">&gt;&gt;</a>&nbsp;&nbsp;&nbsp;_printf_pre_padding
<LI><a href="#[317]">&gt;&gt;</a>&nbsp;&nbsp;&nbsp;_printf_post_padding
<LI><a href="#[315]">&gt;&gt;</a>&nbsp;&nbsp;&nbsp;_fp_digits
</UL>
<BR>[Called By]<UL><LI><a href="#[313]">&gt;&gt;</a>&nbsp;&nbsp;&nbsp;__0sprintf
</UL>

<P><STRONG><a name="[317]"></a>_printf_post_padding</STRONG> (Thumb, 32 bytes, Stack size 24 bytes, printfa.o(i._printf_post_padding), UNUSED)
<BR><BR>[Called By]<UL><LI><a href="#[314]">&gt;&gt;</a>&nbsp;&nbsp;&nbsp;_printf_core
</UL>

<P><STRONG><a name="[316]"></a>_printf_pre_padding</STRONG> (Thumb, 44 bytes, Stack size 40 bytes, printfa.o(i._printf_pre_padding), UNUSED)
<BR><BR>[Called By]<UL><LI><a href="#[314]">&gt;&gt;</a>&nbsp;&nbsp;&nbsp;_printf_core
</UL>

<P><STRONG><a name="[5b]"></a>_sputc</STRONG> (Thumb, 10 bytes, Stack size 0 bytes, printfa.o(i._sputc))
<BR><BR>[Called By]<UL><LI><a href="#[313]">&gt;&gt;</a>&nbsp;&nbsp;&nbsp;__0sprintf
</UL>
<BR>[Address Reference Count : 1]<UL><LI> printfa.o(i.__0sprintf)
</UL><P>
<H3>
Undefined Global Symbols
</H3><HR></body></html>
