<html>
<body>
<pre>
<h1>µVision Build Log</h1>
<h2>Tool Versions:</h2>
IDE-Version: µVision V5.30.0.0
Copyright (C) 2020 ARM Ltd and ARM Germany GmbH. All rights reserved.
License Information: Guus Leenders KU Leuven Flex license: error obtaining information 
Tool Versions:
Toolchain:       MDK-Lite  Version: 5.30.0.0
Toolchain Path:  C:\Keil_v5\ARM\ARMCC\Bin
C Compiler:      Armcc.exe V5.06 update 6 (build 750)
Assembler:       Armasm.exe V5.06 update 6 (build 750)
Linker/Locator:  ArmLink.exe V5.06 update 6 (build 750)
Library Manager: ArmAr.exe V5.06 update 6 (build 750)
Hex Converter:   FromElf.exe V5.06 update 6 (build 750)
CPU DLL:         SARMCM3.DLL V5.30.0.0
Dialog DLL:      DARMCM1.DLL V1.19.3.0
Target DLL:      STLink\ST-LINKIII-KEIL_SWO.dll V3.0.7.0
Dialog DLL:      TARMCM1.DLL V1.14.2.0
 
<h2>Project:</h2>
C:\Users\guusl\Box\Werk\Doctoraat\Experiments\STM32 LRWAN1\Combo_LRWAN_SFOX\LoRaWAN-Sigfox-Send\MDK-ARM\Sgfx_push_button.uvprojx
Project File Date:  09/15/2020

<h2>Output:</h2>
*** Using Compiler 'V5.06 update 6 (build 750)', folder: 'C:\Keil_v5\ARM\ARMCC\Bin'
Build target 'mlm32l07x01'
compiling bg96.c...
linking...
.\NUCLEO_CUBE_SGFX.sct(20): warning: L6329W: Pattern sigfox_data.o(RO) only matches removed unused sections.
.\NUCLEO_CUBE_SGFX.sct(26): warning: L6329W: Pattern sgfx_cmac_lib.o(RO) only matches removed unused sections.
.\NUCLEO_CUBE_SGFX.sct(27): warning: L6329W: Pattern sgfx_credentials_lib.o(RO) only matches removed unused sections.
Program Size: Code=54176 RO-data=1996 RW-data=336 ZI-data=9636  
Finished: 0 information, 3 warning and 0 error messages.
FromELF: creating hex file...
".\mlm32l07x01Lib\DISCO_CUBE_SGFX_WLIB.axf" - 0 Error(s), 3 Warning(s).

<h2>Software Packages used:</h2>

Package Vendor: Keil
                http://www.keil.com/pack/Keil.STM32L0xx_DFP.2.0.1.pack
                Keil.STM32L0xx_DFP.2.0.1
                STMicroelectronics STM32L0 Series Device Support, Drivers and Examples

<h2>Collection of Component include folders:</h2>
  .\RTE\_mlm32l07x01
  C:\Users\guusl\AppData\Local\Arm\Packs\Keil\STM32L0xx_DFP\2.0.1\Drivers\CMSIS\Device\ST\STM32L0xx\Include

<h2>Collection of Component Files used:</h2>
Build Time Elapsed:  00:00:24
</pre>
</body>
</html>
