Component: ARM Compiler 5.06 update 6 (build 750) Tool: armlink [4d35ed]

==============================================================================

Section Cross References

    hts221_driver.o(i.HTS221_Activate) refers to hts221_driver.o(i.HTS221_ReadReg) for HTS221_ReadReg
    hts221_driver.o(i.HTS221_Activate) refers to hts221_driver.o(i.HTS221_WriteReg) for HTS221_WriteReg
    hts221_driver.o(i.HTS221_DeActivate) refers to hts221_driver.o(i.HTS221_ReadReg) for HTS221_ReadReg
    hts221_driver.o(i.HTS221_DeActivate) refers to hts221_driver.o(i.HTS221_WriteReg) for HTS221_WriteReg
    hts221_driver.o(i.HTS221_DeInit) refers to hts221_driver.o(i.HTS221_ReadReg) for HTS221_ReadReg
    hts221_driver.o(i.HTS221_DeInit) refers to hts221_driver.o(i.HTS221_WriteReg) for HTS221_WriteReg
    hts221_driver.o(i.HTS221_Get_AvgHT) refers to hts221_driver.o(i.HTS221_ReadReg) for HTS221_ReadReg
    hts221_driver.o(i.HTS221_Get_BduMode) refers to hts221_driver.o(i.HTS221_ReadReg) for HTS221_ReadReg
    hts221_driver.o(i.HTS221_Get_DataStatus) refers to hts221_driver.o(i.HTS221_ReadReg) for HTS221_ReadReg
    hts221_driver.o(i.HTS221_Get_DeviceID) refers to hts221_driver.o(i.HTS221_ReadReg) for HTS221_ReadReg
    hts221_driver.o(i.HTS221_Get_HeaterState) refers to hts221_driver.o(i.HTS221_ReadReg) for HTS221_ReadReg
    hts221_driver.o(i.HTS221_Get_Humidity) refers to hts221_driver.o(i.HTS221_ReadReg) for HTS221_ReadReg
    hts221_driver.o(i.HTS221_Get_Humidity) refers to fflti.o(.text) for __aeabi_i2f
    hts221_driver.o(i.HTS221_Get_Humidity) refers to fmul.o(.text) for __aeabi_fmul
    hts221_driver.o(i.HTS221_Get_Humidity) refers to fdiv.o(.text) for __aeabi_fdiv
    hts221_driver.o(i.HTS221_Get_Humidity) refers to fadd.o(.text) for __aeabi_fadd
    hts221_driver.o(i.HTS221_Get_Humidity) refers to ffixui.o(.text) for __aeabi_f2uiz
    hts221_driver.o(i.HTS221_Get_HumidityRaw) refers to hts221_driver.o(i.HTS221_ReadReg) for HTS221_ReadReg
    hts221_driver.o(i.HTS221_Get_InitConfig) refers to hts221_driver.o(i.HTS221_ReadReg) for HTS221_ReadReg
    hts221_driver.o(i.HTS221_Get_IrqActiveLevel) refers to hts221_driver.o(i.HTS221_ReadReg) for HTS221_ReadReg
    hts221_driver.o(i.HTS221_Get_IrqEnable) refers to hts221_driver.o(i.HTS221_ReadReg) for HTS221_ReadReg
    hts221_driver.o(i.HTS221_Get_IrqOutputType) refers to hts221_driver.o(i.HTS221_ReadReg) for HTS221_ReadReg
    hts221_driver.o(i.HTS221_Get_Measurement) refers to hts221_driver.o(i.HTS221_Get_Temperature) for HTS221_Get_Temperature
    hts221_driver.o(i.HTS221_Get_Measurement) refers to hts221_driver.o(i.HTS221_Get_Humidity) for HTS221_Get_Humidity
    hts221_driver.o(i.HTS221_Get_Odr) refers to hts221_driver.o(i.HTS221_ReadReg) for HTS221_ReadReg
    hts221_driver.o(i.HTS221_Get_PowerDownMode) refers to hts221_driver.o(i.HTS221_ReadReg) for HTS221_ReadReg
    hts221_driver.o(i.HTS221_Get_RawMeasurement) refers to hts221_driver.o(i.HTS221_ReadReg) for HTS221_ReadReg
    hts221_driver.o(i.HTS221_Get_Temperature) refers to hts221_driver.o(i.HTS221_ReadReg) for HTS221_ReadReg
    hts221_driver.o(i.HTS221_Get_Temperature) refers to fflti.o(.text) for __aeabi_i2f
    hts221_driver.o(i.HTS221_Get_Temperature) refers to fmul.o(.text) for __aeabi_fmul
    hts221_driver.o(i.HTS221_Get_Temperature) refers to fdiv.o(.text) for __aeabi_fdiv
    hts221_driver.o(i.HTS221_Get_Temperature) refers to fadd.o(.text) for __aeabi_fadd
    hts221_driver.o(i.HTS221_Get_Temperature) refers to ffixi.o(.text) for __aeabi_f2iz
    hts221_driver.o(i.HTS221_Get_TemperatureRaw) refers to hts221_driver.o(i.HTS221_ReadReg) for HTS221_ReadReg
    hts221_driver.o(i.HTS221_IsMeasurementCompleted) refers to hts221_driver.o(i.HTS221_ReadReg) for HTS221_ReadReg
    hts221_driver.o(i.HTS221_MemoryBoot) refers to hts221_driver.o(i.HTS221_ReadReg) for HTS221_ReadReg
    hts221_driver.o(i.HTS221_MemoryBoot) refers to hts221_driver.o(i.HTS221_WriteReg) for HTS221_WriteReg
    hts221_driver.o(i.HTS221_ReadReg) refers to x_nucleo_iks01a2.o(i.Sensor_IO_Read) for Sensor_IO_Read
    hts221_driver.o(i.HTS221_Set_AvgH) refers to hts221_driver.o(i.HTS221_assert_failed) for HTS221_assert_failed
    hts221_driver.o(i.HTS221_Set_AvgH) refers to hts221_driver.o(i.HTS221_ReadReg) for HTS221_ReadReg
    hts221_driver.o(i.HTS221_Set_AvgH) refers to hts221_driver.o(i.HTS221_WriteReg) for HTS221_WriteReg
    hts221_driver.o(i.HTS221_Set_AvgHT) refers to hts221_driver.o(i.HTS221_assert_failed) for HTS221_assert_failed
    hts221_driver.o(i.HTS221_Set_AvgHT) refers to hts221_driver.o(i.HTS221_ReadReg) for HTS221_ReadReg
    hts221_driver.o(i.HTS221_Set_AvgHT) refers to hts221_driver.o(i.HTS221_WriteReg) for HTS221_WriteReg
    hts221_driver.o(i.HTS221_Set_AvgT) refers to hts221_driver.o(i.HTS221_assert_failed) for HTS221_assert_failed
    hts221_driver.o(i.HTS221_Set_AvgT) refers to hts221_driver.o(i.HTS221_ReadReg) for HTS221_ReadReg
[...]
    i.SX1276OnDio2Irq                        0x080042ac   Section        0  sx1276.o(i.SX1276OnDio2Irq)
    i.SX1276OnDio3Irq                        0x08004364   Section        0  sx1276.o(i.SX1276OnDio3Irq)
    i.SX1276OnDio4Irq                        0x080043b8   Section        0  sx1276.o(i.SX1276OnDio4Irq)
    i.SX1276OnTimeoutIrq                     0x080043d4   Section        0  sx1276.o(i.SX1276OnTimeoutIrq)
    i.SX1276Read                             0x0800449c   Section        0  sx1276.o(i.SX1276Read)
    i.SX1276ReadBuffer                       0x080044ac   Section        0  sx1276.o(i.SX1276ReadBuffer)
    i.SX1276ReadFifo                         0x080044ee   Section        0  sx1276.o(i.SX1276ReadFifo)
    i.SX1276Reset                            0x080044fc   Section        0  sx1276.o(i.SX1276Reset)
    i.SX1276SetAntSw                         0x0800454c   Section        0  mlm32l07x01.o(i.SX1276SetAntSw)
    i.SX1276SetAntSwLowPower                 0x08004590   Section        0  mlm32l07x01.o(i.SX1276SetAntSwLowPower)
    i.SX1276SetChannel                       0x08004604   Section        0  sx1276.o(i.SX1276SetChannel)
    i.SX1276SetModem                         0x08004654   Section        0  sx1276.o(i.SX1276SetModem)
    i.SX1276SetOpMode                        0x080046c8   Section        0  sx1276.o(i.SX1276SetOpMode)
    i.SX1276SetPublicNetwork                 0x08004724   Section        0  sx1276.o(i.SX1276SetPublicNetwork)
    i.SX1276SetRfTxPower                     0x08004748   Section        0  mlm32l07x01.o(i.SX1276SetRfTxPower)
    i.SX1276SetXO                            0x080047ee   Section        0  mlm32l07x01.o(i.SX1276SetXO)
    i.SX1276Write                            0x08004816   Section        0  sx1276.o(i.SX1276Write)
    i.SX1276WriteBuffer                      0x08004822   Section        0  sx1276.o(i.SX1276WriteBuffer)
    i.SX1276WriteFifo                        0x08004864   Section        0  sx1276.o(i.SX1276WriteFifo)
    i.SysTick_Handler                        0x08004872   Section        0  mlm32l0xx_it.o(i.SysTick_Handler)
    i.SystemClock_Config                     0x0800487c   Section        0  mlm32l0xx_hw.o(i.SystemClock_Config)
    i.SystemInit                             0x08004908   Section        0  system_stm32l0xx.o(i.SystemInit)
    i.TIM_Base_SetConfig                     0x0800495c   Section        0  stm32l0xx_hal_tim.o(i.TIM_Base_SetConfig)
    TIM_Base_SetConfig                       0x0800495d   Thumb Code    82  stm32l0xx_hal_tim.o(i.TIM_Base_SetConfig)
    i.TIM_CCxChannelCmd                      0x080049bc   Section        0  stm32l0xx_hal_tim.o(i.TIM_CCxChannelCmd)
    TIM_CCxChannelCmd                        0x080049bd   Thumb Code    22  stm32l0xx_hal_tim.o(i.TIM_CCxChannelCmd)
    i.TIM_OC1_SetConfig                      0x080049d2   Section        0  stm32l0xx_hal_tim.o(i.TIM_OC1_SetConfig)
    TIM_OC1_SetConfig                        0x080049d3   Thumb Code    48  stm32l0xx_hal_tim.o(i.TIM_OC1_SetConfig)
    i.TIM_OC2_SetConfig                      0x08004a02   Section        0  stm32l0xx_hal_tim.o(i.TIM_OC2_SetConfig)
    TIM_OC2_SetConfig                        0x08004a03   Thumb Code    50  stm32l0xx_hal_tim.o(i.TIM_OC2_SetConfig)
    i.TIM_OC3_SetConfig                      0x08004a34   Section        0  stm32l0xx_hal_tim.o(i.TIM_OC3_SetConfig)
    TIM_OC3_SetConfig                        0x08004a35   Thumb Code    54  stm32l0xx_hal_tim.o(i.TIM_OC3_SetConfig)
    i.TIM_OC4_SetConfig                      0x08004a6a   Section        0  stm32l0xx_hal_tim.o(i.TIM_OC4_SetConfig)
    TIM_OC4_SetConfig                        0x08004a6b   Thumb Code    54  stm32l0xx_hal_tim.o(i.TIM_OC4_SetConfig)
    i.TX_Write_Modu_Buffer                   0x08004aa0   Section        0  sgfxsx1276modulation-lib.o(i.TX_Write_Modu_Buffer)
    TX_Write_Modu_Buffer                     0x08004aa1   Thumb Code    92  sgfxsx1276modulation-lib.o(i.TX_Write_Modu_Buffer)
    i.TX_Write_RampDown_Buffer               0x08004b04   Section        0  sgfxsx1276modulation-lib.o(i.TX_Write_RampDown_Buffer)
    TX_Write_RampDown_Buffer                 0x08004b05   Thumb Code    62  sgfxsx1276modulation-lib.o(i.TX_Write_RampDown_Buffer)
    i.TimerInit                              0x08004b50   Section        0  timeserver.o(i.TimerInit)
    i.TimerInsertNewHeadTimer                0x08004b64   Section        0  timeserver.o(i.TimerInsertNewHeadTimer)
    TimerInsertNewHeadTimer                  0x08004b65   Thumb Code    24  timeserver.o(i.TimerInsertNewHeadTimer)
    i.TimerIrqHandler                        0x08004b80   Section        0  timeserver.o(i.TimerIrqHandler)
    i.TimerSetTimeout                        0x08004c00   Section        0  timeserver.o(i.TimerSetTimeout)
    TimerSetTimeout                          0x08004c01   Thumb Code    44  timeserver.o(i.TimerSetTimeout)
    i.TimerStart                             0x08004c2c   Section        0  timeserver.o(i.TimerStart)
    i.TimerStop                              0x08004ca0   Section        0  timeserver.o(i.TimerStop)
    i.UART_AdvFeatureConfig                  0x08004d04   Section        0  stm32l0xx_hal_uart.o(i.UART_AdvFeatureConfig)
    i.UART_CheckIdleState                    0x08004dd0   Section        0  stm32l0xx_hal_uart.o(i.UART_CheckIdleState)
    i.UART_SetConfig                         0x08004e30   Section        0  stm32l0xx_hal_uart.o(i.UART_SetConfig)
    i.UART_WaitOnFlagUntilTimeout            0x08005060   Section        0  stm32l0xx_hal_uart.o(i.UART_WaitOnFlagUntilTimeout)
    i.__ARM_common_switch8                   0x080050c2   Section        0  hts221_driver_hl.o(i.__ARM_common_switch8)
    i.__scatterload_copy                     0x080050dc   Section       14  handlers.o(i.__scatterload_copy)
    i.__scatterload_null                     0x080050ea   Section        2  handlers.o(i.__scatterload_null)
    i.__scatterload_zeroinit                 0x080050ec   Section       14  handlers.o(i.__scatterload_zeroinit)
    i.ee_number                              0x080050fc   Section        0  tiny_vsnprintf.o(i.ee_number)
    ee_number                                0x080050fd   Thumb Code   254  tiny_vsnprintf.o(i.ee_number)
    i.main                                   0x08005200   Section        0  main.o(i.main)
    i.tiny_vsnprintf_like                    0x08005498   Section        0  tiny_vsnprintf.o(i.tiny_vsnprintf_like)
    i.vcom2_Init                             0x080055f4   Section        0  vcom2.o(i.vcom2_Init)
    i.vcom2_IoInit                           0x08005634   Section        0  vcom2.o(i.vcom2_IoInit)
    i.vcom2_Send                             0x08005668   Section        0  vcom2.o(i.vcom2_Send)
    .constdata                               0x080056d4   Section      224  sx1276.o(.constdata)
    .constdata                               0x080057b4   Section       12  b-l072z-lrwan1.o(.constdata)
    .constdata                               0x080057c0   Section       25  system_stm32l0xx.o(.constdata)
    .constdata                               0x080057d9   Section        8  system_stm32l0xx.o(.constdata)
    .constdata                               0x080057e1   Section        7  stm32l0xx_ll_dma.o(.constdata)
    CHANNEL_OFFSET_TAB                       0x080057e1   Data           7  stm32l0xx_ll_dma.o(.constdata)
    .constdata                               0x080057e8   Section       24  hw_rtc.o(.constdata)
    DaysInMonth                              0x080057e8   Data          12  hw_rtc.o(.constdata)
    DaysInMonthLeapYear                      0x080057f4   Data          12  hw_rtc.o(.constdata)
    .constdata                               0x08005800   Section       88  hw_eeprom.o(.constdata)
    FactorySettingsRom                       0x08005800   Data          88  hw_eeprom.o(.constdata)
    .constdata                               0x08005858   Section        7  bg96.o(.constdata)
    CHANNEL_OFFSET_TAB                       0x08005858   Data           7  bg96.o(.constdata)
    .conststring                             0x08005860   Section       77  tiny_vsnprintf.o(.conststring)
    eeprom_sect                              0x08080000   Section       92  hw_eeprom.o(eeprom_sect)
    IsEepromInit                             0x08080000   Data           1  hw_eeprom.o(eeprom_sect)
    .data                                    0x20000000   Section       32  sx1276.o(.data)
    RadioEvents                              0x20000000   Data           4  sx1276.o(.data)
    LoRaBoardCallbacks                       0x20000004   Data           4  sx1276.o(.data)
    .data                                    0x20000020   Section       20  b-l072z-lrwan1.o(.data)
    .data                                    0x20000034   Section       24  mlm32l07x01.o(.data)
    BoardCallbacks                           0x20000034   Data          24  mlm32l07x01.o(.data)
    .data                                    0x2000004c   Section        4  system_stm32l0xx.o(.data)
    .data                                    0x20000050   Section        4  stm32l0xx_hal.o(.data)
    .data                                    0x20000054   Section        8  low_power_manager.o(.data)
    StopModeDisable                          0x20000054   Data           4  low_power_manager.o(.data)
    OffModeDisable                           0x20000058   Data           4  low_power_manager.o(.data)
    .data                                    0x2000005c   Section        4  timeserver.o(.data)
    TimerListHead                            0x2000005c   Data           4  timeserver.o(.data)
    .data                                    0x20000060   Section       16  scheduler.o(.data)
    TaskSet                                  0x20000060   Data           4  scheduler.o(.data)
    TaskMask                                 0x20000064   Data           4  scheduler.o(.data)
    EvtSet                                   0x20000068   Data           4  scheduler.o(.data)
    EvtWaited                                0x2000006c   Data           4  scheduler.o(.data)
    .data                                    0x20000070   Section        1  hw_rtc.o(.data)
    HW_RTC_Initalized                        0x20000070   Data           1  hw_rtc.o(.data)
    .data                                    0x20000071   Section        2  mlm32l0xx_hw.o(.data)
    AdcInitialized                           0x20000071   Data           1  mlm32l0xx_hw.o(.data)
    McuInitialized                           0x20000072   Data           1  mlm32l0xx_hw.o(.data)
    .data                                    0x20000074   Section        8  tiny_vsnprintf.o(.data)
    lower_digits                             0x20000074   Data           4  tiny_vsnprintf.o(.data)
    upper_digits                             0x20000078   Data           4  tiny_vsnprintf.o(.data)
    .data                                    0x2000007c   Section       16  bq27441.o(.data)
    I2C_EXPBD_Timeout                        0x20000080   Data           4  bq27441.o(.data)
    .data                                    0x2000008c   Section       47  sgfxsx1276modulation-lib.o(.data)
    prbs9_val                                0x2000008c   Data           2  sgfxsx1276modulation-lib.o(.data)
    PhaseVal                                 0x2000008e   Data           2  sgfxsx1276modulation-lib.o(.data)
    valPaMax                                 0x20000090   Data           2  sgfxsx1276modulation-lib.o(.data)
    valPaEnable                              0x20000092   Data           2  sgfxsx1276modulation-lib.o(.data)
    dma_buffer_size                          0x20000094   Data           2  sgfxsx1276modulation-lib.o(.data)
    TxDataN                                  0x20000096   Data           2  sgfxsx1276modulation-lib.o(.data)
    TxDataIdx                                0x20000098   Data           2  sgfxsx1276modulation-lib.o(.data)
    TxDataBuf                                0x2000009c   Data           4  sgfxsx1276modulation-lib.o(.data)
    .bss                                     0x200000bc   Section      432  sx1276.o(.bss)
    RxTxBuffer                               0x200000bc   Data         256  sx1276.o(.bss)
    .bss                                     0x2000026c   Section       64  hw_gpio.o(.bss)
    GpioIrq                                  0x2000026c   Data          64  hw_gpio.o(.bss)
    .bss                                     0x200002ac   Section      104  hw_rtc.o(.bss)
    RtcHandle                                0x200002ac   Data          36  hw_rtc.o(.bss)
    RTC_AlarmStructure                       0x200002d0   Data          40  hw_rtc.o(.bss)
    RtcTimerContext                          0x200002f8   Data          28  hw_rtc.o(.bss)
    .bss                                     0x20000314   Section       88  hw_spi.o(.bss)
    SpiHandle                                0x20000314   Data          88  hw_spi.o(.bss)
    .bss                                     0x2000036c   Section      160  main.o(.bss)
    TxTimer                                  0x2000036c   Data          24  main.o(.bss)
    .bss                                     0x2000040c   Section       64  mlm32l0xx_hal_msp.o(.bss)
    hdma_tx                                  0x2000040c   Data          64  mlm32l0xx_hal_msp.o(.bss)
    .bss                                     0x2000044c   Section       96  mlm32l0xx_hw.o(.bss)
    hadc                                     0x2000044c   Data          96  mlm32l0xx_hw.o(.bss)
    .bss                                     0x200004ac   Section       56  hw_tim2.o(.bss)
    TimHandle                                0x200004ac   Data          56  hw_tim2.o(.bss)
    .bss                                     0x200004e4   Section      412  bg96.o(.bss)
    replyBuffer                              0x200004e4   Data         120  bg96.o(.bss)
    uart_context                             0x2000055c   Data         156  bg96.o(.bss)
    SleepBuff                                0x200005f8   Data          16  bg96.o(.bss)
    totalReplyBuffer                         0x20000608   Data         120  bg96.o(.bss)
    .bss                                     0x20000680   Section      284  vcom2.o(.bss)
    uart_context                             0x20000680   Data         156  vcom2.o(.bss)
    SleepBuff                                0x2000071c   Data          16  vcom2.o(.bss)
    UartHandle                               0x2000072c   Data         112  vcom2.o(.bss)
    .bss                                     0x2000079c   Section      152  bq27441.o(.bss)
    BQ27441_LRWAN_Handle                     0x2000079c   Data          76  bq27441.o(.bss)
    BQ27441_NBIOT_Handle                     0x200007e8   Data          76  bq27441.o(.bss)
    .bss                                     0x20000834   Section     3200  sgfxsx1276modulation-lib.o(.bss)
    SpiTxBuffer                              0x20000834   Data        3200  sgfxsx1276modulation-lib.o(.bss)
    STACK                                    0x200014b8   Section     1024  startup_stm32l072xx.o(STACK)

    Global Symbols

    Symbol Name                              Value     Ov Type        Size  Object(Section)

    BuildAttributes$$THM_ISAv3M$S$PE$A:L22$X:L11$S22$IEEE1$IW$USESV6$~STKCKD$USESV7$~SHL$OTIME$ROPI$IEEEJ$EBA8$MICROLIB$REQ8$PRES8$EABIv2 0x00000000   Number         0  anon$$obj.o ABSOLUTE
    __ARM_use_no_argv                        0x00000000   Number         0  main.o ABSOLUTE
    _printf_a                                0x00000000   Number         0  stubs.o ABSOLUTE
    _printf_c                                0x00000000   Number         0  stubs.o ABSOLUTE
    _printf_charcount                        0x00000000   Number         0  stubs.o ABSOLUTE
    _printf_d                                0x00000000   Number         0  stubs.o ABSOLUTE
    _printf_e                                0x00000000   Number         0  stubs.o ABSOLUTE
    _printf_f                                0x00000000   Number         0  stubs.o ABSOLUTE
    _printf_flags                            0x00000000   Number         0  stubs.o ABSOLUTE
    _printf_fp_dec                           0x00000000   Number         0  stubs.o ABSOLUTE
    _printf_fp_hex                           0x00000000   Number         0  stubs.o ABSOLUTE
    _printf_g                                0x00000000   Number         0  stubs.o ABSOLUTE
    _printf_i                                0x00000000   Number         0  stubs.o ABSOLUTE
    _printf_int_dec                          0x00000000   Number         0  stubs.o ABSOLUTE
    _printf_l                                0x00000000   Number         0  stubs.o ABSOLUTE
    _printf_lc                               0x00000000   Number         0  stubs.o ABSOLUTE
    _printf_ll                               0x00000000   Number         0  stubs.o ABSOLUTE
    _printf_lld                              0x00000000   Number         0  stubs.o ABSOLUTE
    _printf_lli                              0x00000000   Number         0  stubs.o ABSOLUTE
    _printf_llo                              0x00000000   Number         0  stubs.o ABSOLUTE
    _printf_llu                              0x00000000   Number         0  stubs.o ABSOLUTE
    _printf_llx                              0x00000000   Number         0  stubs.o ABSOLUTE
    _printf_longlong_dec                     0x00000000   Number         0  stubs.o ABSOLUTE
    _printf_longlong_hex                     0x00000000   Number         0  stubs.o ABSOLUTE
    _printf_longlong_oct                     0x00000000   Number         0  stubs.o ABSOLUTE
    _printf_ls                               0x00000000   Number         0  stubs.o ABSOLUTE
    _printf_mbtowc                           0x00000000   Number         0  stubs.o ABSOLUTE
    _printf_n                                0x00000000   Number         0  stubs.o ABSOLUTE
    _printf_o                                0x00000000   Number         0  stubs.o ABSOLUTE
    _printf_p                                0x00000000   Number         0  stubs.o ABSOLUTE
    _printf_percent                          0x00000000   Number         0  stubs.o ABSOLUTE
    _printf_pre_padding                      0x00000000   Number         0  stubs.o ABSOLUTE
    _printf_return_value                     0x00000000   Number         0  stubs.o ABSOLUTE
    _printf_s                                0x00000000   Number         0  stubs.o ABSOLUTE
    _printf_sizespec                         0x00000000   Number         0  stubs.o ABSOLUTE
    _printf_str                              0x00000000   Number         0  stubs.o ABSOLUTE
    _printf_truncate_signed                  0x00000000   Number         0  stubs.o ABSOLUTE
    _printf_truncate_unsigned                0x00000000   Number         0  stubs.o ABSOLUTE
    _printf_u                                0x00000000   Number         0  stubs.o ABSOLUTE
    _printf_wc                               0x00000000   Number         0  stubs.o ABSOLUTE
    _printf_wctomb                           0x00000000   Number         0  stubs.o ABSOLUTE
    _printf_widthprec                        0x00000000   Number         0  stubs.o ABSOLUTE
    _printf_x                                0x00000000   Number         0  stubs.o ABSOLUTE
    __cpp_initialize__aeabi_                  - Undefined Weak Reference
    __cxa_finalize                            - Undefined Weak Reference
    __decompress                              - Undefined Weak Reference
    _clock_init                               - Undefined Weak Reference
    _microlib_exit                            - Undefined Weak Reference
    __Vectors_Size                           0x000000c0   Number         0  startup_stm32l072xx.o ABSOLUTE
    __Vectors                                0x08000000   Data           4  startup_stm32l072xx.o(RESET)
    __Vectors_End                            0x080000c0   Data           0  startup_stm32l072xx.o(RESET)
    __main                                   0x080000c1   Thumb Code     0  entry.o(.ARM.Collect$$$$00000000)
    _main_stk                                0x080000c1   Thumb Code     0  entry2.o(.ARM.Collect$$$$00000001)
    _main_scatterload                        0x080000c5   Thumb Code     0  entry5.o(.ARM.Collect$$$$00000004)
    __main_after_scatterload                 0x080000c9   Thumb Code     0  entry5.o(.ARM.Collect$$$$00000004)
    _main_clock                              0x080000c9   Thumb Code     0  entry7b.o(.ARM.Collect$$$$00000008)
    _main_cpp_init                           0x080000c9   Thumb Code     0  entry8b.o(.ARM.Collect$$$$0000000A)
    _main_init                               0x080000c9   Thumb Code     0  entry9a.o(.ARM.Collect$$$$0000000B)
    __rt_final_cpp                           0x080000d1   Thumb Code     0  entry10a.o(.ARM.Collect$$$$0000000D)
    __rt_final_exit                          0x080000d1   Thumb Code     0  entry11a.o(.ARM.Collect$$$$0000000F)
    Reset_Handler                            0x080000d5   Thumb Code     8  startup_stm32l072xx.o(.text)
    ADC1_COMP_IRQHandler                     0x080000e7   Thumb Code     0  startup_stm32l072xx.o(.text)
    DMA1_Channel1_IRQHandler                 0x080000e7   Thumb Code     0  startup_stm32l072xx.o(.text)
    FLASH_IRQHandler                         0x080000e7   Thumb Code     0  startup_stm32l072xx.o(.text)
    I2C1_IRQHandler                          0x080000e7   Thumb Code     0  startup_stm32l072xx.o(.text)
    I2C2_IRQHandler                          0x080000e7   Thumb Code     0  startup_stm32l072xx.o(.text)
    I2C3_IRQHandler                          0x080000e7   Thumb Code     0  startup_stm32l072xx.o(.text)
    LPTIM1_IRQHandler                        0x080000e7   Thumb Code     0  startup_stm32l072xx.o(.text)
    PVD_IRQHandler                           0x080000e7   Thumb Code     0  startup_stm32l072xx.o(.text)
    RCC_CRS_IRQHandler                       0x080000e7   Thumb Code     0  startup_stm32l072xx.o(.text)
    SPI1_IRQHandler                          0x080000e7   Thumb Code     0  startup_stm32l072xx.o(.text)
    SPI2_IRQHandler                          0x080000e7   Thumb Code     0  startup_stm32l072xx.o(.text)
    TIM21_IRQHandler                         0x080000e7   Thumb Code     0  startup_stm32l072xx.o(.text)
    TIM22_IRQHandler                         0x080000e7   Thumb Code     0  startup_stm32l072xx.o(.text)
    TIM2_IRQHandler                          0x080000e7   Thumb Code     0  startup_stm32l072xx.o(.text)
    TIM3_IRQHandler                          0x080000e7   Thumb Code     0  startup_stm32l072xx.o(.text)
    TIM6_DAC_IRQHandler                      0x080000e7   Thumb Code     0  startup_stm32l072xx.o(.text)
    TIM7_IRQHandler                          0x080000e7   Thumb Code     0  startup_stm32l072xx.o(.text)
    TSC_IRQHandler                           0x080000e7   Thumb Code     0  startup_stm32l072xx.o(.text)
    USART1_IRQHandler                        0x080000e7   Thumb Code     0  startup_stm32l072xx.o(.text)
    USART2_IRQHandler                        0x080000e7   Thumb Code     0  startup_stm32l072xx.o(.text)
    USART4_5_IRQHandler                      0x080000e7   Thumb Code     0  startup_stm32l072xx.o(.text)
    USB_IRQHandler                           0x080000e7   Thumb Code     0  startup_stm32l072xx.o(.text)
    WWDG_IRQHandler                          0x080000e7   Thumb Code     0  startup_stm32l072xx.o(.text)
    __aeabi_uidiv                            0x080000f1   Thumb Code     0  uidiv.o(.text)
    __aeabi_uidivmod                         0x080000f1   Thumb Code    44  uidiv.o(.text)
    __aeabi_uldivmod                         0x0800011d   Thumb Code    96  uldiv.o(.text)
    __aeabi_memcpy                           0x0800017d   Thumb Code    36  memcpya.o(.text)
    __aeabi_memcpy4                          0x0800017d   Thumb Code     0  memcpya.o(.text)
    __aeabi_memcpy8                          0x0800017d   Thumb Code     0  memcpya.o(.text)
    __aeabi_memset                           0x080001a1   Thumb Code    14  memseta.o(.text)
    __aeabi_memset4                          0x080001a1   Thumb Code     0  memseta.o(.text)
    __aeabi_memset8                          0x080001a1   Thumb Code     0  memseta.o(.text)
    __aeabi_memclr                           0x080001af   Thumb Code     4  memseta.o(.text)
    __aeabi_memclr4                          0x080001af   Thumb Code     0  memseta.o(.text)
    __aeabi_memclr8                          0x080001af   Thumb Code     0  memseta.o(.text)
    _memset$wrapper                          0x080001b3   Thumb Code    18  memseta.o(.text)
    strlen                                   0x080001c5   Thumb Code    14  strlen.o(.text)
    __aeabi_fdiv                             0x080001d3   Thumb Code   124  fdiv.o(.text)
    __aeabi_i2f                              0x0800024f   Thumb Code    22  fflti.o(.text)
    __aeabi_ui2f                             0x08000265   Thumb Code    14  ffltui.o(.text)
    __aeabi_f2iz                             0x08000273   Thumb Code    50  ffixi.o(.text)
    __aeabi_f2uiz                            0x080002a5   Thumb Code    40  ffixui.o(.text)
    __aeabi_llsl                             0x080002cd   Thumb Code    32  llshl.o(.text)
    _ll_shift_l                              0x080002cd   Thumb Code     0  llshl.o(.text)
    __aeabi_llsr                             0x080002ed   Thumb Code    34  llushr.o(.text)
    _ll_ushift_r                             0x080002ed   Thumb Code     0  llushr.o(.text)
    __I$use$fp                               0x0800030f   Thumb Code     0  iusefp.o(.text)
    _float_round                             0x0800030f   Thumb Code    16  fepilogue.o(.text)
    _float_epilogue                          0x0800031f   Thumb Code   114  fepilogue.o(.text)
    __scatterload                            0x08000391   Thumb Code    28  init.o(.text)
    __scatterload_rt2                        0x08000391   Thumb Code     0  init.o(.text)
    BG96_Dma_IRQHandler                      0x080003b5   Thumb Code    90  bg96.o(i.BG96_Dma_IRQHandler)
    BG96_IRQHandler                          0x08000421   Thumb Code   196  bg96.o(i.BG96_IRQHandler)
    BQ27441_Begin                            0x080005c1   Thumb Code    62  bq27441.o(i.BQ27441_Begin)
    BQ27441_BlockDataChecksum                0x08000619   Thumb Code    18  bq27441.o(i.BQ27441_BlockDataChecksum)
    BQ27441_BlockDataClass                   0x0800062b   Thumb Code    20  bq27441.o(i.BQ27441_BlockDataClass)
    BQ27441_BlockDataControl                 0x0800063f   Thumb Code    24  bq27441.o(i.BQ27441_BlockDataControl)
    BQ27441_BlockDataOffset                  0x08000657   Thumb Code    20  bq27441.o(i.BQ27441_BlockDataOffset)
    BQ27441_Capacity                         0x0800066d   Thumb Code    96  bq27441.o(i.BQ27441_Capacity)
    BQ27441_ComputeBlockChecksum             0x080006d1   Thumb Code    52  bq27441.o(i.BQ27441_ComputeBlockChecksum)
    BQ27441_Current                          0x08000705   Thumb Code    96  bq27441.o(i.BQ27441_Current)
    BQ27441_DeviceType                       0x08000775   Thumb Code    12  bq27441.o(i.BQ27441_DeviceType)
    BQ27441_EnterConfig                      0x08000781   Thumb Code   108  bq27441.o(i.BQ27441_EnterConfig)
    BQ27441_ExecuteControlWord               0x080007f5   Thumb Code    32  bq27441.o(i.BQ27441_ExecuteControlWord)
    BQ27441_ExitConfig                       0x08000815   Thumb Code    88  bq27441.o(i.BQ27441_ExitConfig)
    BQ27441_Flags                            0x08000875   Thumb Code    12  bq27441.o(i.BQ27441_Flags)
    BQ27441_ReadBytes                        0x08000a3d   Thumb Code    48  bq27441.o(i.BQ27441_ReadBytes)
    BQ27441_ReadControlWord                  0x08000a71   Thumb Code    66  bq27441.o(i.BQ27441_ReadControlWord)
    BQ27441_ReadWord                         0x08000ab3   Thumb Code    26  bq27441.o(i.BQ27441_ReadWord)
    BQ27441_Seal                             0x08000acd   Thumb Code    12  bq27441.o(i.BQ27441_Seal)
    BQ27441_Sealed                           0x08000ad9   Thumb Code    26  bq27441.o(i.BQ27441_Sealed)
    BQ27441_SetCapacity                      0x08000af3   Thumb Code    26  bq27441.o(i.BQ27441_SetCapacity)
    BQ27441_SoftReset                        0x08000b0d   Thumb Code    10  bq27441.o(i.BQ27441_SoftReset)
    BQ27441_Status                           0x08000b17   Thumb Code    12  bq27441.o(i.BQ27441_Status)
    BQ27441_Unseal                           0x08000b23   Thumb Code    36  bq27441.o(i.BQ27441_Unseal)
    BQ27441_Voltage                          0x08000b47   Thumb Code    12  bq27441.o(i.BQ27441_Voltage)
    BQ27441_WriteBlockChecksum               0x08000b53   Thumb Code    20  bq27441.o(i.BQ27441_WriteBlockChecksum)
    BQ27441_WriteBlockData                   0x08000b67   Thumb Code    24  bq27441.o(i.BQ27441_WriteBlockData)
    BQ27441_WriteBytes                       0x08000b81   Thumb Code    48  bq27441.o(i.BQ27441_WriteBytes)
    BQ27441_WriteExtendedData                0x08000bb5   Thumb Code   160  bq27441.o(i.BQ27441_WriteExtendedData)
    BSP_LED_Init                             0x08000c59   Thumb Code    88  b-l072z-lrwan1.o(i.BSP_LED_Init)
    BSP_sensor_Init                          0x08000cbd   Thumb Code     2  bsp.o(i.BSP_sensor_Init)
    DBG_Init                                 0x08000cc1   Thumb Code    92  debug.o(i.DBG_Init)
    DMA1_Channel2_3_IRQHandler               0x08000d21   Thumb Code    12  mlm32l0xx_it.o(i.DMA1_Channel2_3_IRQHandler)
    DMA1_Channel4_5_6_7_IRQHandler           0x08000d2d   Thumb Code     8  mlm32l0xx_it.o(i.DMA1_Channel4_5_6_7_IRQHandler)
    EXTI0_1_IRQHandler                       0x08000d35   Thumb Code    16  mlm32l0xx_it.o(i.EXTI0_1_IRQHandler)
    EXTI2_3_IRQHandler                       0x08000d45   Thumb Code    16  mlm32l0xx_it.o(i.EXTI2_3_IRQHandler)
    EXTI4_15_IRQHandler                      0x08000d55   Thumb Code    92  mlm32l0xx_it.o(i.EXTI4_15_IRQHandler)
    Error_Handler                            0x08000db1   Thumb Code     2  debug.o(i.Error_Handler)
    HAL_ADC_Init                             0x08000db5   Thumb Code   442  stm32l0xx_hal_adc.o(i.HAL_ADC_Init)
    HAL_ADC_MspInit                          0x08000f79   Thumb Code     2  stm32l0xx_hal_adc.o(i.HAL_ADC_MspInit)
    HAL_DBGMCU_DisableDBGSleepMode           0x08000f7d   Thumb Code    12  stm32l0xx_hal.o(i.HAL_DBGMCU_DisableDBGSleepMode)
    HAL_DBGMCU_DisableDBGStandbyMode         0x08000f8d   Thumb Code    12  stm32l0xx_hal.o(i.HAL_DBGMCU_DisableDBGStandbyMode)
    HAL_DBGMCU_DisableDBGStopMode            0x08000f9d   Thumb Code    12  stm32l0xx_hal.o(i.HAL_DBGMCU_DisableDBGStopMode)
    HAL_DMA_Abort                            0x08000fad   Thumb Code    76  stm32l0xx_hal_dma.o(i.HAL_DMA_Abort)
    HAL_DMA_Init                             0x08000ff9   Thumb Code   254  stm32l0xx_hal_dma.o(i.HAL_DMA_Init)
    HAL_Delay                                0x08001101   Thumb Code    10  mlm32l0xx_hal_msp.o(i.HAL_Delay)
    HAL_FLASHEx_DATAEEPROM_EnableFixedTimeProgram 0x0800110d   Thumb Code    12  stm32l0xx_hal_flash_ex.o(i.HAL_FLASHEx_DATAEEPROM_EnableFixedTimeProgram)
    HAL_FLASHEx_DATAEEPROM_Lock              0x0800111d   Thumb Code    14  stm32l0xx_hal_flash_ex.o(i.HAL_FLASHEx_DATAEEPROM_Lock)
    HAL_FLASHEx_DATAEEPROM_Unlock            0x08001131   Thumb Code    24  stm32l0xx_hal_flash_ex.o(i.HAL_FLASHEx_DATAEEPROM_Unlock)
    HAL_GPIO_EXTI_Callback                   0x08001155   Thumb Code     8  mlm32l0xx_hal_msp.o(i.HAL_GPIO_EXTI_Callback)
    HAL_GPIO_EXTI_IRQHandler                 0x0800115d   Thumb Code    18  stm32l0xx_hal_gpio.o(i.HAL_GPIO_EXTI_IRQHandler)
    HAL_GPIO_Init                            0x08001175   Thumb Code   356  stm32l0xx_hal_gpio.o(i.HAL_GPIO_Init)
    HAL_GPIO_WritePin                        0x080012f9   Thumb Code    12  stm32l0xx_hal_gpio.o(i.HAL_GPIO_WritePin)
    HAL_GetTick                              0x08001305   Thumb Code     6  stm32l0xx_hal.o(i.HAL_GetTick)
    HAL_I2C_DeInit                           0x08001311   Thumb Code    52  stm32l0xx_hal_i2c.o(i.HAL_I2C_DeInit)
    HAL_I2C_GetState                         0x08001345   Thumb Code     6  stm32l0xx_hal_i2c.o(i.HAL_I2C_GetState)
    HAL_I2C_Init                             0x0800134d   Thumb Code   176  stm32l0xx_hal_i2c.o(i.HAL_I2C_Init)
    HAL_I2C_Mem_Read                         0x08001401   Thumb Code   340  stm32l0xx_hal_i2c.o(i.HAL_I2C_Mem_Read)
    HAL_I2C_Mem_Write                        0x08001559   Thumb Code   334  stm32l0xx_hal_i2c.o(i.HAL_I2C_Mem_Write)
    HAL_I2C_MspDeInit                        0x080016ad   Thumb Code     2  stm32l0xx_hal_i2c.o(i.HAL_I2C_MspDeInit)
    HAL_I2C_MspInit                          0x080016af   Thumb Code     2  stm32l0xx_hal_i2c.o(i.HAL_I2C_MspInit)
    HAL_IncTick                              0x080016b1   Thumb Code    10  stm32l0xx_hal.o(i.HAL_IncTick)
    HAL_Init                                 0x080016c1   Thumb Code    26  stm32l0xx_hal.o(i.HAL_Init)
    HAL_InitTick                             0x080016e1   Thumb Code     4  mlm32l0xx_hal_msp.o(i.HAL_InitTick)
    HAL_MspInit                              0x080016e5   Thumb Code    40  mlm32l0xx_hal_msp.o(i.HAL_MspInit)
    HAL_NVIC_EnableIRQ                       0x08001715   Thumb Code    14  stm32l0xx_hal_cortex.o(i.HAL_NVIC_EnableIRQ)
    HAL_NVIC_SetPriority                     0x08001729   Thumb Code     8  stm32l0xx_hal_cortex.o(i.HAL_NVIC_SetPriority)
    HAL_PWREx_EnableFastWakeUp               0x08001731   Thumb Code    12  stm32l0xx_hal_pwr_ex.o(i.HAL_PWREx_EnableFastWakeUp)
    HAL_PWREx_EnableUltraLowPower            0x08001741   Thumb Code    12  stm32l0xx_hal_pwr_ex.o(i.HAL_PWREx_EnableUltraLowPower)
    HAL_PWR_DisablePVD                       0x08001751   Thumb Code    12  stm32l0xx_hal_pwr.o(i.HAL_PWR_DisablePVD)
    HAL_RCCEx_GetPeriphCLKFreq               0x08001761   Thumb Code   406  stm32l0xx_hal_rcc_ex.o(i.HAL_RCCEx_GetPeriphCLKFreq)
    HAL_RCCEx_PeriphCLKConfig                0x08001921   Thumb Code   382  stm32l0xx_hal_rcc_ex.o(i.HAL_RCCEx_PeriphCLKConfig)
    HAL_RCC_ClockConfig                      0x08001aad   Thumb Code   340  stm32l0xx_hal_rcc.o(i.HAL_RCC_ClockConfig)
    HAL_RCC_GetPCLK1Freq                     0x08001c15   Thumb Code    20  stm32l0xx_hal_rcc.o(i.HAL_RCC_GetPCLK1Freq)
    HAL_RCC_GetPCLK2Freq                     0x08001c35   Thumb Code    20  stm32l0xx_hal_rcc.o(i.HAL_RCC_GetPCLK2Freq)
    HAL_RCC_GetSysClockFreq                  0x08001c55   Thumb Code   100  stm32l0xx_hal_rcc.o(i.HAL_RCC_GetSysClockFreq)
    HAL_RCC_OscConfig                        0x08001ccd   Thumb Code  1116  stm32l0xx_hal_rcc.o(i.HAL_RCC_OscConfig)
    HAL_RNG_DeInit                           0x08002129   Thumb Code    44  stm32l0xx_hal_rng.o(i.HAL_RNG_DeInit)
    HAL_RNG_GenerateRandomNumber             0x08002155   Thumb Code   100  stm32l0xx_hal_rng.o(i.HAL_RNG_GenerateRandomNumber)
    HAL_RNG_Init                             0x080021b9   Thumb Code    64  stm32l0xx_hal_rng.o(i.HAL_RNG_Init)
    HAL_RNG_MspDeInit                        0x080021f9   Thumb Code     2  stm32l0xx_hal_rng.o(i.HAL_RNG_MspDeInit)
    HAL_RNG_MspInit                          0x080021fb   Thumb Code     2  stm32l0xx_hal_rng.o(i.HAL_RNG_MspInit)
    HAL_RTCEx_EnableBypassShadow             0x080021fd   Thumb Code    60  stm32l0xx_hal_rtc_ex.o(i.HAL_RTCEx_EnableBypassShadow)
    HAL_RTC_AlarmAEventCallback              0x08002239   Thumb Code     8  mlm32l0xx_hal_msp.o(i.HAL_RTC_AlarmAEventCallback)
    HAL_RTC_DeactivateAlarm                  0x08002241   Thumb Code   184  stm32l0xx_hal_rtc.o(i.HAL_RTC_DeactivateAlarm)
    HAL_RTC_GetDate                          0x080022f9   Thumb Code    68  stm32l0xx_hal_rtc.o(i.HAL_RTC_GetDate)
    HAL_RTC_GetTime                          0x0800233d   Thumb Code    88  stm32l0xx_hal_rtc.o(i.HAL_RTC_GetTime)
    HAL_RTC_Init                             0x08002399   Thumb Code   160  stm32l0xx_hal_rtc.o(i.HAL_RTC_Init)
    HAL_RTC_MspInit                          0x0800243d   Thumb Code    86  mlm32l0xx_hal_msp.o(i.HAL_RTC_MspInit)
    HAL_RTC_SetAlarm_IT                      0x08002499   Thumb Code   408  stm32l0xx_hal_rtc.o(i.HAL_RTC_SetAlarm_IT)
    HAL_RTC_SetDate                          0x08002639   Thumb Code   200  stm32l0xx_hal_rtc.o(i.HAL_RTC_SetDate)
    HAL_RTC_SetTime                          0x08002705   Thumb Code   234  stm32l0xx_hal_rtc.o(i.HAL_RTC_SetTime)
    HAL_RTC_WaitForSynchro                   0x080027f5   Thumb Code    52  stm32l0xx_hal_rtc.o(i.HAL_RTC_WaitForSynchro)
    HAL_SPI_DMAStop                          0x08002829   Thumb Code    54  stm32l0xx_hal_spi.o(i.HAL_SPI_DMAStop)
    HAL_SPI_Init                             0x0800285f   Thumb Code   132  stm32l0xx_hal_spi.o(i.HAL_SPI_Init)
    HAL_SPI_MspInit                          0x080028e5   Thumb Code   114  mlm32l0xx_hal_msp.o(i.HAL_SPI_MspInit)
    HAL_SPI_TransmitReceive                  0x08002965   Thumb Code   696  stm32l0xx_hal_spi.o(i.HAL_SPI_TransmitReceive)
    HAL_TIM_OC_ConfigChannel                 0x08002c1d   Thumb Code    80  stm32l0xx_hal_tim.o(i.HAL_TIM_OC_ConfigChannel)
    HAL_TIM_OC_Init                          0x08002c6d   Thumb Code    52  stm32l0xx_hal_tim.o(i.HAL_TIM_OC_Init)
    HAL_TIM_OC_MspInit                       0x08002ca1   Thumb Code    12  mlm32l0xx_hal_msp.o(i.HAL_TIM_OC_MspInit)
    HAL_TIM_OC_Stop                          0x08002cb1   Thumb Code    34  stm32l0xx_hal_tim.o(i.HAL_TIM_OC_Stop)
    HAL_UART_Init                            0x08002cd9   Thumb Code   108  stm32l0xx_hal_uart.o(i.HAL_UART_Init)
    HAL_UART_MspInit                         0x08002d45   Thumb Code     2  stm32l0xx_hal_uart.o(i.HAL_UART_MspInit)
    HAL_UART_Transmit                        0x08002d47   Thumb Code   200  stm32l0xx_hal_uart.o(i.HAL_UART_Transmit)
    HW_AdcInit                               0x08002e11   Thumb Code    74  mlm32l0xx_hw.o(i.HW_AdcInit)
    HW_EEPROM_Init                           0x08002e6d   Thumb Code    38  hw_eeprom.o(i.HW_EEPROM_Init)
    HW_GPIO_Init                             0x08002ed5   Thumb Code    80  hw_gpio.o(i.HW_GPIO_Init)
    HW_GPIO_IrqHandler                       0x08002f29   Thumb Code    22  hw_gpio.o(i.HW_GPIO_IrqHandler)
    HW_GPIO_SetIrq                           0x08002f45   Thumb Code    56  hw_gpio.o(i.HW_GPIO_SetIrq)
    HW_GPIO_Write                            0x08002f81   Thumb Code    10  hw_gpio.o(i.HW_GPIO_Write)
    HW_GpioInit                              0x08002f8d   Thumb Code   150  mlm32l0xx_hw.o(i.HW_GpioInit)
    HW_Init                                  0x0800303d   Thumb Code    66  mlm32l0xx_hw.o(i.HW_Init)
    HW_RTC_DelayMs                           0x08003085   Thumb Code    38  hw_rtc.o(i.HW_RTC_DelayMs)
    HW_RTC_GetMinimumTimeout                 0x08003151   Thumb Code     4  hw_rtc.o(i.HW_RTC_GetMinimumTimeout)
    HW_RTC_GetTimerContext                   0x08003155   Thumb Code     6  hw_rtc.o(i.HW_RTC_GetTimerContext)
    HW_RTC_GetTimerElapsedTime               0x08003161   Thumb Code    22  hw_rtc.o(i.HW_RTC_GetTimerElapsedTime)
    HW_RTC_GetTimerValue                     0x0800317d   Thumb Code    16  hw_rtc.o(i.HW_RTC_GetTimerValue)
    HW_RTC_Init                              0x0800318d   Thumb Code    34  hw_rtc.o(i.HW_RTC_Init)
    HW_RTC_IrqHandler                        0x080031b9   Thumb Code    54  hw_rtc.o(i.HW_RTC_IrqHandler)
    HW_RTC_SetAlarm                          0x080031f9   Thumb Code    34  hw_rtc.o(i.HW_RTC_SetAlarm)
    HW_RTC_SetTimerContext                   0x0800327d   Thumb Code    18  hw_rtc.o(i.HW_RTC_SetTimerContext)
    HW_RTC_StopAlarm                         0x080033ad   Thumb Code    36  hw_rtc.o(i.HW_RTC_StopAlarm)
    HW_SPI_ClearIRQ                          0x080033d9   Thumb Code   166  hw_spi.o(i.HW_SPI_ClearIRQ)
    HW_SPI_InOut                             0x08003489   Thumb Code    28  hw_spi.o(i.HW_SPI_InOut)
    HW_SPI_Init                              0x080034a9   Thumb Code    78  hw_spi.o(i.HW_SPI_Init)
    HW_SPI_IoInit                            0x08003509   Thumb Code    92  hw_spi.o(i.HW_SPI_IoInit)
    HW_SPI_IoNssSwInit                       0x08003569   Thumb Code    76  hw_spi.o(i.HW_SPI_IoNssSwInit)
    HW_SPI_Transmit_DMA_Stop                 0x080035bd   Thumb Code    36  hw_spi.o(i.HW_SPI_Transmit_DMA_Stop)
    HW_SetHSEasSysClock                      0x080035e5   Thumb Code    40  mlm32l0xx_hw.o(i.HW_SetHSEasSysClock)
    HW_SetHSIasSysClock                      0x08003611   Thumb Code    80  mlm32l0xx_hw.o(i.HW_SetHSIasSysClock)
    HW_TIM2_Init                             0x08003665   Thumb Code    84  hw_tim2.o(i.HW_TIM2_Init)
    HW_TIM2_Stop                             0x080036bd   Thumb Code    50  hw_tim2.o(i.HW_TIM2_Stop)
    HardFault_Handler                        0x080036f5   Thumb Code     4  mlm32l0xx_it.o(i.HardFault_Handler)
    LL_DMA_Init                              0x08003971   Thumb Code    94  stm32l0xx_ll_dma.o(i.LL_DMA_Init)
    LPM_SetOffMode                           0x08003a2d   Thumb Code    34  low_power_manager.o(i.LPM_SetOffMode)
    LPM_SetStopMode                          0x08003a55   Thumb Code    34  low_power_manager.o(i.LPM_SetStopMode)
    MSP_GetIRQn                              0x08003a7d   Thumb Code    48  mlm32l0xx_hal_msp.o(i.MSP_GetIRQn)
    NMI_Handler                              0x08003aad   Thumb Code     2  mlm32l0xx_it.o(i.NMI_Handler)
    PendSV_Handler                           0x08003af5   Thumb Code     2  mlm32l0xx_it.o(i.PendSV_Handler)
    RNG_LPUART1_IRQHandler                   0x08003b69   Thumb Code     8  mlm32l0xx_it.o(i.RNG_LPUART1_IRQHandler)
    RTC_Bcd2ToByte                           0x08003b71   Thumb Code    16  stm32l0xx_hal_rtc.o(i.RTC_Bcd2ToByte)
    RTC_ByteToBcd2                           0x08003b81   Thumb Code    22  stm32l0xx_hal_rtc.o(i.RTC_ByteToBcd2)
    RTC_EnterInitMode                        0x08003b97   Thumb Code    56  stm32l0xx_hal_rtc.o(i.RTC_EnterInitMode)
    RTC_IRQHandler                           0x08003bcf   Thumb Code     8  mlm32l0xx_it.o(i.RTC_IRQHandler)
    RxChainCalibration                       0x08003bd9   Thumb Code   138  sx1276.o(i.RxChainCalibration)
    SCH_SetEvt                               0x08003c6d   Thumb Code    24  scheduler.o(i.SCH_SetEvt)
    SCH_SetTask                              0x08003c89   Thumb Code    24  scheduler.o(i.SCH_SetTask)
    STLL_LowPower                            0x08003d57   Thumb Code    20  st_lowlevel.o(i.STLL_LowPower)
    STLL_SetClockSource                      0x08003d6b   Thumb Code    18  st_lowlevel.o(i.STLL_SetClockSource)
    STLL_SetEndOfTxFrame                     0x08003d7d   Thumb Code    10  st_lowlevel.o(i.STLL_SetEndOfTxFrame)
    STLL_TIM2_Stop                           0x08003d87   Thumb Code     8  st_lowlevel.o(i.STLL_TIM2_Stop)
    STLL_TX_IRQHandler_CB                    0x08003d91   Thumb Code   134  sgfxsx1276modulation-lib.o(i.STLL_TX_IRQHandler_CB)
    STLL_Transmit_DMA_Stop                   0x08003e21   Thumb Code     8  st_lowlevel.o(i.STLL_Transmit_DMA_Stop)
    SVC_Handler                              0x08003e29   Thumb Code     2  mlm32l0xx_it.o(i.SVC_Handler)
    SX1276BoardInit                          0x08003e2d   Thumb Code     6  sx1276.o(i.SX1276BoardInit)
    SX1276GetPaSelect                        0x08003e39   Thumb Code    12  mlm32l07x01.o(i.SX1276GetPaSelect)
    SX1276GetWakeTime                        0x08003e45   Thumb Code     4  mlm32l07x01.o(i.SX1276GetWakeTime)
    SX1276Init                               0x08003e49   Thumb Code   122  sx1276.o(i.SX1276Init)
    SX1276IoInit                             0x08003ed5   Thumb Code   112  mlm32l07x01.o(i.SX1276IoInit)
    SX1276IoIrqInit                          0x08003f55   Thumb Code    58  mlm32l07x01.o(i.SX1276IoIrqInit)
    SX1276OnDio0Irq                          0x08003f99   Thumb Code   560  sx1276.o(i.SX1276OnDio0Irq)
    SX1276OnDio1Irq                          0x080041d9   Thumb Code   204  sx1276.o(i.SX1276OnDio1Irq)
    SX1276OnDio2Irq                          0x080042ad   Thumb Code   170  sx1276.o(i.SX1276OnDio2Irq)
    SX1276OnDio3Irq                          0x08004365   Thumb Code    76  sx1276.o(i.SX1276OnDio3Irq)
    SX1276OnDio4Irq                          0x080043b9   Thumb Code    24  sx1276.o(i.SX1276OnDio4Irq)
    SX1276OnTimeoutIrq                       0x080043d5   Thumb Code   188  sx1276.o(i.SX1276OnTimeoutIrq)
    SX1276Read                               0x0800449d   Thumb Code    16  sx1276.o(i.SX1276Read)
    SX1276ReadBuffer                         0x080044ad   Thumb Code    66  sx1276.o(i.SX1276ReadBuffer)
    SX1276ReadFifo                           0x080044ef   Thumb Code    14  sx1276.o(i.SX1276ReadFifo)
    SX1276Reset                              0x080044fd   Thumb Code    74  sx1276.o(i.SX1276Reset)
    SX1276SetAntSw                           0x0800454d   Thumb Code    60  mlm32l07x01.o(i.SX1276SetAntSw)
    SX1276SetAntSwLowPower                   0x08004591   Thumb Code   110  mlm32l07x01.o(i.SX1276SetAntSwLowPower)
    SX1276SetChannel                         0x08004605   Thumb Code    72  sx1276.o(i.SX1276SetChannel)
    SX1276SetModem                           0x08004655   Thumb Code   110  sx1276.o(i.SX1276SetModem)
    SX1276SetOpMode                          0x080046c9   Thumb Code    86  sx1276.o(i.SX1276SetOpMode)
    SX1276SetPublicNetwork                   0x08004725   Thumb Code    32  sx1276.o(i.SX1276SetPublicNetwork)
    SX1276SetRfTxPower                       0x08004749   Thumb Code   166  mlm32l07x01.o(i.SX1276SetRfTxPower)
    SX1276SetXO                              0x080047ef   Thumb Code    40  mlm32l07x01.o(i.SX1276SetXO)
    SX1276Write                              0x08004817   Thumb Code    12  sx1276.o(i.SX1276Write)
    SX1276WriteBuffer                        0x08004823   Thumb Code    66  sx1276.o(i.SX1276WriteBuffer)
    SX1276WriteFifo                          0x08004865   Thumb Code    14  sx1276.o(i.SX1276WriteFifo)
    SysTick_Handler                          0x08004873   Thumb Code     8  mlm32l0xx_it.o(i.SysTick_Handler)
    SystemClock_Config                       0x0800487d   Thumb Code   130  mlm32l0xx_hw.o(i.SystemClock_Config)
    SystemInit                               0x08004909   Thumb Code    66  system_stm32l0xx.o(i.SystemInit)
    TimerInit                                0x08004b51   Thumb Code    18  timeserver.o(i.TimerInit)
    TimerIrqHandler                          0x08004b81   Thumb Code   122  timeserver.o(i.TimerIrqHandler)
    TimerStart                               0x08004c2d   Thumb Code   112  timeserver.o(i.TimerStart)
    TimerStop                                0x08004ca1   Thumb Code    96  timeserver.o(i.TimerStop)
    UART_AdvFeatureConfig                    0x08004d05   Thumb Code   202  stm32l0xx_hal_uart.o(i.UART_AdvFeatureConfig)
    UART_CheckIdleState                      0x08004dd1   Thumb Code    90  stm32l0xx_hal_uart.o(i.UART_CheckIdleState)
    UART_SetConfig                           0x08004e31   Thumb Code   510  stm32l0xx_hal_uart.o(i.UART_SetConfig)
    UART_WaitOnFlagUntilTimeout              0x08005061   Thumb Code    98  stm32l0xx_hal_uart.o(i.UART_WaitOnFlagUntilTimeout)
    __ARM_common_switch8                     0x080050c3   Thumb Code    26  hts221_driver_hl.o(i.__ARM_common_switch8)
    __scatterload_copy                       0x080050dd   Thumb Code    14  handlers.o(i.__scatterload_copy)
    __scatterload_null                       0x080050eb   Thumb Code     2  handlers.o(i.__scatterload_null)
    __scatterload_zeroinit                   0x080050ed   Thumb Code    14  handlers.o(i.__scatterload_zeroinit)
    main                                     0x08005201   Thumb Code   462  main.o(i.main)
    tiny_vsnprintf_like                      0x08005499   Thumb Code   338  tiny_vsnprintf.o(i.tiny_vsnprintf_like)
    vcom2_Init                               0x080055f5   Thumb Code    50  vcom2.o(i.vcom2_Init)
    vcom2_IoInit                             0x08005635   Thumb Code    50  vcom2.o(i.vcom2_IoInit)
    vcom2_Send                               0x08005669   Thumb Code   104  vcom2.o(i.vcom2_Send)
    RadioRegsInit                            0x080056d4   Data          48  sx1276.o(.constdata)
    FskBandwidths                            0x08005704   Data         176  sx1276.o(.constdata)
    BUTTON_IRQn                              0x080057b4   Data           1  b-l072z-lrwan1.o(.constdata)
    BUTTON_PIN                               0x080057b6   Data           2  b-l072z-lrwan1.o(.constdata)
    LED_PIN                                  0x080057b8   Data           8  b-l072z-lrwan1.o(.constdata)
    AHBPrescTable                            0x080057c0   Data          16  system_stm32l0xx.o(.constdata)
    PLLMulTable                              0x080057d0   Data           9  system_stm32l0xx.o(.constdata)
    APBPrescTable                            0x080057d9   Data           8  system_stm32l0xx.o(.constdata)
    Region$$Table$$Base                      0x080058b0   Number         0  anon$$obj.o(Region$$Table)
    Region$$Table$$Limit                     0x080058e0   Number         0  anon$$obj.o(Region$$Table)
    E2pData                                  0x08080004   Data          88  hw_eeprom.o(eeprom_sect)
    DioIrq                                   0x20000008   Data          24  sx1276.o(.data)
    BUTTON_PORT                              0x20000020   Data           4  b-l072z-lrwan1.o(.data)
    LED_PORT                                 0x20000024   Data          16  b-l072z-lrwan1.o(.data)
    SystemCoreClock                          0x2000004c   Data           4  system_stm32l0xx.o(.data)
    uwTick                                   0x20000050   Data           4  stm32l0xx_hal.o(.data)
    _BQ27441_SealFlag                        0x2000007c   Data           2  bq27441.o(.data)
    _BQ27441_UserConfigControl               0x2000007e   Data           2  bq27441.o(.data)
    _BQ27441_CalibrationRatio                0x20000084   Data           8  bq27441.o(.data)
    nextbit                                  0x200000a0   Data           4  sgfxsx1276modulation-lib.o(.data)
    modulationLibVersion                     0x200000a4   Data          23  sgfxsx1276modulation-lib.o(.data)
    SX1276                                   0x200001bc   Data         104  sx1276.o(.bss)
    TxTimeoutTimer                           0x20000224   Data          24  sx1276.o(.bss)
    RxTimeoutTimer                           0x2000023c   Data          24  sx1276.o(.bss)
    RxTimeoutSyncWord                        0x20000254   Data          24  sx1276.o(.bss)
    initEnergyStruct                         0x20000384   Data          14  main.o(.bss)
    energyStruct                             0x20000392   Data          88  main.o(.bss)
    hrng                                     0x200003ec   Data          12  main.o(.bss)
    WwdgHandle                               0x200003f8   Data          20  main.o(.bss)
    __initial_sp                             0x200018b8   Data           0  startup_stm32l072xx.o(STACK)



==============================================================================

Memory Map of the image

  Image Entry point : 0x080000c1

  Load Region LR_IROM1 (Base: 0x08000000, Size: 0x0000599c, Max: 0x00017000, ABSOLUTE)

    Execution Region ER_IROM1 (Exec base: 0x08000000, Load base: 0x08000000, Size: 0x000058e0, Max: 0x00017000, ABSOLUTE)

    Exec Addr    Load Addr    Size         Type   Attr      Idx    E Section Name        Object

    0x08000000   0x08000000   0x000000c0   Data   RO         6632    RESET               startup_stm32l072xx.o
    0x080000c0   0x080000c0   0x00000000   Code   RO        13615  * .ARM.Collect$$$$00000000  mc_p.l(entry.o)
    0x080000c0   0x080000c0   0x00000004   Code   RO        13956    .ARM.Collect$$$$00000001  mc_p.l(entry2.o)
    0x080000c4   0x080000c4   0x00000004   Code   RO        13959    .ARM.Collect$$$$00000004  mc_p.l(entry5.o)
    0x080000c8   0x080000c8   0x00000000   Code   RO        13961    .ARM.Collect$$$$00000008  mc_p.l(entry7b.o)
    0x080000c8   0x080000c8   0x00000000   Code   RO        13963    .ARM.Collect$$$$0000000A  mc_p.l(entry8b.o)
    0x080000c8   0x080000c8   0x00000008   Code   RO        13964    .ARM.Collect$$$$0000000B  mc_p.l(entry9a.o)
    0x080000d0   0x080000d0   0x00000000   Code   RO        13966    .ARM.Collect$$$$0000000D  mc_p.l(entry10a.o)
    0x080000d0   0x080000d0   0x00000000   Code   RO        13968    .ARM.Collect$$$$0000000F  mc_p.l(entry11a.o)
    0x080000d0   0x080000d0   0x00000004   Code   RO        13957    .ARM.Collect$$$$00002712  mc_p.l(entry2.o)
    0x080000d4   0x080000d4   0x0000001c   Code   RO         6633    .text               startup_stm32l072xx.o
    0x080000f0   0x080000f0   0x0000002c   Code   RO        13618    .text               mc_p.l(uidiv.o)
    0x0800011c   0x0800011c   0x00000060   Code   RO        13622    .text               mc_p.l(uldiv.o)
    0x0800017c   0x0800017c   0x00000024   Code   RO        13629    .text               mc_p.l(memcpya.o)
    0x080001a0   0x080001a0   0x00000024   Code   RO        13631    .text               mc_p.l(memseta.o)
    0x080001c4   0x080001c4   0x0000000e   Code   RO        13639    .text               mc_p.l(strlen.o)
    0x080001d2   0x080001d2   0x0000007c   Code   RO        13922    .text               mf_p.l(fdiv.o)
    0x0800024e   0x0800024e   0x00000016   Code   RO        13932    .text               mf_p.l(fflti.o)
    0x08000264   0x08000264   0x0000000e   Code   RO        13934    .text               mf_p.l(ffltui.o)
    0x08000272   0x08000272   0x00000032   Code   RO        13940    .text               mf_p.l(ffixi.o)
    0x080002a4   0x080002a4   0x00000028   Code   RO        13942    .text               mf_p.l(ffixui.o)
    0x080002cc   0x080002cc   0x00000020   Code   RO        13973    .text               mc_p.l(llshl.o)
    0x080002ec   0x080002ec   0x00000022   Code   RO        13975    .text               mc_p.l(llushr.o)
    0x0800030e   0x0800030e   0x00000000   Code   RO        13990    .text               mc_p.l(iusefp.o)
    0x0800030e   0x0800030e   0x00000082   Code   RO        13991    .text               mf_p.l(fepilogue.o)
    0x08000390   0x08000390   0x00000024   Code   RO        14003    .text               mc_p.l(init.o)
    0x080003b4   0x080003b4   0x0000006c   Code   RO        12266    i.BG96_Dma_IRQHandler  bg96.o
    0x08000420   0x08000420   0x000000cc   Code   RO        12294    i.BG96_IRQHandler   bg96.o
    0x080004ec   0x080004ec   0x00000044   Code   RO        12302    i.BG96_PrintDMA     bg96.o
    0x08000530   0x08000530   0x00000090   Code   RO        12332    i.BG96_StartDMA     bg96.o
    0x080005c0   0x080005c0   0x00000058   Code   RO        13021    i.BQ27441_Begin     bq27441.o
    0x08000618   0x08000618   0x00000012   Code   RO        13022    i.BQ27441_BlockDataChecksum  bq27441.o
    0x0800062a   0x0800062a   0x00000014   Code   RO        13023    i.BQ27441_BlockDataClass  bq27441.o
    0x0800063e   0x0800063e   0x00000018   Code   RO        13024    i.BQ27441_BlockDataControl  bq27441.o
    0x08000656   0x08000656   0x00000014   Code   RO        13025    i.BQ27441_BlockDataOffset  bq27441.o
    0x0800066a   0x0800066a   0x00000002   PAD
    0x0800066c   0x0800066c   0x00000064   Code   RO        13026    i.BQ27441_Capacity  bq27441.o
    0x080006d0   0x080006d0   0x00000034   Code   RO        13028    i.BQ27441_ComputeBlockChecksum  bq27441.o
    0x08000704   0x08000704   0x00000070   Code   RO        13029    i.BQ27441_Current   bq27441.o
    0x08000774   0x08000774   0x0000000c   Code   RO        13030    i.BQ27441_DeviceType  bq27441.o
    0x08000780   0x08000780   0x00000074   Code   RO        13032    i.BQ27441_EnterConfig  bq27441.o
    0x080007f4   0x080007f4   0x00000020   Code   RO        13033    i.BQ27441_ExecuteControlWord  bq27441.o
    0x08000814   0x08000814   0x00000060   Code   RO        13034    i.BQ27441_ExitConfig  bq27441.o
    0x08000874   0x08000874   0x0000000c   Code   RO        13036    i.BQ27441_Flags     bq27441.o
    0x08000880   0x08000880   0x0000002c   Code   RO        13039    i.BQ27441_I2C_Error  bq27441.o
    0x080008ac   0x080008ac   0x0000007c   Code   RO        13040    i.BQ27441_I2C_Init  bq27441.o
    0x08000928   0x08000928   0x000000b4   Code   RO        13041    i.BQ27441_I2C_MspInit  bq27441.o
    0x080009dc   0x080009dc   0x00000030   Code   RO        13042    i.BQ27441_I2C_ReadData  bq27441.o
    0x08000a0c   0x08000a0c   0x00000030   Code   RO        13043    i.BQ27441_I2C_WriteData  bq27441.o
    0x08000a3c   0x08000a3c   0x00000034   Code   RO        13050    i.BQ27441_ReadBytes  bq27441.o
    0x08000a70   0x08000a70   0x00000042   Code   RO        13051    i.BQ27441_ReadControlWord  bq27441.o
    0x08000ab2   0x08000ab2   0x0000001a   Code   RO        13053    i.BQ27441_ReadWord  bq27441.o
    0x08000acc   0x08000acc   0x0000000c   Code   RO        13058    i.BQ27441_Seal      bq27441.o
    0x08000ad8   0x08000ad8   0x0000001a   Code   RO        13059    i.BQ27441_Sealed    bq27441.o
    0x08000af2   0x08000af2   0x0000001a   Code   RO        13060    i.BQ27441_SetCapacity  bq27441.o
    0x08000b0c   0x08000b0c   0x0000000a   Code   RO        13072    i.BQ27441_SoftReset  bq27441.o
    0x08000b16   0x08000b16   0x0000000c   Code   RO        13074    i.BQ27441_Status    bq27441.o
    0x08000b22   0x08000b22   0x00000024   Code   RO        13076    i.BQ27441_Unseal    bq27441.o
    0x08000b46   0x08000b46   0x0000000c   Code   RO        13077    i.BQ27441_Voltage   bq27441.o
    0x08000b52   0x08000b52   0x00000014   Code   RO        13078    i.BQ27441_WriteBlockChecksum  bq27441.o
    0x08000b66   0x08000b66   0x00000018   Code   RO        13079    i.BQ27441_WriteBlockData  bq27441.o
    0x08000b7e   0x08000b7e   0x00000002   PAD
    0x08000b80   0x08000b80   0x00000034   Code   RO        13080    i.BQ27441_WriteBytes  bq27441.o
    0x08000bb4   0x08000bb4   0x000000a4   Code   RO        13081    i.BQ27441_WriteExtendedData  bq27441.o
    0x08000c58   0x08000c58   0x00000064   Code   RO         2770    i.BSP_LED_Init      b-l072z-lrwan1.o
    0x08000cbc   0x08000cbc   0x00000002   Code   RO        11841    i.BSP_sensor_Init   bsp.o
    0x08000cbe   0x08000cbe   0x00000002   PAD
    0x08000cc0   0x08000cc0   0x00000060   Code   RO        10797    i.DBG_Init          debug.o
    0x08000d20   0x08000d20   0x0000000c   Code   RO        11588    i.DMA1_Channel2_3_IRQHandler  mlm32l0xx_it.o
    0x08000d2c   0x08000d2c   0x00000008   Code   RO        11589    i.DMA1_Channel4_5_6_7_IRQHandler  mlm32l0xx_it.o
    0x08000d34   0x08000d34   0x00000010   Code   RO        11591    i.EXTI0_1_IRQHandler  mlm32l0xx_it.o
    0x08000d44   0x08000d44   0x00000010   Code   RO        11592    i.EXTI2_3_IRQHandler  mlm32l0xx_it.o
    0x08000d54   0x08000d54   0x0000005c   Code   RO        11593    i.EXTI4_15_IRQHandler  mlm32l0xx_it.o
    0x08000db0   0x08000db0   0x00000002   Code   RO        10798    i.Error_Handler     debug.o
    0x08000db2   0x08000db2   0x00000002   PAD
    0x08000db4   0x08000db4   0x000001c4   Code   RO         3551    i.HAL_ADC_Init      stm32l0xx_hal_adc.o
    0x08000f78   0x08000f78   0x00000002   Code   RO         3554    i.HAL_ADC_MspInit   stm32l0xx_hal_adc.o
    0x08000f7a   0x08000f7a   0x00000002   PAD
    0x08000f7c   0x08000f7c   0x00000010   Code   RO         3942    i.HAL_DBGMCU_DisableDBGSleepMode  stm32l0xx_hal.o
    0x08000f8c   0x08000f8c   0x00000010   Code   RO         3943    i.HAL_DBGMCU_DisableDBGStandbyMode  stm32l0xx_hal.o
    0x08000f9c   0x08000f9c   0x00000010   Code   RO         3944    i.HAL_DBGMCU_DisableDBGStopMode  stm32l0xx_hal.o
    0x08000fac   0x08000fac   0x0000004c   Code   RO         4270    i.HAL_DMA_Abort     stm32l0xx_hal_dma.o
    0x08000ff8   0x08000ff8   0x00000108   Code   RO         4276    i.HAL_DMA_Init      stm32l0xx_hal_dma.o
    0x08001100   0x08001100   0x0000000a   Code   RO        11388    i.HAL_Delay         mlm32l0xx_hal_msp.o
    0x0800110a   0x0800110a   0x00000002   PAD
    0x0800110c   0x0800110c   0x00000010   Code   RO         6167    i.HAL_FLASHEx_DATAEEPROM_EnableFixedTimeProgram  stm32l0xx_hal_flash_ex.o
    0x0800111c   0x0800111c   0x00000014   Code   RO         6169    i.HAL_FLASHEx_DATAEEPROM_Lock  stm32l0xx_hal_flash_ex.o
    0x08001130   0x08001130   0x00000024   Code   RO         6171    i.HAL_FLASHEx_DATAEEPROM_Unlock  stm32l0xx_hal_flash_ex.o
    0x08001154   0x08001154   0x00000008   Code   RO        11389    i.HAL_GPIO_EXTI_Callback  mlm32l0xx_hal_msp.o
    0x0800115c   0x0800115c   0x00000018   Code   RO         4209    i.HAL_GPIO_EXTI_IRQHandler  stm32l0xx_hal_gpio.o
    0x08001174   0x08001174   0x00000184   Code   RO         4210    i.HAL_GPIO_Init     stm32l0xx_hal_gpio.o
    0x080012f8   0x080012f8   0x0000000c   Code   RO         4214    i.HAL_GPIO_WritePin  stm32l0xx_hal_gpio.o
    0x08001304   0x08001304   0x0000000c   Code   RO         3953    i.HAL_GetTick       stm32l0xx_hal.o
    0x08001310   0x08001310   0x00000034   Code   RO         5646    i.HAL_I2C_DeInit    stm32l0xx_hal_i2c.o
    0x08001344   0x08001344   0x00000006   Code   RO         5654    i.HAL_I2C_GetState  stm32l0xx_hal_i2c.o
    0x0800134a   0x0800134a   0x00000002   PAD
    0x0800134c   0x0800134c   0x000000b4   Code   RO         5655    i.HAL_I2C_Init      stm32l0xx_hal_i2c.o
    0x08001400   0x08001400   0x00000158   Code   RO         5671    i.HAL_I2C_Mem_Read  stm32l0xx_hal_i2c.o
    0x08001558   0x08001558   0x00000154   Code   RO         5674    i.HAL_I2C_Mem_Write  stm32l0xx_hal_i2c.o
    0x080016ac   0x080016ac   0x00000002   Code   RO         5677    i.HAL_I2C_MspDeInit  stm32l0xx_hal_i2c.o
    0x080016ae   0x080016ae   0x00000002   Code   RO         5678    i.HAL_I2C_MspInit   stm32l0xx_hal_i2c.o
    0x080016b0   0x080016b0   0x00000010   Code   RO         3954    i.HAL_IncTick       stm32l0xx_hal.o
    0x080016c0   0x080016c0   0x00000020   Code   RO         3955    i.HAL_Init          stm32l0xx_hal.o
    0x080016e0   0x080016e0   0x00000004   Code   RO        11390    i.HAL_InitTick      mlm32l0xx_hal_msp.o
    0x080016e4   0x080016e4   0x00000030   Code   RO        11391    i.HAL_MspInit       mlm32l0xx_hal_msp.o
    0x08001714   0x08001714   0x00000014   Code   RO         4110    i.HAL_NVIC_EnableIRQ  stm32l0xx_hal_cortex.o
    0x08001728   0x08001728   0x00000008   Code   RO         4114    i.HAL_NVIC_SetPriority  stm32l0xx_hal_cortex.o
    0x08001730   0x08001730   0x00000010   Code   RO         4467    i.HAL_PWREx_EnableFastWakeUp  stm32l0xx_hal_pwr_ex.o
    0x08001740   0x08001740   0x00000010   Code   RO         4469    i.HAL_PWREx_EnableUltraLowPower  stm32l0xx_hal_pwr_ex.o
    0x08001750   0x08001750   0x00000010   Code   RO         4351    i.HAL_PWR_DisablePVD  stm32l0xx_hal_pwr.o
    0x08001760   0x08001760   0x000001c0   Code   RO         3827    i.HAL_RCCEx_GetPeriphCLKFreq  stm32l0xx_hal_rcc_ex.o
    0x08001920   0x08001920   0x0000018c   Code   RO         3830    i.HAL_RCCEx_PeriphCLKConfig  stm32l0xx_hal_rcc_ex.o
    0x08001aac   0x08001aac   0x00000168   Code   RO         3716    i.HAL_RCC_ClockConfig  stm32l0xx_hal_rcc.o
    0x08001c14   0x08001c14   0x00000020   Code   RO         3722    i.HAL_RCC_GetPCLK1Freq  stm32l0xx_hal_rcc.o
    0x08001c34   0x08001c34   0x00000020   Code   RO         3723    i.HAL_RCC_GetPCLK2Freq  stm32l0xx_hal_rcc.o
    0x08001c54   0x08001c54   0x00000078   Code   RO         3724    i.HAL_RCC_GetSysClockFreq  stm32l0xx_hal_rcc.o
    0x08001ccc   0x08001ccc   0x0000045c   Code   RO         3727    i.HAL_RCC_OscConfig  stm32l0xx_hal_rcc.o
    0x08002128   0x08002128   0x0000002c   Code   RO         6526    i.HAL_RNG_DeInit    stm32l0xx_hal_rng.o
    0x08002154   0x08002154   0x00000064   Code   RO         6528    i.HAL_RNG_GenerateRandomNumber  stm32l0xx_hal_rng.o
    0x080021b8   0x080021b8   0x00000040   Code   RO         6534    i.HAL_RNG_Init      stm32l0xx_hal_rng.o
    0x080021f8   0x080021f8   0x00000002   Code   RO         6535    i.HAL_RNG_MspDeInit  stm32l0xx_hal_rng.o
    0x080021fa   0x080021fa   0x00000002   Code   RO         6536    i.HAL_RNG_MspInit   stm32l0xx_hal_rng.o
    0x080021fc   0x080021fc   0x0000003c   Code   RO         4662    i.HAL_RTCEx_EnableBypassShadow  stm32l0xx_hal_rtc_ex.o
    0x08002238   0x08002238   0x00000008   Code   RO        11392    i.HAL_RTC_AlarmAEventCallback  mlm32l0xx_hal_msp.o
    0x08002240   0x08002240   0x000000b8   Code   RO         4523    i.HAL_RTC_DeactivateAlarm  stm32l0xx_hal_rtc.o
    0x080022f8   0x080022f8   0x00000044   Code   RO         4525    i.HAL_RTC_GetDate   stm32l0xx_hal_rtc.o
    0x0800233c   0x0800233c   0x0000005c   Code   RO         4527    i.HAL_RTC_GetTime   stm32l0xx_hal_rtc.o
    0x08002398   0x08002398   0x000000a4   Code   RO         4528    i.HAL_RTC_Init      stm32l0xx_hal_rtc.o
    0x0800243c   0x0800243c   0x0000005c   Code   RO        11394    i.HAL_RTC_MspInit   mlm32l0xx_hal_msp.o
    0x08002498   0x08002498   0x000001a0   Code   RO         4533    i.HAL_RTC_SetAlarm_IT  stm32l0xx_hal_rtc.o
    0x08002638   0x08002638   0x000000cc   Code   RO         4534    i.HAL_RTC_SetDate   stm32l0xx_hal_rtc.o
    0x08002704   0x08002704   0x000000f0   Code   RO         4535    i.HAL_RTC_SetTime   stm32l0xx_hal_rtc.o
    0x080027f4   0x080027f4   0x00000034   Code   RO         4536    i.HAL_RTC_WaitForSynchro  stm32l0xx_hal_rtc.o
    0x08002828   0x08002828   0x00000036   Code   RO         2959    i.HAL_SPI_DMAStop   stm32l0xx_hal_spi.o
    0x0800285e   0x0800285e   0x00000084   Code   RO         2965    i.HAL_SPI_Init      stm32l0xx_hal_spi.o
    0x080028e2   0x080028e2   0x00000002   PAD
    0x080028e4   0x080028e4   0x00000080   Code   RO        11395    i.HAL_SPI_MspInit   mlm32l0xx_hal_msp.o
    0x08002964   0x08002964   0x000002b8   Code   RO         2974    i.HAL_SPI_TransmitReceive  stm32l0xx_hal_spi.o
    0x08002c1c   0x08002c1c   0x00000050   Code   RO         4922    i.HAL_TIM_OC_ConfigChannel  stm32l0xx_hal_tim.o
    0x08002c6c   0x08002c6c   0x00000034   Code   RO         4926    i.HAL_TIM_OC_Init   stm32l0xx_hal_tim.o
    0x08002ca0   0x08002ca0   0x00000010   Code   RO        11396    i.HAL_TIM_OC_MspInit  mlm32l0xx_hal_msp.o
    0x08002cb0   0x08002cb0   0x00000028   Code   RO         4932    i.HAL_TIM_OC_Stop   stm32l0xx_hal_tim.o
    0x08002cd8   0x08002cd8   0x0000006c   Code   RO         3218    i.HAL_UART_Init     stm32l0xx_hal_uart.o
    0x08002d44   0x08002d44   0x00000002   Code   RO         3220    i.HAL_UART_MspInit  stm32l0xx_hal_uart.o
    0x08002d46   0x08002d46   0x000000c8   Code   RO         3226    i.HAL_UART_Transmit  stm32l0xx_hal_uart.o
    0x08002e0e   0x08002e0e   0x00000002   PAD
    0x08002e10   0x08002e10   0x0000005c   Code   RO        11464    i.HW_AdcInit        mlm32l0xx_hw.o
    0x08002e6c   0x08002e6c   0x00000030   Code   RO        11796    i.HW_EEPROM_Init    hw_eeprom.o
    0x08002e9c   0x08002e9c   0x00000038   Code   RO        10823    i.HW_GPIO_GetBitPos  hw_gpio.o
    0x08002ed4   0x08002ed4   0x00000054   Code   RO        10824    i.HW_GPIO_Init      hw_gpio.o
    0x08002f28   0x08002f28   0x0000001c   Code   RO        10825    i.HW_GPIO_IrqHandler  hw_gpio.o
    0x08002f44   0x08002f44   0x0000003c   Code   RO        10827    i.HW_GPIO_SetIrq    hw_gpio.o
    0x08002f80   0x08002f80   0x0000000a   Code   RO        10828    i.HW_GPIO_Write     hw_gpio.o
    0x08002f8a   0x08002f8a   0x00000002   PAD
    0x08002f8c   0x08002f8c   0x000000b0   Code   RO        11471    i.HW_GpioInit       mlm32l0xx_hw.o
    0x0800303c   0x0800303c   0x00000048   Code   RO        11472    i.HW_Init           mlm32l0xx_hw.o
    0x08003084   0x08003084   0x00000026   Code   RO        10880    i.HW_RTC_DelayMs    hw_rtc.o
    0x080030aa   0x080030aa   0x00000002   PAD
    0x080030ac   0x080030ac   0x000000a4   Code   RO        10882    i.HW_RTC_GetCalendarValue  hw_rtc.o
    0x08003150   0x08003150   0x00000004   Code   RO        10883    i.HW_RTC_GetMinimumTimeout  hw_rtc.o
    0x08003154   0x08003154   0x0000000c   Code   RO        10884    i.HW_RTC_GetTimerContext  hw_rtc.o
    0x08003160   0x08003160   0x0000001c   Code   RO        10885    i.HW_RTC_GetTimerElapsedTime  hw_rtc.o
    0x0800317c   0x0800317c   0x00000010   Code   RO        10886    i.HW_RTC_GetTimerValue  hw_rtc.o
    0x0800318c   0x0800318c   0x0000002c   Code   RO        10887    i.HW_RTC_Init       hw_rtc.o
    0x080031b8   0x080031b8   0x00000040   Code   RO        10888    i.HW_RTC_IrqHandler  hw_rtc.o
    0x080031f8   0x080031f8   0x00000022   Code   RO        10889    i.HW_RTC_SetAlarm   hw_rtc.o
    0x0800321a   0x0800321a   0x00000002   PAD
    0x0800321c   0x0800321c   0x00000060   Code   RO        10890    i.HW_RTC_SetConfig  hw_rtc.o
    0x0800327c   0x0800327c   0x00000018   Code   RO        10891    i.HW_RTC_SetTimerContext  hw_rtc.o
    0x08003294   0x08003294   0x00000118   Code   RO        10892    i.HW_RTC_StartWakeUpAlarm  hw_rtc.o
    0x080033ac   0x080033ac   0x0000002c   Code   RO        10893    i.HW_RTC_StopAlarm  hw_rtc.o
    0x080033d8   0x080033d8   0x000000b0   Code   RO        11010    i.HW_SPI_ClearIRQ   hw_spi.o
    0x08003488   0x08003488   0x00000020   Code   RO        11012    i.HW_SPI_InOut      hw_spi.o
    0x080034a8   0x080034a8   0x00000060   Code   RO        11013    i.HW_SPI_Init       hw_spi.o
    0x08003508   0x08003508   0x00000060   Code   RO        11015    i.HW_SPI_IoInit     hw_spi.o
    0x08003568   0x08003568   0x00000054   Code   RO        11017    i.HW_SPI_IoNssSwInit  hw_spi.o
    0x080035bc   0x080035bc   0x00000028   Code   RO        11019    i.HW_SPI_Transmit_DMA_Stop  hw_spi.o
    0x080035e4   0x080035e4   0x0000002c   Code   RO        11474    i.HW_SetHSEasSysClock  mlm32l0xx_hw.o
    0x08003610   0x08003610   0x00000054   Code   RO        11475    i.HW_SetHSIasSysClock  mlm32l0xx_hw.o
    0x08003664   0x08003664   0x00000058   Code   RO        11704    i.HW_TIM2_Init      hw_tim2.o
    0x080036bc   0x080036bc   0x00000038   Code   RO        11707    i.HW_TIM2_Stop      hw_tim2.o
    0x080036f4   0x080036f4   0x00000004   Code   RO        11594    i.HardFault_Handler  mlm32l0xx_it.o
    0x080036f8   0x080036f8   0x00000022   Code   RO         5697    i.I2C_Flush_TXDR    stm32l0xx_hal_i2c.o
    0x0800371a   0x0800371a   0x00000002   PAD
    0x0800371c   0x0800371c   0x00000074   Code   RO         5705    i.I2C_IsAcknowledgeFailed  stm32l0xx_hal_i2c.o
    0x08003790   0x08003790   0x0000006a   Code   RO         5708    i.I2C_RequestMemoryRead  stm32l0xx_hal_i2c.o
    0x080037fa   0x080037fa   0x0000006a   Code   RO         5709    i.I2C_RequestMemoryWrite  stm32l0xx_hal_i2c.o
    0x08003864   0x08003864   0x00000024   Code   RO         5712    i.I2C_TransferConfig  stm32l0xx_hal_i2c.o
    0x08003888   0x08003888   0x00000048   Code   RO         5713    i.I2C_WaitOnFlagUntilTimeout  stm32l0xx_hal_i2c.o
    0x080038d0   0x080038d0   0x0000004e   Code   RO         5715    i.I2C_WaitOnSTOPFlagUntilTimeout  stm32l0xx_hal_i2c.o
    0x0800391e   0x0800391e   0x00000052   Code   RO         5716    i.I2C_WaitOnTXISFlagUntilTimeout  stm32l0xx_hal_i2c.o
    0x08003970   0x08003970   0x00000068   Code   RO         6420    i.LL_DMA_Init       stm32l0xx_ll_dma.o
    0x080039d8   0x080039d8   0x00000018   Code   RO         6421    i.LL_DMA_SetPeriphRequest  stm32l0xx_ll_dma.o
    0x080039f0   0x080039f0   0x00000014   Code   RO        11020    i.LL_GPIO_SetPinMode  hw_spi.o
    0x08003a04   0x08003a04   0x00000014   Code   RO        11021    i.LL_GPIO_SetPinPull  hw_spi.o
    0x08003a18   0x08003a18   0x00000014   Code   RO        11022    i.LL_GPIO_SetPinSpeed  hw_spi.o
    0x08003a2c   0x08003a2c   0x00000028   Code   RO         6647    i.LPM_SetOffMode    low_power_manager.o
    0x08003a54   0x08003a54   0x00000028   Code   RO         6648    i.LPM_SetStopMode   low_power_manager.o
    0x08003a7c   0x08003a7c   0x00000030   Code   RO        11397    i.MSP_GetIRQn       mlm32l0xx_hal_msp.o
    0x08003aac   0x08003aac   0x00000002   Code   RO        11596    i.NMI_Handler       mlm32l0xx_it.o
    0x08003aae   0x08003aae   0x00000002   PAD
    0x08003ab0   0x08003ab0   0x00000044   Code   RO         4120    i.NVIC_SetPriority  stm32l0xx_hal_cortex.o
    0x08003af4   0x08003af4   0x00000002   Code   RO        11597    i.PendSV_Handler    mlm32l0xx_it.o
    0x08003af6   0x08003af6   0x00000002   PAD
    0x08003af8   0x08003af8   0x00000070   Code   RO         3728    i.RCC_SetFlashLatencyFromMSIRange  stm32l0xx_hal_rcc.o
    0x08003b68   0x08003b68   0x00000008   Code   RO        11598    i.RNG_LPUART1_IRQHandler  mlm32l0xx_it.o
    0x08003b70   0x08003b70   0x00000010   Code   RO         4537    i.RTC_Bcd2ToByte    stm32l0xx_hal_rtc.o
    0x08003b80   0x08003b80   0x00000016   Code   RO         4538    i.RTC_ByteToBcd2    stm32l0xx_hal_rtc.o
    0x08003b96   0x08003b96   0x00000038   Code   RO         4539    i.RTC_EnterInitMode  stm32l0xx_hal_rtc.o
    0x08003bce   0x08003bce   0x00000008   Code   RO        11599    i.RTC_IRQHandler    mlm32l0xx_it.o
    0x08003bd6   0x08003bd6   0x00000002   PAD
    0x08003bd8   0x08003bd8   0x00000094   Code   RO         1709    i.RxChainCalibration  sx1276.o
    0x08003c6c   0x08003c6c   0x0000001c   Code   RO         7098    i.SCH_SetEvt        scheduler.o
    0x08003c88   0x08003c88   0x0000001c   Code   RO         7099    i.SCH_SetTask       scheduler.o
    0x08003ca4   0x08003ca4   0x000000b2   Code   RO         2995    i.SPI_WaitOnFlagUntilTimeout  stm32l0xx_hal_spi.o
    0x08003d56   0x08003d56   0x00000014   Code   RO        12055    i.STLL_LowPower     st_lowlevel.o
    0x08003d6a   0x08003d6a   0x00000012   Code   RO        12074    i.STLL_SetClockSource  st_lowlevel.o
    0x08003d7c   0x08003d7c   0x0000000a   Code   RO        12075    i.STLL_SetEndOfTxFrame  st_lowlevel.o
    0x08003d86   0x08003d86   0x00000008   Code   RO        12079    i.STLL_TIM2_Stop    st_lowlevel.o
    0x08003d8e   0x08003d8e   0x00000002   PAD
    0x08003d90   0x08003d90   0x00000090   Code   RO        13437    i.STLL_TX_IRQHandler_CB  SgfxSTModemSx1276V123_CM0_Keil_O3.lib(sgfxsx1276modulation-lib.o)
    0x08003e20   0x08003e20   0x00000008   Code   RO        12081    i.STLL_Transmit_DMA_Stop  st_lowlevel.o
    0x08003e28   0x08003e28   0x00000002   Code   RO        11600    i.SVC_Handler       mlm32l0xx_it.o
    0x08003e2a   0x08003e2a   0x00000002   PAD
    0x08003e2c   0x08003e2c   0x0000000c   Code   RO         1710    i.SX1276BoardInit   sx1276.o
    0x08003e38   0x08003e38   0x0000000c   Code   RO         2836    i.SX1276GetPaSelect  mlm32l07x01.o
    0x08003e44   0x08003e44   0x00000004   Code   RO         2837    i.SX1276GetWakeTime  mlm32l07x01.o
    0x08003e48   0x08003e48   0x0000008c   Code   RO         1714    i.SX1276Init        sx1276.o
    0x08003ed4   0x08003ed4   0x00000080   Code   RO         2839    i.SX1276IoInit      mlm32l07x01.o
    0x08003f54   0x08003f54   0x00000044   Code   RO         2840    i.SX1276IoIrqInit   mlm32l07x01.o
    0x08003f98   0x08003f98   0x00000240   Code   RO         1716    i.SX1276OnDio0Irq   sx1276.o
    0x080041d8   0x080041d8   0x000000d4   Code   RO         1717    i.SX1276OnDio1Irq   sx1276.o
    0x080042ac   0x080042ac   0x000000b8   Code   RO         1718    i.SX1276OnDio2Irq   sx1276.o
    0x08004364   0x08004364   0x00000054   Code   RO         1719    i.SX1276OnDio3Irq   sx1276.o
    0x080043b8   0x080043b8   0x0000001c   Code   RO         1720    i.SX1276OnDio4Irq   sx1276.o
    0x080043d4   0x080043d4   0x000000c8   Code   RO         1722    i.SX1276OnTimeoutIrq  sx1276.o
    0x0800449c   0x0800449c   0x00000010   Code   RO         1724    i.SX1276Read        sx1276.o
    0x080044ac   0x080044ac   0x00000042   Code   RO         1725    i.SX1276ReadBuffer  sx1276.o
    0x080044ee   0x080044ee   0x0000000e   Code   RO         1726    i.SX1276ReadFifo    sx1276.o
    0x080044fc   0x080044fc   0x00000050   Code   RO         1728    i.SX1276Reset       sx1276.o
    0x0800454c   0x0800454c   0x00000044   Code   RO         2841    i.SX1276SetAntSw    mlm32l07x01.o
    0x08004590   0x08004590   0x00000074   Code   RO         2842    i.SX1276SetAntSwLowPower  mlm32l07x01.o
    0x08004604   0x08004604   0x00000050   Code   RO         1730    i.SX1276SetChannel  sx1276.o
    0x08004654   0x08004654   0x00000074   Code   RO         1733    i.SX1276SetModem    sx1276.o
    0x080046c8   0x080046c8   0x0000005c   Code   RO         1734    i.SX1276SetOpMode   sx1276.o
    0x08004724   0x08004724   0x00000024   Code   RO         1735    i.SX1276SetPublicNetwork  sx1276.o
    0x08004748   0x08004748   0x000000a6   Code   RO         2843    i.SX1276SetRfTxPower  mlm32l07x01.o
    0x080047ee   0x080047ee   0x00000028   Code   RO         2844    i.SX1276SetXO       mlm32l07x01.o
    0x08004816   0x08004816   0x0000000c   Code   RO         1745    i.SX1276Write       sx1276.o
    0x08004822   0x08004822   0x00000042   Code   RO         1746    i.SX1276WriteBuffer  sx1276.o
    0x08004864   0x08004864   0x0000000e   Code   RO         1747    i.SX1276WriteFifo   sx1276.o
    0x08004872   0x08004872   0x00000008   Code   RO        11601    i.SysTick_Handler   mlm32l0xx_it.o
    0x0800487a   0x0800487a   0x00000002   PAD
    0x0800487c   0x0800487c   0x0000008c   Code   RO        11480    i.SystemClock_Config  mlm32l0xx_hw.o
    0x08004908   0x08004908   0x00000054   Code   RO         2924    i.SystemInit        system_stm32l0xx.o
    0x0800495c   0x0800495c   0x00000060   Code   RO         4963    i.TIM_Base_SetConfig  stm32l0xx_hal_tim.o
    0x080049bc   0x080049bc   0x00000016   Code   RO         4964    i.TIM_CCxChannelCmd  stm32l0xx_hal_tim.o
    0x080049d2   0x080049d2   0x00000030   Code   RO         4972    i.TIM_OC1_SetConfig  stm32l0xx_hal_tim.o
    0x08004a02   0x08004a02   0x00000032   Code   RO         4973    i.TIM_OC2_SetConfig  stm32l0xx_hal_tim.o
    0x08004a34   0x08004a34   0x00000036   Code   RO         4974    i.TIM_OC3_SetConfig  stm32l0xx_hal_tim.o
    0x08004a6a   0x08004a6a   0x00000036   Code   RO         4975    i.TIM_OC4_SetConfig  stm32l0xx_hal_tim.o
    0x08004aa0   0x08004aa0   0x00000064   Code   RO        13446    i.TX_Write_Modu_Buffer  SgfxSTModemSx1276V123_CM0_Keil_O3.lib(sgfxsx1276modulation-lib.o)
    0x08004b04   0x08004b04   0x0000004c   Code   RO        13447    i.TX_Write_RampDown_Buffer  SgfxSTModemSx1276V123_CM0_Keil_O3.lib(sgfxsx1276modulation-lib.o)
    0x08004b50   0x08004b50   0x00000012   Code   RO         6866    i.TimerInit         timeserver.o
    0x08004b62   0x08004b62   0x00000002   PAD
    0x08004b64   0x08004b64   0x0000001c   Code   RO         6867    i.TimerInsertNewHeadTimer  timeserver.o
    0x08004b80   0x08004b80   0x00000080   Code   RO         6868    i.TimerIrqHandler   timeserver.o
    0x08004c00   0x08004c00   0x0000002c   Code   RO         6872    i.TimerSetTimeout   timeserver.o
    0x08004c2c   0x08004c2c   0x00000074   Code   RO         6874    i.TimerStart        timeserver.o
    0x08004ca0   0x08004ca0   0x00000064   Code   RO         6875    i.TimerStop         timeserver.o
    0x08004d04   0x08004d04   0x000000ca   Code   RO         3231    i.UART_AdvFeatureConfig  stm32l0xx_hal_uart.o
    0x08004dce   0x08004dce   0x00000002   PAD
    0x08004dd0   0x08004dd0   0x00000060   Code   RO         3232    i.UART_CheckIdleState  stm32l0xx_hal_uart.o
    0x08004e30   0x08004e30   0x00000230   Code   RO         3246    i.UART_SetConfig    stm32l0xx_hal_uart.o
    0x08005060   0x08005060   0x00000062   Code   RO         3248    i.UART_WaitOnFlagUntilTimeout  stm32l0xx_hal_uart.o
    0x080050c2   0x080050c2   0x0000001a   Code   RO          433    i.__ARM_common_switch8  hts221_driver_hl.o
    0x080050dc   0x080050dc   0x0000000e   Code   RO        14054    i.__scatterload_copy  mc_p.l(handlers.o)
    0x080050ea   0x080050ea   0x00000002   Code   RO        14055    i.__scatterload_null  mc_p.l(handlers.o)
    0x080050ec   0x080050ec   0x0000000e   Code   RO        14056    i.__scatterload_zeroinit  mc_p.l(handlers.o)
    0x080050fa   0x080050fa   0x00000002   PAD
    0x080050fc   0x080050fc   0x00000104   Code   RO        11774    i.ee_number         tiny_vsnprintf.o
    0x08005200   0x08005200   0x00000298   Code   RO        11117    i.main              main.o
    0x08005498   0x08005498   0x0000015c   Code   RO        11775    i.tiny_vsnprintf_like  tiny_vsnprintf.o
    0x080055f4   0x080055f4   0x00000040   Code   RO        12818    i.vcom2_Init        vcom2.o
    0x08005634   0x08005634   0x00000032   Code   RO        12820    i.vcom2_IoInit      vcom2.o
    0x08005666   0x08005666   0x00000002   PAD
    0x08005668   0x08005668   0x0000006c   Code   RO        12821    i.vcom2_Send        vcom2.o
    0x080056d4   0x080056d4   0x000000e0   Data   RO         1749    .constdata          sx1276.o
    0x080057b4   0x080057b4   0x0000000c   Data   RO         2776    .constdata          b-l072z-lrwan1.o
    0x080057c0   0x080057c0   0x00000019   Data   RO         2925    .constdata          system_stm32l0xx.o
    0x080057d9   0x080057d9   0x00000008   Data   RO         2926    .constdata          system_stm32l0xx.o
    0x080057e1   0x080057e1   0x00000007   Data   RO         6423    .constdata          stm32l0xx_ll_dma.o
    0x080057e8   0x080057e8   0x00000018   Data   RO        10898    .constdata          hw_rtc.o
    0x08005800   0x08005800   0x00000058   Data   RO        11800    .constdata          hw_eeprom.o
    0x08005858   0x08005858   0x00000007   Data   RO        12346    .constdata          bg96.o
    0x0800585f   0x0800585f   0x00000001   PAD
    0x08005860   0x08005860   0x0000004d   Data   RO        11776    .conststring        tiny_vsnprintf.o
    0x080058ad   0x080058ad   0x00000003   PAD
    0x080058b0   0x080058b0   0x00000030   Data   RO        14052    Region$$Table       anon$$obj.o


    Execution Region RW_IRAM1 (Exec base: 0x20000000, Load base: 0x080058e0, Size: 0x000018b8, Max: 0x00005000, ABSOLUTE)

    Exec Addr    Load Addr    Size         Type   Attr      Idx    E Section Name        Object

    0x20000000   0x080058e0   0x00000020   Data   RW         1750    .data               sx1276.o
    0x20000020   0x08005900   0x00000014   Data   RW         2777    .data               b-l072z-lrwan1.o
    0x20000034   0x08005914   0x00000018   Data   RW         2846    .data               mlm32l07x01.o
    0x2000004c   0x0800592c   0x00000004   Data   RW         2927    .data               system_stm32l0xx.o
    0x20000050   0x08005930   0x00000004   Data   RW         3965    .data               stm32l0xx_hal.o
    0x20000054   0x08005934   0x00000008   Data   RW         6649    .data               low_power_manager.o
    0x2000005c   0x0800593c   0x00000004   Data   RW         6877    .data               timeserver.o
    0x20000060   0x08005940   0x00000010   Data   RW         7103    .data               scheduler.o
    0x20000070   0x08005950   0x00000001   Data   RW        10899    .data               hw_rtc.o
    0x20000071   0x08005951   0x00000002   Data   RW        11482    .data               mlm32l0xx_hw.o
    0x20000073   0x08005953   0x00000001   PAD
    0x20000074   0x08005954   0x00000008   Data   RW        11777    .data               tiny_vsnprintf.o
    0x2000007c   0x0800595c   0x00000010   Data   RW        13085    .data               bq27441.o
    0x2000008c   0x0800596c   0x0000002f   Data   RW        13452    .data               SgfxSTModemSx1276V123_CM0_Keil_O3.lib(sgfxsx1276modulation-lib.o)
    0x200000bb   0x0800599b   0x00000001   PAD
    0x200000bc        -       0x000001b0   Zero   RW         1748    .bss                sx1276.o
    0x2000026c        -       0x00000040   Zero   RW        10829    .bss                hw_gpio.o
    0x200002ac        -       0x00000068   Zero   RW        10897    .bss                hw_rtc.o
    0x20000314        -       0x00000058   Zero   RW        11023    .bss                hw_spi.o
    0x2000036c        -       0x000000a0   Zero   RW        11129    .bss                main.o
    0x2000040c        -       0x00000040   Zero   RW        11398    .bss                mlm32l0xx_hal_msp.o
    0x2000044c        -       0x00000060   Zero   RW        11481    .bss                mlm32l0xx_hw.o
    0x200004ac        -       0x00000038   Zero   RW        11708    .bss                hw_tim2.o
    0x200004e4        -       0x0000019c   Zero   RW        12345    .bss                bg96.o
    0x20000680        -       0x0000011c   Zero   RW        12822    .bss                vcom2.o
    0x2000079c        -       0x00000098   Zero   RW        13084    .bss                bq27441.o
    0x20000834        -       0x00000c80   Zero   RW        13450    .bss                SgfxSTModemSx1276V123_CM0_Keil_O3.lib(sgfxsx1276modulation-lib.o)
    0x200014b4   0x0800599b   0x00000004   PAD
    0x200014b8        -       0x00000400   Zero   RW         6630    STACK               startup_stm32l072xx.o



  Load Region LR_IROM2 (Base: 0x08017000, Size: 0x00000000, Max: 0x00001000, ABSOLUTE)

    Execution Region ER_IROM2 (Exec base: 0x08017000, Load base: 0x08017000, Size: 0x00000000, Max: 0x00001000, ABSOLUTE)

    **** No section assigned to this execution region ****



  Load Region LR_IROM3 (Base: 0x08018000, Size: 0x00000000, Max: 0x00002000, ABSOLUTE)

    Execution Region ER_IROM3 (Exec base: 0x08018000, Load base: 0x08018000, Size: 0x00000000, Max: 0x00002000, ABSOLUTE)

    **** No section assigned to this execution region ****



  Load Region EEPROM (Base: 0x08080000, Size: 0x00000000, Max: 0xffffffff, ABSOLUTE)

    Execution Region EEPROM (Exec base: 0x08080000, Load base: 0x08080000, Size: 0x0000005c, Max: 0xffffffff, ABSOLUTE)

    Exec Addr    Load Addr    Size         Type   Attr      Idx    E Section Name        Object

    0x08080000        -       0x0000005c   Zero   RW        11801    eeprom_sect         hw_eeprom.o


==============================================================================

Image component sizes


      Code (inc. data)   RO Data    RW Data    ZI Data      Debug   Object Name

       100         12         12         20          0       2145   b-l072z-lrwan1.o
       524         50          7          0        412       6546   bg96.o
      1684        128          0         16        152      23360   bq27441.o
         2          0          0          0          0        446   bsp.o
        98          4          0          0          0       1371   debug.o
         0          0          0          0          0       4508   hts221_driver.o
        26          0          0          0          0         72   hts221_driver_hl.o
        48         10         88          0         92       1231   hw_eeprom.o
       238         28          0          0         64       3913   hw_gpio.o
       848        100         24          1        104       9974   hw_rtc.o
       584         48          0          0         88      20947   hw_spi.o
       144         10          0          0         56       1298   hw_tim2.o
         0          0          0          0          0       1428   lora.o
         0          0          0          0          0       3512   loramac.o
        80         12          0          8          0       3987   low_power_manager.o
       664        202          0          0        160      15876   main.o
       602         40          0         24          0      11595   mlm32l07x01.o
       362         32          0          0         64       5531   mlm32l0xx_hal_msp.o
       608         68          0          2         96       5066   mlm32l0xx_hw.o
       178          0          0          0          0       6551   mlm32l0xx_it.o
        56          8          0         16          0       2255   scheduler.o
        64          0          0          0          0       2963   st_lowlevel.o
        28          8        192          0       1024        652   startup_stm32l072xx.o
       108         30          0          4          0       4448   stm32l0xx_hal.o
       454         10          0          0          0       2161   stm32l0xx_hal_adc.o
        96         14          0          0          0      10080   stm32l0xx_hal_cortex.o
       340         10          0          0          0       2263   stm32l0xx_hal_dma.o
        72         22          0          0          0       1874   stm32l0xx_hal_flash_ex.o
       424         38          0          0          0       3159   stm32l0xx_hal_gpio.o
      1556         26          0          0          0      14764   stm32l0xx_hal_i2c.o
        16          4          0          0          0        549   stm32l0xx_hal_pwr.o
        32          8          0          0          0       1137   stm32l0xx_hal_pwr_ex.o
      1772        114          0          0          0       6968   stm32l0xx_hal_rcc.o
       844         56          0          0          0       3457   stm32l0xx_hal_rcc_ex.o
       212          0          0          0          0       3909   stm32l0xx_hal_rng.o
      1514         26          0          0          0       9912   stm32l0xx_hal_rtc.o
        60          0          0          0          0       1199   stm32l0xx_hal_rtc_ex.o
      1060          0          0          0          0       4559   stm32l0xx_hal_spi.o
       496         20          0          0          0       7535   stm32l0xx_hal_tim.o
      1266         80          0          0          0       7340   stm32l0xx_hal_uart.o
       128         10          7          0          0      16786   stm32l0xx_ll_dma.o
      2176        126        224         32        432     468195   sx1276.o
        84         18         33          4          0       1595   system_stm32l0xx.o
       434         18          0          4          0       5607   timeserver.o
       608         16         77          8          0       4522   tiny_vsnprintf.o
         0          0          0          0          0        564   trace.o
         0          0          0          0          0      28560   vcom.o
       222         18          0          0        284       3065   vcom2.o

    ----------------------------------------------------------------------
     20956       1424        716        140       3028     749435   Object Totals
         0          0         48          0          0          0   (incl. Generated)
        44          0          4          1          0          0   (incl. Padding)

    ----------------------------------------------------------------------

      Code (inc. data)   RO Data    RW Data    ZI Data      Debug   Library Member Name

       320         32          0         47       3200        212   sgfxsx1276modulation-lib.o
         0          0          0          0          0          0   entry.o
         0          0          0          0          0          0   entry10a.o
         0          0          0          0          0          0   entry11a.o
         8          4          0          0          0          0   entry2.o
         4          0          0          0          0          0   entry5.o
         0          0          0          0          0          0   entry7b.o
         0          0          0          0          0          0   entry8b.o
         8          4          0          0          0          0   entry9a.o
        30          0          0          0          0          0   handlers.o
        36          8          0          0          0         68   init.o
         0          0          0          0          0          0   iusefp.o
        32          0          0          0          0         68   llshl.o
        34          0          0          0          0         68   llushr.o
        36          0          0          0          0         60   memcpya.o
        36          0          0          0          0        100   memseta.o
        14          0          0          0          0         60   strlen.o
        44          0          0          0          0         72   uidiv.o
        96          0          0          0          0         84   uldiv.o
       124          0          0          0          0         72   fdiv.o
       130          0          0          0          0        144   fepilogue.o
        50          0          0          0          0         60   ffixi.o
        40          0          0          0          0         60   ffixui.o
        22          0          0          0          0         68   fflti.o
        14          0          0          0          0         68   ffltui.o

    ----------------------------------------------------------------------
      1080         48          0         48       3204       1264   Library Totals
         2          0          0          1          4          0   (incl. Padding)

    ----------------------------------------------------------------------

      Code (inc. data)   RO Data    RW Data    ZI Data      Debug   Library Name

       320         32          0         47       3200        212   SgfxSTModemSx1276V123_CM0_Keil_O3.lib
       378         16          0          0          0        580   mc_p.l
       380          0          0          0          0        472   mf_p.l

    ----------------------------------------------------------------------
      1080         48          0         48       3204       1264   Library Totals

    ----------------------------------------------------------------------

==============================================================================


      Code (inc. data)   RO Data    RW Data    ZI Data      Debug   

     22036       1472        716        188       6232     740159   Grand Totals
     22036       1472        716        188       6232     740159   ELF Image Totals
     22036       1472        716        188          0          0   ROM Totals

==============================================================================

    Total RO  Size (Code + RO Data)                22752 (  22.22kB)
    Total RW  Size (RW Data + ZI Data)              6420 (   6.27kB)
    Total ROM Size (Code + RO Data + RW Data)      22940 (  22.40kB)

==============================================================================

