<html>
<body>
<pre>
<h1>µVision Build Log</h1>
<h2>Tool Versions:</h2>
IDE-Version: µVision V5.30.0.0
Copyright (C) 2020 ARM Ltd and ARM Germany GmbH. All rights reserved.
License Information: Guus Leenders KU Leuven Flex license: MDK Professional 5.30 (Flex): 1 user(s) (mdk_pro) Operation stops: 22 Jul 2021
 
Tool Versions:
Toolchain:       MDK Professional 5.30 (Flex): 1 user(s)  Version: 5.30.0.0
Toolchain Path:  C:\Keil_v5\ARM\ARMCC\Bin
C Compiler:      Armcc.exe V5.06 update 6 (build 750)
Assembler:       Armasm.exe V5.06 update 6 (build 750)
Linker/Locator:  ArmLink.exe V5.06 update 6 (build 750)
Library Manager: ArmAr.exe V5.06 update 6 (build 750)
Hex Converter:   FromElf.exe V5.06 update 6 (build 750)
CPU DLL:         SARMCM3.DLL V5.30.0.0
Dialog DLL:      DARMCM1.DLL V1.19.3.0
Target DLL:      STLink\ST-LINKIII-KEIL_SWO.dll V3.0.7.0
Dialog DLL:      TARMCM1.DLL V1.14.2.0
 
<h2>Project:</h2>
C:\Users\guusl\Box\Werk\Doctoraat\Experiments\STM32 LRWAN1\Combo_LRWAN_SFOX\LoRaWAN-Sigfox-Send\MDK-ARM\Sgfx_push_button.uvprojx
Project File Date:  11/24/2020

<h2>Output:</h2>
*** Using Compiler 'V5.06 update 6 (build 750)', folder: 'C:\Keil_v5\ARM\ARMCC\Bin'
Rebuild target 'mlm32l07x01'
compiling HTS221_Driver_HL.c...
compiling HTS221_Driver.c...
compiling LPS22HB_Driver.c...
compiling LPS22HB_Driver_HL.c...
compiling LPS25HB_Driver_HL.c...
compiling LPS25HB_Driver.c...
compiling x_nucleo_iks01a2.c...
compiling x_nucleo_iks01a2_humidity.c...
compiling x_nucleo_iks01a2_pressure.c...
compiling sx1276.c...
compiling b-l072z-lrwan1.c...
compiling x_nucleo_iks01a2_temperature.c...
compiling system_stm32l0xx.c...
compiling mlm32l07x01.c...
compiling stm32l0xx_hal_spi.c...
compiling stm32l0xx_hal_uart.c...
compiling stm32l0xx_hal_adc.c...
compiling stm32l0xx_hal_rcc.c...
compiling stm32l0xx_hal.c...
compiling stm32l0xx_hal_rcc_ex.c...
compiling stm32l0xx_hal_cortex.c...
compiling stm32l0xx_hal_gpio.c...
compiling stm32l0xx_hal_pwr.c...
compiling stm32l0xx_hal_dma.c...
compiling stm32l0xx_hal_pwr_ex.c...
compiling stm32l0xx_hal_rtc.c...
compiling stm32l0xx_hal_rtc_ex.c...
compiling stm32l0xx_hal_tim.c...
compiling stm32l0xx_hal_tim_ex.c...
compiling stm32l0xx_hal_adc_ex.c...
compiling stm32l0xx_hal_uart_ex.c...
compiling stm32l0xx_hal_flash.c...
compiling stm32l0xx_hal_i2c.c...
compiling stm32l0xx_hal_flash_ex.c...
compiling stm32l0xx_ll_lpuart.c...
..\Drivers\STM32L0xx_HAL_Driver\Src\stm32l0xx_ll_lpuart.c(46): warning:  #47-D: incompatible redefinition of macro "assert_param"  (declared at line 306 of "..\inc\stm32l0xx_hal_conf.h")
  #define assert_param(expr) ((void)0U)
..\Drivers\STM32L0xx_HAL_Driver\Src\stm32l0xx_ll_lpuart.c: 1 warning, 0 errors
assembling startup_stm32l072xx.s...
compiling stm32l0xx_ll_rcc.c...
..\Drivers\STM32L0xx_HAL_Driver\Src\stm32l0xx_ll_rcc.c(44): warning:  #47-D: incompatible redefinition of macro "assert_param"  (declared at line 306 of "..\inc\stm32l0xx_hal_conf.h")
    #define assert_param(expr) ((void)0U)
..\Drivers\STM32L0xx_HAL_Driver\Src\stm32l0xx_ll_rcc.c: 1 warning, 0 errors
compiling queue.c...
compiling stm32l0xx_ll_dma.c...
..\Drivers\STM32L0xx_HAL_Driver\Src\stm32l0xx_ll_dma.c(45): warning:  #47-D: incompatible redefinition of macro "assert_param"  (declared at line 306 of "..\inc\stm32l0xx_hal_conf.h")
  #define assert_param(expr) ((void)0U)
..\Drivers\STM32L0xx_HAL_Driver\Src\stm32l0xx_ll_dma.c: 1 warning, 0 errors
compiling stm32l0xx_ll_spi.c...
..\Drivers\STM32L0xx_HAL_Driver\Src\stm32l0xx_ll_spi.c(47): warning:  #47-D: incompatible redefinition of macro "assert_param"  (declared at line 306 of "..\inc\stm32l0xx_hal_conf.h")
  #define assert_param(expr) ((void)0U)
..\Drivers\STM32L0xx_HAL_Driver\Src\stm32l0xx_ll_spi.c: 1 warning, 0 errors
compiling low_power_manager.c...
compiling systime.c...
compiling timeServer.c...
compiling sigfox_data.c...
compiling se_nvm.c...
compiling trace.c...
compiling utilities.c...
compiling scheduler.c...
compiling LoRaMacAdr.c...
compiling LoRaMac.c...
compiling LoRaMacClassB.c...
compiling LoRaMacCommands.c...
compiling LoRaMacConfirmQueue.c...
compiling LoRaMacCrypto.c...
compiling LoRaMacParser.c...
compiling LoRaMacSerializer.c...
compiling Region.c...
compiling RegionAU915.c...
compiling RegionAS923.c...
compiling RegionCN470.c...
compiling RegionCN779.c...
compiling RegionCommon.c...
compiling RegionEU433.c...
compiling RegionEU868.c...
compiling RegionIN865.c...
compiling RegionRU864.c...
compiling RegionKR920.c...
compiling aes.c...
compiling RegionUS915.c...
compiling cmac.c...
compiling soft-se.c...
compiling lora.c...
compiling lora-test.c...
compiling debug.c...
compiling hw_gpio.c...
compiling hw_rtc.c...
compiling hw_spi.c...
compiling mlm32l0xx_hal_msp.c...
compiling vcom.c...
compiling main.c...
compiling tiny_sscanf.c...
compiling tiny_vsnprintf.c...
compiling hw_tim2.c...
compiling mlm32l0xx_hw.c...
compiling hw_eeprom.c...
compiling mlm32l0xx_it.c...
compiling mcu_api.c...
..\Common\cwmx1zzabz\Radio_Sigfox_Driver\mcu_api.c(224): warning:  #167-D: argument of type "void (*)(void)" is incompatible with parameter of type "void (*)(void *)"
    TimerInit( &Timer_TimeoutCs, OnTimerTimeoutCsEvt );
..\Common\cwmx1zzabz\Radio_Sigfox_Driver\mcu_api.c(236): warning:  #167-D: argument of type "void (*)(void)" is incompatible with parameter of type "void (*)(void *)"
    TimerInit( &Timer_Timeout, OnTimerTimeoutEvt );
..\Common\cwmx1zzabz\Radio_Sigfox_Driver\mcu_api.c(334): warning:  #167-D: argument of type "void (*)(void)" is incompatible with parameter of type "void (*)(void *)"
      TimerInit( &Timer_delayMs, OnTimerDelayEvt );
..\Common\cwmx1zzabz\Radio_Sigfox_Driver\mcu_api.c: 3 warnings, 0 errors
compiling bsp.c...
compiling rf_api.c...
compiling util.c...
..\src\util.c(41): warning:  #1293-D: assignment in condition
  	if (!(*result = (char *)malloc(binsz * 2 + 1))){
..\src\util.c(63): warning:  #1293-D: assignment in condition
  	if (!(*result = (char *)malloc(binsz * 2 + 1))){
..\src\util.c: 2 warnings, 0 errors
compiling st_lowlevel.c...
..\Common\cwmx1zzabz\Radio_Sigfox_Driver\st_lowlevel.c(126): warning:  #167-D: argument of type "void (*)(void)" is incompatible with parameter of type "GpioIrqHandler *"
    HW_GPIO_SetIrq( RADIO_DIO_0_PORT, RADIO_DIO_0_PIN, IRQ_PRIORITY_RADIO, RADIO_rx_packet_interrupt_handler );
..\Common\cwmx1zzabz\Radio_Sigfox_Driver\st_lowlevel.c(127): warning:  #167-D: argument of type "void (*)(void)" is incompatible with parameter of type "GpioIrqHandler *"
    HW_GPIO_SetIrq( RADIO_DIO_4_PORT, RADIO_DIO_4_PIN, IRQ_PRIORITY_RADIO, STLL_RX_SYNC_IRQHandler_CB );
..\Common\cwmx1zzabz\Radio_Sigfox_Driver\st_lowlevel.c: 2 warnings, 0 errors
compiling ltc2942.c...
compiling vcom2.c...
..\src\vcom2.c(106): warning:  #177-D: variable "lenTop"  was declared but never referenced
    uint8_t lenTop;
..\src\vcom2.c(109): warning:  #550-D: variable "freebuff"  was set but never used
    int32_t freebuff;
..\src\vcom2.c: 2 warnings, 0 errors
compiling bg96.c...
linking...
Program Size: Code=75582 RO-data=4566 RW-data=372 ZI-data=10216  
FromELF: creating hex file...
".\mlm32l07x01Lib\DISCO_CUBE_SGFX_WLIB.axf" - 0 Error(s), 13 Warning(s).

<h2>Software Packages used:</h2>

Package Vendor: Keil
                http://www.keil.com/pack/Keil.STM32L0xx_DFP.2.0.1.pack
                Keil.STM32L0xx_DFP.2.0.1
                STMicroelectronics STM32L0 Series Device Support, Drivers and Examples

<h2>Collection of Component include folders:</h2>
  .\RTE\_mlm32l07x01
  C:\Users\guusl\AppData\Local\Arm\Packs\Keil\STM32L0xx_DFP\2.0.1\Drivers\CMSIS\Device\ST\STM32L0xx\Include

<h2>Collection of Component Files used:</h2>
Build Time Elapsed:  00:01:48
</pre>
</body>
</html>
